-- Found ament_cmake: 1.3.5 (/opt/ros/humble/share/ament_cmake/cmake)
-- Found ament_lint_auto: 0.12.8 (/opt/ros/humble/share/ament_lint_auto/cmake)
-- Added test 'cppcheck' to perform static code analysis on C / C++ code
-- Configured cppcheck include dirs: 
-- Configured cppcheck exclude dirs and/or files: 
-- Added test 'flake8' to check Python code syntax and style conventions
-- Added test 'lint_cmake' to check CMake code style
-- Added test 'pep257' to check Python code against some of the docstring style conventions in PEP 257
-- Added test 'uncrustify' to check C / C++ code style
-- Configured uncrustify additional arguments: 
-- Added test 'xmllint' to check XML markup files
-- Configuring done
-- Generating done
-- Build files have been written to: /home/leo/ROS/ws/build/2023_AMR
-- Install configuration: ""
-- Installing: /home/leo/ROS/ws/install/2023_AMR/share/ament_index/resource_index/package_run_dependencies/2023_AMR
-- Installing: /home/leo/ROS/ws/install/2023_AMR/share/ament_index/resource_index/parent_prefix_path/2023_AMR
-- Installing: /home/leo/ROS/ws/install/2023_AMR/share/2023_AMR/environment/ament_prefix_path.sh
-- Installing: /home/leo/ROS/ws/install/2023_AMR/share/2023_AMR/environment/ament_prefix_path.dsv
-- Installing: /home/leo/ROS/ws/install/2023_AMR/share/2023_AMR/environment/path.sh
-- Installing: /home/leo/ROS/ws/install/2023_AMR/share/2023_AMR/environment/path.dsv
-- Installing: /home/leo/ROS/ws/install/2023_AMR/share/2023_AMR/local_setup.bash
-- Installing: /home/leo/ROS/ws/install/2023_AMR/share/2023_AMR/local_setup.sh
-- Installing: /home/leo/ROS/ws/install/2023_AMR/share/2023_AMR/local_setup.zsh
-- Installing: /home/leo/ROS/ws/install/2023_AMR/share/2023_AMR/local_setup.dsv
-- Installing: /home/leo/ROS/ws/install/2023_AMR/share/2023_AMR/package.dsv
-- Installing: /home/leo/ROS/ws/install/2023_AMR/share/ament_index/resource_index/packages/2023_AMR
-- Installing: /home/leo/ROS/ws/install/2023_AMR/share/2023_AMR/cmake/2023_AMRConfig.cmake
-- Installing: /home/leo/ROS/ws/install/2023_AMR/share/2023_AMR/cmake/2023_AMRConfig-version.cmake
-- Installing: /home/leo/ROS/ws/install/2023_AMR/share/2023_AMR/package.xml
