[0.097s] Invoking command in '/home/leo/ROS/ws/build/2023_AMR': CMAKE_PREFIX_PATH=${CMAKE_PREFIX_PATH}:/opt/ros/humble /usr/bin/cmake /home/leo/ROS/ws/src/2023_AMR -DCMAKE_INSTALL_PREFIX=/home/leo/ROS/ws/install/2023_AMR
[0.108s] -- Found ament_cmake: 1.3.5 (/opt/ros/humble/share/ament_cmake/cmake)
[0.241s] -- Found ament_lint_auto: 0.12.8 (/opt/ros/humble/share/ament_lint_auto/cmake)
[0.286s] WARNING: Package name "2023_AMR" does not follow the naming conventions. It should start with a lower case letter and only contain lower case letters, digits, underscores, and dashes.
[0.320s] -- Added test 'cppcheck' to perform static code analysis on C / C++ code
[0.321s] -- Configured cppcheck include dirs: 
[0.321s] -- Configured cppcheck exclude dirs and/or files: 
[0.322s] -- Added test 'flake8' to check Python code syntax and style conventions
[0.323s] -- Added test 'lint_cmake' to check CMake code style
[0.325s] -- Added test 'pep257' to check Python code against some of the docstring style conventions in PEP 257
[0.331s] -- Added test 'uncrustify' to check C / C++ code style
[0.331s] -- Configured uncrustify additional arguments: 
[0.332s] -- Added test 'xmllint' to check XML markup files
[0.333s] -- Configuring done
[0.337s] -- Generating done
[0.338s] -- Build files have been written to: /home/leo/ROS/ws/build/2023_AMR
[0.341s] Invoked command in '/home/leo/ROS/ws/build/2023_AMR' returned '0': CMAKE_PREFIX_PATH=${CMAKE_PREFIX_PATH}:/opt/ros/humble /usr/bin/cmake /home/leo/ROS/ws/src/2023_AMR -DCMAKE_INSTALL_PREFIX=/home/leo/ROS/ws/install/2023_AMR
[0.343s] Invoking command in '/home/leo/ROS/ws/build/2023_AMR': CMAKE_PREFIX_PATH=${CMAKE_PREFIX_PATH}:/opt/ros/humble /usr/bin/cmake --build /home/leo/ROS/ws/build/2023_AMR -- -j16 -l16
[0.387s] Invoked command in '/home/leo/ROS/ws/build/2023_AMR' returned '0': CMAKE_PREFIX_PATH=${CMAKE_PREFIX_PATH}:/opt/ros/humble /usr/bin/cmake --build /home/leo/ROS/ws/build/2023_AMR -- -j16 -l16
[0.411s] Invoking command in '/home/leo/ROS/ws/build/2023_AMR': CMAKE_PREFIX_PATH=${CMAKE_PREFIX_PATH}:/opt/ros/humble /usr/bin/cmake --install /home/leo/ROS/ws/build/2023_AMR
[0.419s] -- Install configuration: ""
[0.419s] -- Installing: /home/leo/ROS/ws/install/2023_AMR/share/ament_index/resource_index/package_run_dependencies/2023_AMR
[0.419s] -- Installing: /home/leo/ROS/ws/install/2023_AMR/share/ament_index/resource_index/parent_prefix_path/2023_AMR
[0.420s] -- Installing: /home/leo/ROS/ws/install/2023_AMR/share/2023_AMR/environment/ament_prefix_path.sh
[0.420s] -- Installing: /home/leo/ROS/ws/install/2023_AMR/share/2023_AMR/environment/ament_prefix_path.dsv
[0.420s] -- Installing: /home/leo/ROS/ws/install/2023_AMR/share/2023_AMR/environment/path.sh
[0.420s] -- Installing: /home/leo/ROS/ws/install/2023_AMR/share/2023_AMR/environment/path.dsv
[0.420s] -- Installing: /home/leo/ROS/ws/install/2023_AMR/share/2023_AMR/local_setup.bash
[0.420s] -- Installing: /home/leo/ROS/ws/install/2023_AMR/share/2023_AMR/local_setup.sh
[0.420s] -- Installing: /home/leo/ROS/ws/install/2023_AMR/share/2023_AMR/local_setup.zsh
[0.420s] -- Installing: /home/leo/ROS/ws/install/2023_AMR/share/2023_AMR/local_setup.dsv
[0.421s] -- Installing: /home/leo/ROS/ws/install/2023_AMR/share/2023_AMR/package.dsv
[0.421s] -- Installing: /home/leo/ROS/ws/install/2023_AMR/share/ament_index/resource_index/packages/2023_AMR
[0.421s] -- Installing: /home/leo/ROS/ws/install/2023_AMR/share/2023_AMR/cmake/2023_AMRConfig.cmake
[0.421s] -- Installing: /home/leo/ROS/ws/install/2023_AMR/share/2023_AMR/cmake/2023_AMRConfig-version.cmake
[0.421s] -- Installing: /home/leo/ROS/ws/install/2023_AMR/share/2023_AMR/package.xml
[0.424s] Invoked command in '/home/leo/ROS/ws/build/2023_AMR' returned '0': CMAKE_PREFIX_PATH=${CMAKE_PREFIX_PATH}:/opt/ros/humble /usr/bin/cmake --install /home/leo/ROS/ws/build/2023_AMR
