[0.732s] DEBUG:colcon:Command line arguments: ['/usr/bin/colcon', 'build']
[0.732s] DEBUG:colcon:Parsed command line arguments: Namespace(log_base=None, log_level=None, verb_name='build', build_base='build', install_base='install', merge_install=False, symlink_install=False, test_result_base=None, continue_on_error=False, executor='parallel', parallel_workers=16, event_handlers=None, ignore_user_meta=False, metas=['./colcon.meta'], base_paths=['.'], packages_ignore=None, packages_ignore_regex=None, paths=None, packages_up_to=None, packages_up_to_regex=None, packages_above=None, packages_above_and_dependencies=None, packages_above_depth=None, packages_select_by_dep=None, packages_skip_by_dep=None, packages_skip_up_to=None, packages_select_build_failed=False, packages_skip_build_finished=False, packages_select_test_failures=False, packages_skip_test_passed=False, packages_select=None, packages_skip=None, packages_select_regex=None, packages_skip_regex=None, packages_start=None, packages_end=None, allow_overriding=[], cmake_args=None, cmake_target=None, cmake_target_skip_unavailable=False, cmake_clean_cache=False, cmake_clean_first=False, cmake_force_configure=False, ament_cmake_args=None, catkin_cmake_args=None, catkin_skip_building_tests=False, verb_parser=<colcon_defaults.argument_parser.defaults.DefaultArgumentsDecorator object at 0x7effd45d73a0>, verb_extension=<colcon_core.verb.build.BuildVerb object at 0x7effd48cc280>, main=<bound method BuildVerb.main of <colcon_core.verb.build.BuildVerb object at 0x7effd48cc280>>)
[0.767s] Level 1:colcon.colcon_core.package_discovery:discover_packages(colcon_meta) check parameters
[0.767s] Level 1:colcon.colcon_core.package_discovery:discover_packages(recursive) check parameters
[0.767s] Level 1:colcon.colcon_core.package_discovery:discover_packages(ignore) check parameters
[0.767s] Level 1:colcon.colcon_core.package_discovery:discover_packages(path) check parameters
[0.767s] Level 1:colcon.colcon_core.package_discovery:discover_packages(colcon_meta) discover
[0.767s] Level 1:colcon.colcon_core.package_discovery:discover_packages(recursive) discover
[0.767s] INFO:colcon.colcon_core.package_discovery:Crawling recursively for packages in '/home/leo/ROS'
[0.767s] Level 1:colcon.colcon_core.package_identification:_identify(.) by extensions ['ignore', 'ignore_ament_install']
[0.767s] Level 1:colcon.colcon_core.package_identification:_identify(.) by extension 'ignore'
[0.767s] Level 1:colcon.colcon_core.package_identification:_identify(.) by extension 'ignore_ament_install'
[0.767s] Level 1:colcon.colcon_core.package_identification:_identify(.) by extensions ['colcon_pkg']
[0.767s] Level 1:colcon.colcon_core.package_identification:_identify(.) by extension 'colcon_pkg'
[0.767s] Level 1:colcon.colcon_core.package_identification:_identify(.) by extensions ['colcon_meta']
[0.767s] Level 1:colcon.colcon_core.package_identification:_identify(.) by extension 'colcon_meta'
[0.768s] Level 1:colcon.colcon_core.package_identification:_identify(.) by extensions ['ros']
[0.768s] Level 1:colcon.colcon_core.package_identification:_identify(.) by extension 'ros'
[0.777s] Level 1:colcon.colcon_core.package_identification:_identify(.) by extensions ['cmake', 'python']
[0.777s] Level 1:colcon.colcon_core.package_identification:_identify(.) by extension 'cmake'
[0.777s] Level 1:colcon.colcon_core.package_identification:_identify(.) by extension 'python'
[0.777s] Level 1:colcon.colcon_core.package_identification:_identify(.) by extensions ['python_setup_py']
[0.777s] Level 1:colcon.colcon_core.package_identification:_identify(.) by extension 'python_setup_py'
[0.777s] Level 1:colcon.colcon_core.package_identification:_identify(2023_AMR) by extensions ['ignore', 'ignore_ament_install']
[0.777s] Level 1:colcon.colcon_core.package_identification:_identify(2023_AMR) by extension 'ignore'
[0.777s] Level 1:colcon.colcon_core.package_identification:_identify(2023_AMR) by extension 'ignore_ament_install'
[0.777s] Level 1:colcon.colcon_core.package_identification:_identify(2023_AMR) by extensions ['colcon_pkg']
[0.777s] Level 1:colcon.colcon_core.package_identification:_identify(2023_AMR) by extension 'colcon_pkg'
[0.777s] Level 1:colcon.colcon_core.package_identification:_identify(2023_AMR) by extensions ['colcon_meta']
[0.777s] Level 1:colcon.colcon_core.package_identification:_identify(2023_AMR) by extension 'colcon_meta'
[0.777s] Level 1:colcon.colcon_core.package_identification:_identify(2023_AMR) by extensions ['ros']
[0.777s] Level 1:colcon.colcon_core.package_identification:_identify(2023_AMR) by extension 'ros'
[0.779s] DEBUG:colcon.colcon_core.package_identification:Package '2023_AMR' with type 'ros.ament_cmake' and name '2023_AMR'
[0.780s] Level 1:colcon.colcon_core.package_identification:_identify(build) by extensions ['ignore', 'ignore_ament_install']
[0.780s] Level 1:colcon.colcon_core.package_identification:_identify(build) by extension 'ignore'
[0.780s] Level 1:colcon.colcon_core.package_identification:_identify(build) ignored
[0.780s] Level 1:colcon.colcon_core.package_identification:_identify(install) by extensions ['ignore', 'ignore_ament_install']
[0.780s] Level 1:colcon.colcon_core.package_identification:_identify(install) by extension 'ignore'
[0.780s] Level 1:colcon.colcon_core.package_identification:_identify(install) ignored
[0.780s] Level 1:colcon.colcon_core.package_identification:_identify(log) by extensions ['ignore', 'ignore_ament_install']
[0.780s] Level 1:colcon.colcon_core.package_identification:_identify(log) by extension 'ignore'
[0.780s] Level 1:colcon.colcon_core.package_identification:_identify(log) ignored
[0.780s] Level 1:colcon.colcon_core.package_identification:_identify(ws) by extensions ['ignore', 'ignore_ament_install']
[0.780s] Level 1:colcon.colcon_core.package_identification:_identify(ws) by extension 'ignore'
[0.780s] Level 1:colcon.colcon_core.package_identification:_identify(ws) by extension 'ignore_ament_install'
[0.780s] Level 1:colcon.colcon_core.package_identification:_identify(ws) by extensions ['colcon_pkg']
[0.780s] Level 1:colcon.colcon_core.package_identification:_identify(ws) by extension 'colcon_pkg'
[0.781s] Level 1:colcon.colcon_core.package_identification:_identify(ws) by extensions ['colcon_meta']
[0.781s] Level 1:colcon.colcon_core.package_identification:_identify(ws) by extension 'colcon_meta'
[0.781s] Level 1:colcon.colcon_core.package_identification:_identify(ws) by extensions ['ros']
[0.781s] Level 1:colcon.colcon_core.package_identification:_identify(ws) by extension 'ros'
[0.781s] Level 1:colcon.colcon_core.package_identification:_identify(ws) by extensions ['cmake', 'python']
[0.781s] Level 1:colcon.colcon_core.package_identification:_identify(ws) by extension 'cmake'
[0.781s] Level 1:colcon.colcon_core.package_identification:_identify(ws) by extension 'python'
[0.781s] Level 1:colcon.colcon_core.package_identification:_identify(ws) by extensions ['python_setup_py']
[0.781s] Level 1:colcon.colcon_core.package_identification:_identify(ws) by extension 'python_setup_py'
[0.781s] Level 1:colcon.colcon_core.package_identification:_identify(ws/log) by extensions ['ignore', 'ignore_ament_install']
[0.781s] Level 1:colcon.colcon_core.package_identification:_identify(ws/log) by extension 'ignore'
[0.781s] Level 1:colcon.colcon_core.package_identification:_identify(ws/log) ignored
[0.781s] Level 1:colcon.colcon_core.package_identification:_identify(ws/src) by extensions ['ignore', 'ignore_ament_install']
[0.781s] Level 1:colcon.colcon_core.package_identification:_identify(ws/src) by extension 'ignore'
[0.781s] Level 1:colcon.colcon_core.package_identification:_identify(ws/src) by extension 'ignore_ament_install'
[0.781s] Level 1:colcon.colcon_core.package_identification:_identify(ws/src) by extensions ['colcon_pkg']
[0.781s] Level 1:colcon.colcon_core.package_identification:_identify(ws/src) by extension 'colcon_pkg'
[0.782s] Level 1:colcon.colcon_core.package_identification:_identify(ws/src) by extensions ['colcon_meta']
[0.782s] Level 1:colcon.colcon_core.package_identification:_identify(ws/src) by extension 'colcon_meta'
[0.782s] Level 1:colcon.colcon_core.package_identification:_identify(ws/src) by extensions ['ros']
[0.782s] Level 1:colcon.colcon_core.package_identification:_identify(ws/src) by extension 'ros'
[0.782s] Level 1:colcon.colcon_core.package_identification:_identify(ws/src) by extensions ['cmake', 'python']
[0.782s] Level 1:colcon.colcon_core.package_identification:_identify(ws/src) by extension 'cmake'
[0.782s] Level 1:colcon.colcon_core.package_identification:_identify(ws/src) by extension 'python'
[0.782s] Level 1:colcon.colcon_core.package_identification:_identify(ws/src) by extensions ['python_setup_py']
[0.782s] Level 1:colcon.colcon_core.package_identification:_identify(ws/src) by extension 'python_setup_py'
[0.782s] Level 1:colcon.colcon_core.package_identification:_identify(ws/src/build) by extensions ['ignore', 'ignore_ament_install']
[0.782s] Level 1:colcon.colcon_core.package_identification:_identify(ws/src/build) by extension 'ignore'
[0.782s] Level 1:colcon.colcon_core.package_identification:_identify(ws/src/build) ignored
[0.782s] Level 1:colcon.colcon_core.package_identification:_identify(ws/src/install) by extensions ['ignore', 'ignore_ament_install']
[0.782s] Level 1:colcon.colcon_core.package_identification:_identify(ws/src/install) by extension 'ignore'
[0.782s] Level 1:colcon.colcon_core.package_identification:_identify(ws/src/install) ignored
[0.782s] Level 1:colcon.colcon_core.package_identification:_identify(ws/src/log) by extensions ['ignore', 'ignore_ament_install']
[0.783s] Level 1:colcon.colcon_core.package_identification:_identify(ws/src/log) by extension 'ignore'
[0.783s] Level 1:colcon.colcon_core.package_identification:_identify(ws/src/log) ignored
[0.783s] Level 1:colcon.colcon_core.package_identification:_identify(ws/src/test) by extensions ['ignore', 'ignore_ament_install']
[0.783s] Level 1:colcon.colcon_core.package_identification:_identify(ws/src/test) by extension 'ignore'
[0.783s] Level 1:colcon.colcon_core.package_identification:_identify(ws/src/test) by extension 'ignore_ament_install'
[0.783s] Level 1:colcon.colcon_core.package_identification:_identify(ws/src/test) by extensions ['colcon_pkg']
[0.783s] Level 1:colcon.colcon_core.package_identification:_identify(ws/src/test) by extension 'colcon_pkg'
[0.783s] Level 1:colcon.colcon_core.package_identification:_identify(ws/src/test) by extensions ['colcon_meta']
[0.783s] Level 1:colcon.colcon_core.package_identification:_identify(ws/src/test) by extension 'colcon_meta'
[0.783s] Level 1:colcon.colcon_core.package_identification:_identify(ws/src/test) by extensions ['ros']
[0.783s] Level 1:colcon.colcon_core.package_identification:_identify(ws/src/test) by extension 'ros'
[0.784s] DEBUG:colcon.colcon_core.package_identification:Package 'ws/src/test' with type 'ros.ament_cmake' and name 'test'
[0.784s] Level 1:colcon.colcon_core.package_identification:_identify(ws/src/test_py) by extensions ['ignore', 'ignore_ament_install']
[0.784s] Level 1:colcon.colcon_core.package_identification:_identify(ws/src/test_py) by extension 'ignore'
[0.784s] Level 1:colcon.colcon_core.package_identification:_identify(ws/src/test_py) by extension 'ignore_ament_install'
[0.784s] Level 1:colcon.colcon_core.package_identification:_identify(ws/src/test_py) by extensions ['colcon_pkg']
[0.784s] Level 1:colcon.colcon_core.package_identification:_identify(ws/src/test_py) by extension 'colcon_pkg'
[0.784s] Level 1:colcon.colcon_core.package_identification:_identify(ws/src/test_py) by extensions ['colcon_meta']
[0.784s] Level 1:colcon.colcon_core.package_identification:_identify(ws/src/test_py) by extension 'colcon_meta'
[0.784s] Level 1:colcon.colcon_core.package_identification:_identify(ws/src/test_py) by extensions ['ros']
[0.784s] Level 1:colcon.colcon_core.package_identification:_identify(ws/src/test_py) by extension 'ros'
[0.785s] DEBUG:colcon.colcon_core.package_identification:Package 'ws/src/test_py' with type 'ros.ament_python' and name 'test_py'
[0.785s] Level 1:colcon.colcon_core.package_discovery:discover_packages(recursive) using defaults
[0.785s] Level 1:colcon.colcon_core.package_discovery:discover_packages(ignore) discover
[0.785s] Level 1:colcon.colcon_core.package_discovery:discover_packages(ignore) using defaults
[0.785s] Level 1:colcon.colcon_core.package_discovery:discover_packages(path) discover
[0.785s] Level 1:colcon.colcon_core.package_discovery:discover_packages(path) using defaults
[0.853s] Level 1:colcon.colcon_core.package_discovery:discover_packages(prefix_path) check parameters
[0.853s] Level 1:colcon.colcon_core.package_discovery:discover_packages(prefix_path) discover
[0.864s] WARNING:colcon.colcon_core.prefix_path.colcon:The path '/home/leo/ROS/ws/install' in the environment variable COLCON_PREFIX_PATH doesn't exist
[0.864s] WARNING:colcon.colcon_ros.prefix_path.ament:The path '/home/leo/ROS/ws/install/test_py' in the environment variable AMENT_PREFIX_PATH doesn't exist
[0.864s] WARNING:colcon.colcon_ros.prefix_path.ament:The path '/home/leo/ROS/ws/install/test' in the environment variable AMENT_PREFIX_PATH doesn't exist
[0.864s] WARNING:colcon.colcon_ros.prefix_path.ament:The path '/home/leo/ROS/ws/install/2023_AMR' in the environment variable AMENT_PREFIX_PATH doesn't exist
[0.864s] WARNING:colcon.colcon_ros.prefix_path.catkin:The path '/home/leo/ROS/ws/install/test' in the environment variable CMAKE_PREFIX_PATH doesn't exist
[0.864s] WARNING:colcon.colcon_ros.prefix_path.catkin:The path '/home/leo/ROS/ws/install/2023_AMR' in the environment variable CMAKE_PREFIX_PATH doesn't exist
[0.876s] DEBUG:colcon.colcon_installed_package_information.package_discovery:Found 308 installed packages in /opt/ros/humble
[0.877s] Level 1:colcon.colcon_core.package_discovery:discover_packages(prefix_path) using defaults
[0.947s] Level 5:colcon.colcon_core.verb:set package '2023_AMR' build argument 'cmake_args' from command line to 'None'
[0.947s] Level 5:colcon.colcon_core.verb:set package '2023_AMR' build argument 'cmake_target' from command line to 'None'
[0.947s] Level 5:colcon.colcon_core.verb:set package '2023_AMR' build argument 'cmake_target_skip_unavailable' from command line to 'False'
[0.947s] Level 5:colcon.colcon_core.verb:set package '2023_AMR' build argument 'cmake_clean_cache' from command line to 'False'
[0.947s] Level 5:colcon.colcon_core.verb:set package '2023_AMR' build argument 'cmake_clean_first' from command line to 'False'
[0.947s] Level 5:colcon.colcon_core.verb:set package '2023_AMR' build argument 'cmake_force_configure' from command line to 'False'
[0.947s] Level 5:colcon.colcon_core.verb:set package '2023_AMR' build argument 'ament_cmake_args' from command line to 'None'
[0.947s] Level 5:colcon.colcon_core.verb:set package '2023_AMR' build argument 'catkin_cmake_args' from command line to 'None'
[0.948s] Level 5:colcon.colcon_core.verb:set package '2023_AMR' build argument 'catkin_skip_building_tests' from command line to 'False'
[0.948s] DEBUG:colcon.colcon_core.verb:Building package '2023_AMR' with the following arguments: {'ament_cmake_args': None, 'build_base': '/home/leo/ROS/build/2023_AMR', 'catkin_cmake_args': None, 'catkin_skip_building_tests': False, 'cmake_args': None, 'cmake_clean_cache': False, 'cmake_clean_first': False, 'cmake_force_configure': False, 'cmake_target': None, 'cmake_target_skip_unavailable': False, 'install_base': '/home/leo/ROS/install/2023_AMR', 'merge_install': False, 'path': '/home/leo/ROS/2023_AMR', 'symlink_install': False, 'test_result_base': None}
[0.958s] Level 5:colcon.colcon_core.verb:set package 'test' build argument 'cmake_args' from command line to 'None'
[0.958s] Level 5:colcon.colcon_core.verb:set package 'test' build argument 'cmake_target' from command line to 'None'
[0.958s] Level 5:colcon.colcon_core.verb:set package 'test' build argument 'cmake_target_skip_unavailable' from command line to 'False'
[0.958s] Level 5:colcon.colcon_core.verb:set package 'test' build argument 'cmake_clean_cache' from command line to 'False'
[0.958s] Level 5:colcon.colcon_core.verb:set package 'test' build argument 'cmake_clean_first' from command line to 'False'
[0.958s] Level 5:colcon.colcon_core.verb:set package 'test' build argument 'cmake_force_configure' from command line to 'False'
[0.958s] Level 5:colcon.colcon_core.verb:set package 'test' build argument 'ament_cmake_args' from command line to 'None'
[0.958s] Level 5:colcon.colcon_core.verb:set package 'test' build argument 'catkin_cmake_args' from command line to 'None'
[0.958s] Level 5:colcon.colcon_core.verb:set package 'test' build argument 'catkin_skip_building_tests' from command line to 'False'
[0.958s] DEBUG:colcon.colcon_core.verb:Building package 'test' with the following arguments: {'ament_cmake_args': None, 'build_base': '/home/leo/ROS/build/test', 'catkin_cmake_args': None, 'catkin_skip_building_tests': False, 'cmake_args': None, 'cmake_clean_cache': False, 'cmake_clean_first': False, 'cmake_force_configure': False, 'cmake_target': None, 'cmake_target_skip_unavailable': False, 'install_base': '/home/leo/ROS/install/test', 'merge_install': False, 'path': '/home/leo/ROS/ws/src/test', 'symlink_install': False, 'test_result_base': None}
[0.969s] Level 5:colcon.colcon_core.verb:set package 'test_py' build argument 'cmake_args' from command line to 'None'
[0.969s] Level 5:colcon.colcon_core.verb:set package 'test_py' build argument 'cmake_target' from command line to 'None'
[0.969s] Level 5:colcon.colcon_core.verb:set package 'test_py' build argument 'cmake_target_skip_unavailable' from command line to 'False'
[0.969s] Level 5:colcon.colcon_core.verb:set package 'test_py' build argument 'cmake_clean_cache' from command line to 'False'
[0.969s] Level 5:colcon.colcon_core.verb:set package 'test_py' build argument 'cmake_clean_first' from command line to 'False'
[0.969s] Level 5:colcon.colcon_core.verb:set package 'test_py' build argument 'cmake_force_configure' from command line to 'False'
[0.969s] Level 5:colcon.colcon_core.verb:set package 'test_py' build argument 'ament_cmake_args' from command line to 'None'
[0.969s] Level 5:colcon.colcon_core.verb:set package 'test_py' build argument 'catkin_cmake_args' from command line to 'None'
[0.969s] Level 5:colcon.colcon_core.verb:set package 'test_py' build argument 'catkin_skip_building_tests' from command line to 'False'
[0.969s] DEBUG:colcon.colcon_core.verb:Building package 'test_py' with the following arguments: {'ament_cmake_args': None, 'build_base': '/home/leo/ROS/build/test_py', 'catkin_cmake_args': None, 'catkin_skip_building_tests': False, 'cmake_args': None, 'cmake_clean_cache': False, 'cmake_clean_first': False, 'cmake_force_configure': False, 'cmake_target': None, 'cmake_target_skip_unavailable': False, 'install_base': '/home/leo/ROS/install/test_py', 'merge_install': False, 'path': '/home/leo/ROS/ws/src/test_py', 'symlink_install': False, 'test_result_base': None}
[0.979s] INFO:colcon.colcon_core.executor:Executing jobs using 'parallel' executor
[0.991s] DEBUG:colcon.colcon_parallel_executor.executor.parallel:run_until_complete
[0.991s] INFO:colcon.colcon_ros.task.ament_cmake.build:Building ROS package in '/home/leo/ROS/2023_AMR' with build type 'ament_cmake'
[0.991s] INFO:colcon.colcon_cmake.task.cmake.build:Building CMake package in '/home/leo/ROS/2023_AMR'
[1.003s] INFO:colcon.colcon_core.plugin_system:Skipping extension 'colcon_core.shell.bat': Not used on non-Windows systems
[1.003s] INFO:colcon.colcon_core.shell:Skip shell extension 'powershell' for command environment: Not usable outside of PowerShell
[1.003s] DEBUG:colcon.colcon_core.shell:Skip shell extension 'dsv' for command environment
[1.028s] INFO:colcon.colcon_ros.task.ament_cmake.build:Building ROS package in '/home/leo/ROS/ws/src/test' with build type 'ament_cmake'
[1.028s] INFO:colcon.colcon_cmake.task.cmake.build:Building CMake package in '/home/leo/ROS/ws/src/test'
[1.039s] INFO:colcon.colcon_core.shell:Skip shell extension 'powershell' for command environment: Not usable outside of PowerShell
[1.039s] DEBUG:colcon.colcon_core.shell:Skip shell extension 'dsv' for command environment
[1.062s] INFO:colcon.colcon_ros.task.ament_python.build:Building ROS package in '/home/leo/ROS/ws/src/test_py' with build type 'ament_python'
[1.062s] Level 1:colcon.colcon_core.shell:create_environment_hook('test_py', 'ament_prefix_path')
[1.073s] INFO:colcon.colcon_core.shell:Creating environment hook '/home/leo/ROS/install/test_py/share/test_py/hook/ament_prefix_path.ps1'
[1.074s] INFO:colcon.colcon_core.shell:Creating environment descriptor '/home/leo/ROS/install/test_py/share/test_py/hook/ament_prefix_path.dsv'
[1.074s] INFO:colcon.colcon_core.shell:Creating environment hook '/home/leo/ROS/install/test_py/share/test_py/hook/ament_prefix_path.sh'
[1.085s] INFO:colcon.colcon_core.shell:Skip shell extension 'powershell' for command environment: Not usable outside of PowerShell
[1.085s] DEBUG:colcon.colcon_core.shell:Skip shell extension 'dsv' for command environment
[1.113s] DEBUG:colcon.colcon_core.event_handler.log_command:Invoking command in '/home/leo/ROS/build/2023_AMR': CMAKE_PREFIX_PATH=${CMAKE_PREFIX_PATH}:/home/leo/ROS/ws/install/test_py:/opt/ros/humble /usr/bin/cmake --build /home/leo/ROS/build/2023_AMR -- -j16 -l16
[1.116s] DEBUG:colcon.colcon_core.event_handler.log_command:Invoking command in '/home/leo/ROS/build/test': CMAKE_PREFIX_PATH=${CMAKE_PREFIX_PATH}:/home/leo/ROS/ws/install/test_py:/opt/ros/humble /usr/bin/cmake /home/leo/ROS/ws/src/test -DCMAKE_INSTALL_PREFIX=/home/leo/ROS/install/test
[1.313s] INFO:colcon.colcon_core.task.python.build:Building Python package in '/home/leo/ROS/ws/src/test_py'
[1.325s] INFO:colcon.colcon_core.shell:Skip shell extension 'powershell' for command environment: Not usable outside of PowerShell
[1.325s] DEBUG:colcon.colcon_core.shell:Skip shell extension 'dsv' for command environment
[1.350s] DEBUG:colcon.colcon_core.event_handler.log_command:Invoked command in '/home/leo/ROS/build/2023_AMR' returned '0': CMAKE_PREFIX_PATH=${CMAKE_PREFIX_PATH}:/home/leo/ROS/ws/install/test_py:/opt/ros/humble /usr/bin/cmake --build /home/leo/ROS/build/2023_AMR -- -j16 -l16
[1.386s] DEBUG:colcon.colcon_core.event_handler.log_command:Invoking command in '/home/leo/ROS/build/2023_AMR': CMAKE_PREFIX_PATH=${CMAKE_PREFIX_PATH}:/home/leo/ROS/ws/install/test_py:/opt/ros/humble /usr/bin/cmake --install /home/leo/ROS/build/2023_AMR
[1.396s] Level 1:colcon.colcon_core.environment:create_environment_scripts_only(2023_AMR)
[1.396s] DEBUG:colcon.colcon_core.event_handler.log_command:Invoked command in '/home/leo/ROS/build/2023_AMR' returned '0': CMAKE_PREFIX_PATH=${CMAKE_PREFIX_PATH}:/home/leo/ROS/ws/install/test_py:/opt/ros/humble /usr/bin/cmake --install /home/leo/ROS/build/2023_AMR
[1.409s] Level 1:colcon.colcon_core.environment:checking '/home/leo/ROS/install/2023_AMR' for CMake module files
[1.409s] Level 1:colcon.colcon_core.environment:checking '/home/leo/ROS/install/2023_AMR' for CMake config files
[1.409s] Level 1:colcon.colcon_core.shell:create_environment_hook('2023_AMR', 'cmake_prefix_path')
[1.420s] INFO:colcon.colcon_core.shell:Creating environment hook '/home/leo/ROS/install/2023_AMR/share/2023_AMR/hook/cmake_prefix_path.ps1'
[1.421s] INFO:colcon.colcon_core.shell:Creating environment descriptor '/home/leo/ROS/install/2023_AMR/share/2023_AMR/hook/cmake_prefix_path.dsv'
[1.421s] INFO:colcon.colcon_core.shell:Creating environment hook '/home/leo/ROS/install/2023_AMR/share/2023_AMR/hook/cmake_prefix_path.sh'
[1.421s] Level 1:colcon.colcon_core.environment:checking '/home/leo/ROS/install/2023_AMR/bin'
[1.421s] Level 1:colcon.colcon_core.environment:checking '/home/leo/ROS/install/2023_AMR/lib/pkgconfig/2023_AMR.pc'
[1.422s] Level 1:colcon.colcon_core.environment:checking '/home/leo/ROS/install/2023_AMR/lib/python3.10/site-packages'
[1.422s] Level 1:colcon.colcon_core.environment:checking '/home/leo/ROS/install/2023_AMR/bin'
[1.433s] INFO:colcon.colcon_core.shell:Creating package script '/home/leo/ROS/install/2023_AMR/share/2023_AMR/package.ps1'
[1.433s] INFO:colcon.colcon_core.shell:Creating package descriptor '/home/leo/ROS/install/2023_AMR/share/2023_AMR/package.dsv'
[1.434s] INFO:colcon.colcon_core.shell:Creating package script '/home/leo/ROS/install/2023_AMR/share/2023_AMR/package.sh'
[1.434s] INFO:colcon.colcon_core.shell:Creating package script '/home/leo/ROS/install/2023_AMR/share/2023_AMR/package.bash'
[1.435s] INFO:colcon.colcon_core.shell:Creating package script '/home/leo/ROS/install/2023_AMR/share/2023_AMR/package.zsh'
[1.435s] Level 1:colcon.colcon_core.environment:create_file_with_runtime_dependencies(/home/leo/ROS/install/2023_AMR/share/colcon-core/packages/2023_AMR)
[1.471s] Level 1:colcon.colcon_core.environment:create_environment_scripts_only(2023_AMR)
[1.481s] Level 1:colcon.colcon_core.environment:checking '/home/leo/ROS/install/2023_AMR' for CMake module files
[1.482s] Level 1:colcon.colcon_core.environment:checking '/home/leo/ROS/install/2023_AMR' for CMake config files
[1.482s] Level 1:colcon.colcon_core.shell:create_environment_hook('2023_AMR', 'cmake_prefix_path')
[1.493s] INFO:colcon.colcon_core.shell:Creating environment hook '/home/leo/ROS/install/2023_AMR/share/2023_AMR/hook/cmake_prefix_path.ps1'
[1.494s] INFO:colcon.colcon_core.shell:Creating environment descriptor '/home/leo/ROS/install/2023_AMR/share/2023_AMR/hook/cmake_prefix_path.dsv'
[1.494s] INFO:colcon.colcon_core.shell:Creating environment hook '/home/leo/ROS/install/2023_AMR/share/2023_AMR/hook/cmake_prefix_path.sh'
[1.494s] Level 1:colcon.colcon_core.environment:checking '/home/leo/ROS/install/2023_AMR/bin'
[1.494s] Level 1:colcon.colcon_core.environment:checking '/home/leo/ROS/install/2023_AMR/lib/pkgconfig/2023_AMR.pc'
[1.495s] Level 1:colcon.colcon_core.environment:checking '/home/leo/ROS/install/2023_AMR/lib/python3.10/site-packages'
[1.495s] Level 1:colcon.colcon_core.environment:checking '/home/leo/ROS/install/2023_AMR/bin'
[1.506s] INFO:colcon.colcon_core.shell:Creating package script '/home/leo/ROS/install/2023_AMR/share/2023_AMR/package.ps1'
[1.506s] INFO:colcon.colcon_core.shell:Creating package descriptor '/home/leo/ROS/install/2023_AMR/share/2023_AMR/package.dsv'
[1.506s] INFO:colcon.colcon_core.shell:Creating package script '/home/leo/ROS/install/2023_AMR/share/2023_AMR/package.sh'
[1.507s] INFO:colcon.colcon_core.shell:Creating package script '/home/leo/ROS/install/2023_AMR/share/2023_AMR/package.bash'
[1.507s] INFO:colcon.colcon_core.shell:Creating package script '/home/leo/ROS/install/2023_AMR/share/2023_AMR/package.zsh'
[1.507s] Level 1:colcon.colcon_core.environment:create_file_with_runtime_dependencies(/home/leo/ROS/install/2023_AMR/share/colcon-core/packages/2023_AMR)
[1.603s] DEBUG:colcon.colcon_core.event_handler.log_command:Invoking command in '/home/leo/ROS/ws/src/test_py': PYTHONPATH=/home/leo/ROS/build/test_py/prefix_override:/home/leo/ROS/install/test_py/lib/python3.10/site-packages:${PYTHONPATH} /usr/bin/python3 setup.py egg_info --egg-base ../../../build/test_py build --build-base /home/leo/ROS/build/test_py/build install --record /home/leo/ROS/build/test_py/install.log --single-version-externally-managed
[1.835s] DEBUG:colcon.colcon_core.event_handler.log_command:Invoked command in '/home/leo/ROS/ws/src/test_py' returned '0': PYTHONPATH=/home/leo/ROS/build/test_py/prefix_override:/home/leo/ROS/install/test_py/lib/python3.10/site-packages:${PYTHONPATH} /usr/bin/python3 setup.py egg_info --egg-base ../../../build/test_py build --build-base /home/leo/ROS/build/test_py/build install --record /home/leo/ROS/build/test_py/install.log --single-version-externally-managed
[1.845s] Level 1:colcon.colcon_core.environment:checking '/home/leo/ROS/install/test_py' for CMake module files
[1.846s] Level 1:colcon.colcon_core.environment:checking '/home/leo/ROS/install/test_py' for CMake config files
[1.846s] Level 1:colcon.colcon_core.environment:checking '/home/leo/ROS/install/test_py/lib'
[1.846s] Level 1:colcon.colcon_core.environment:checking '/home/leo/ROS/install/test_py/bin'
[1.846s] Level 1:colcon.colcon_core.environment:checking '/home/leo/ROS/install/test_py/lib/pkgconfig/test_py.pc'
[1.847s] Level 1:colcon.colcon_core.environment:checking '/home/leo/ROS/install/test_py/lib/python3.10/site-packages'
[1.847s] Level 1:colcon.colcon_core.shell:create_environment_hook('test_py', 'pythonpath')
[1.869s] INFO:colcon.colcon_core.shell:Creating environment hook '/home/leo/ROS/install/test_py/share/test_py/hook/pythonpath.ps1'
[1.869s] INFO:colcon.colcon_core.shell:Creating environment descriptor '/home/leo/ROS/install/test_py/share/test_py/hook/pythonpath.dsv'
[1.870s] INFO:colcon.colcon_core.shell:Creating environment hook '/home/leo/ROS/install/test_py/share/test_py/hook/pythonpath.sh'
[1.870s] Level 1:colcon.colcon_core.environment:checking '/home/leo/ROS/install/test_py/bin'
[1.870s] Level 1:colcon.colcon_core.environment:create_environment_scripts_only(test_py)
[1.881s] INFO:colcon.colcon_core.shell:Creating package script '/home/leo/ROS/install/test_py/share/test_py/package.ps1'
[1.881s] INFO:colcon.colcon_core.shell:Creating package descriptor '/home/leo/ROS/install/test_py/share/test_py/package.dsv'
[1.881s] INFO:colcon.colcon_core.shell:Creating package script '/home/leo/ROS/install/test_py/share/test_py/package.sh'
[1.882s] INFO:colcon.colcon_core.shell:Creating package script '/home/leo/ROS/install/test_py/share/test_py/package.bash'
[1.882s] INFO:colcon.colcon_core.shell:Creating package script '/home/leo/ROS/install/test_py/share/test_py/package.zsh'
[1.882s] Level 1:colcon.colcon_core.environment:create_file_with_runtime_dependencies(/home/leo/ROS/install/test_py/share/colcon-core/packages/test_py)
[2.629s] DEBUG:colcon.colcon_core.event_handler.log_command:Invoked command in '/home/leo/ROS/build/test' returned '1': CMAKE_PREFIX_PATH=${CMAKE_PREFIX_PATH}:/home/leo/ROS/ws/install/test_py:/opt/ros/humble /usr/bin/cmake /home/leo/ROS/ws/src/test -DCMAKE_INSTALL_PREFIX=/home/leo/ROS/install/test
[2.644s] Level 1:colcon.colcon_core.environment:create_environment_scripts_only(test)
[2.655s] Level 1:colcon.colcon_core.environment:checking '/home/leo/ROS/install/test' for CMake module files
[2.655s] Level 1:colcon.colcon_core.environment:checking '/home/leo/ROS/install/test' for CMake config files
[2.655s] Level 1:colcon.colcon_core.environment:checking '/home/leo/ROS/install/test/bin'
[2.655s] Level 1:colcon.colcon_core.environment:checking '/home/leo/ROS/install/test/lib/pkgconfig/test.pc'
[2.656s] Level 1:colcon.colcon_core.environment:checking '/home/leo/ROS/install/test/lib/python3.10/site-packages'
[2.656s] Level 1:colcon.colcon_core.environment:checking '/home/leo/ROS/install/test/bin'
[2.666s] INFO:colcon.colcon_core.shell:Creating package script '/home/leo/ROS/install/test/share/test/package.ps1'
[2.667s] INFO:colcon.colcon_core.shell:Creating package descriptor '/home/leo/ROS/install/test/share/test/package.dsv'
[2.667s] INFO:colcon.colcon_core.shell:Creating package script '/home/leo/ROS/install/test/share/test/package.sh'
[2.667s] INFO:colcon.colcon_core.shell:Creating package script '/home/leo/ROS/install/test/share/test/package.bash'
[2.667s] INFO:colcon.colcon_core.shell:Creating package script '/home/leo/ROS/install/test/share/test/package.zsh'
[2.667s] Level 1:colcon.colcon_core.environment:create_file_with_runtime_dependencies(/home/leo/ROS/install/test/share/colcon-core/packages/test)
[2.678s] DEBUG:colcon.colcon_parallel_executor.executor.parallel:closing loop
[2.678s] DEBUG:colcon.colcon_parallel_executor.executor.parallel:loop closed
[2.678s] DEBUG:colcon.colcon_parallel_executor.executor.parallel:run_until_complete finished with '1'
[2.678s] DEBUG:colcon.colcon_core.event_reactor:joining thread
[2.693s] INFO:colcon.colcon_core.plugin_system:Skipping extension 'colcon_notification.desktop_notification.terminal_notifier': Not used on non-Darwin systems
[2.694s] INFO:colcon.colcon_core.plugin_system:Skipping extension 'colcon_notification.desktop_notification.win32': Not used on non-Windows systems
[2.694s] INFO:colcon.colcon_notification.desktop_notification:Sending desktop notification using 'notify2'
[2.713s] DEBUG:colcon.colcon_core.event_reactor:joined thread
[2.724s] INFO:colcon.colcon_core.shell:Creating prefix script '/home/leo/ROS/install/local_setup.ps1'
[2.725s] INFO:colcon.colcon_core.shell:Creating prefix util module '/home/leo/ROS/install/_local_setup_util_ps1.py'
[2.726s] INFO:colcon.colcon_core.shell:Creating prefix chain script '/home/leo/ROS/install/setup.ps1'
[2.737s] INFO:colcon.colcon_core.shell:Creating prefix script '/home/leo/ROS/install/local_setup.sh'
[2.738s] INFO:colcon.colcon_core.shell:Creating prefix util module '/home/leo/ROS/install/_local_setup_util_sh.py'
[2.738s] INFO:colcon.colcon_core.shell:Creating prefix chain script '/home/leo/ROS/install/setup.sh'
[2.749s] INFO:colcon.colcon_core.shell:Creating prefix script '/home/leo/ROS/install/local_setup.bash'
[2.750s] INFO:colcon.colcon_core.shell:Creating prefix chain script '/home/leo/ROS/install/setup.bash'
[2.761s] INFO:colcon.colcon_core.shell:Creating prefix script '/home/leo/ROS/install/local_setup.zsh'
[2.762s] INFO:colcon.colcon_core.shell:Creating prefix chain script '/home/leo/ROS/install/setup.zsh'
