[0.769s] DEBUG:colcon:Command line arguments: ['/usr/bin/colcon', 'build']
[0.769s] DEBUG:colcon:Parsed command line arguments: Namespace(log_base=None, log_level=None, verb_name='build', build_base='build', install_base='install', merge_install=False, symlink_install=False, test_result_base=None, continue_on_error=False, executor='parallel', parallel_workers=16, event_handlers=None, ignore_user_meta=False, metas=['./colcon.meta'], base_paths=['.'], packages_ignore=None, packages_ignore_regex=None, paths=None, packages_up_to=None, packages_up_to_regex=None, packages_above=None, packages_above_and_dependencies=None, packages_above_depth=None, packages_select_by_dep=None, packages_skip_by_dep=None, packages_skip_up_to=None, packages_select_build_failed=False, packages_skip_build_finished=False, packages_select_test_failures=False, packages_skip_test_passed=False, packages_select=None, packages_skip=None, packages_select_regex=None, packages_skip_regex=None, packages_start=None, packages_end=None, allow_overriding=[], cmake_args=None, cmake_target=None, cmake_target_skip_unavailable=False, cmake_clean_cache=False, cmake_clean_first=False, cmake_force_configure=False, ament_cmake_args=None, catkin_cmake_args=None, catkin_skip_building_tests=False, verb_parser=<colcon_defaults.argument_parser.defaults.DefaultArgumentsDecorator object at 0x7fec5f0df460>, verb_extension=<colcon_core.verb.build.BuildVerb object at 0x7fec5f334130>, main=<bound method BuildVerb.main of <colcon_core.verb.build.BuildVerb object at 0x7fec5f334130>>)
[0.807s] Level 1:colcon.colcon_core.package_discovery:discover_packages(colcon_meta) check parameters
[0.807s] Level 1:colcon.colcon_core.package_discovery:discover_packages(recursive) check parameters
[0.807s] Level 1:colcon.colcon_core.package_discovery:discover_packages(ignore) check parameters
[0.807s] Level 1:colcon.colcon_core.package_discovery:discover_packages(path) check parameters
[0.807s] Level 1:colcon.colcon_core.package_discovery:discover_packages(colcon_meta) discover
[0.807s] Level 1:colcon.colcon_core.package_discovery:discover_packages(recursive) discover
[0.807s] INFO:colcon.colcon_core.package_discovery:Crawling recursively for packages in '/home/leo/ROS/ws'
[0.807s] Level 1:colcon.colcon_core.package_identification:_identify(.) by extensions ['ignore', 'ignore_ament_install']
[0.808s] Level 1:colcon.colcon_core.package_identification:_identify(.) by extension 'ignore'
[0.808s] Level 1:colcon.colcon_core.package_identification:_identify(.) by extension 'ignore_ament_install'
[0.808s] Level 1:colcon.colcon_core.package_identification:_identify(.) by extensions ['colcon_pkg']
[0.808s] Level 1:colcon.colcon_core.package_identification:_identify(.) by extension 'colcon_pkg'
[0.808s] Level 1:colcon.colcon_core.package_identification:_identify(.) by extensions ['colcon_meta']
[0.808s] Level 1:colcon.colcon_core.package_identification:_identify(.) by extension 'colcon_meta'
[0.808s] Level 1:colcon.colcon_core.package_identification:_identify(.) by extensions ['ros']
[0.808s] Level 1:colcon.colcon_core.package_identification:_identify(.) by extension 'ros'
[0.818s] Level 1:colcon.colcon_core.package_identification:_identify(.) by extensions ['cmake', 'python']
[0.818s] Level 1:colcon.colcon_core.package_identification:_identify(.) by extension 'cmake'
[0.818s] Level 1:colcon.colcon_core.package_identification:_identify(.) by extension 'python'
[0.818s] Level 1:colcon.colcon_core.package_identification:_identify(.) by extensions ['python_setup_py']
[0.818s] Level 1:colcon.colcon_core.package_identification:_identify(.) by extension 'python_setup_py'
[0.818s] Level 1:colcon.colcon_core.package_identification:_identify(build) by extensions ['ignore', 'ignore_ament_install']
[0.818s] Level 1:colcon.colcon_core.package_identification:_identify(build) by extension 'ignore'
[0.818s] Level 1:colcon.colcon_core.package_identification:_identify(build) ignored
[0.818s] Level 1:colcon.colcon_core.package_identification:_identify(install) by extensions ['ignore', 'ignore_ament_install']
[0.818s] Level 1:colcon.colcon_core.package_identification:_identify(install) by extension 'ignore'
[0.818s] Level 1:colcon.colcon_core.package_identification:_identify(install) ignored
[0.819s] Level 1:colcon.colcon_core.package_identification:_identify(log) by extensions ['ignore', 'ignore_ament_install']
[0.819s] Level 1:colcon.colcon_core.package_identification:_identify(log) by extension 'ignore'
[0.819s] Level 1:colcon.colcon_core.package_identification:_identify(log) ignored
[0.819s] Level 1:colcon.colcon_core.package_identification:_identify(src) by extensions ['ignore', 'ignore_ament_install']
[0.819s] Level 1:colcon.colcon_core.package_identification:_identify(src) by extension 'ignore'
[0.819s] Level 1:colcon.colcon_core.package_identification:_identify(src) by extension 'ignore_ament_install'
[0.819s] Level 1:colcon.colcon_core.package_identification:_identify(src) by extensions ['colcon_pkg']
[0.819s] Level 1:colcon.colcon_core.package_identification:_identify(src) by extension 'colcon_pkg'
[0.819s] Level 1:colcon.colcon_core.package_identification:_identify(src) by extensions ['colcon_meta']
[0.819s] Level 1:colcon.colcon_core.package_identification:_identify(src) by extension 'colcon_meta'
[0.819s] Level 1:colcon.colcon_core.package_identification:_identify(src) by extensions ['ros']
[0.819s] Level 1:colcon.colcon_core.package_identification:_identify(src) by extension 'ros'
[0.819s] Level 1:colcon.colcon_core.package_identification:_identify(src) by extensions ['cmake', 'python']
[0.819s] Level 1:colcon.colcon_core.package_identification:_identify(src) by extension 'cmake'
[0.819s] Level 1:colcon.colcon_core.package_identification:_identify(src) by extension 'python'
[0.819s] Level 1:colcon.colcon_core.package_identification:_identify(src) by extensions ['python_setup_py']
[0.819s] Level 1:colcon.colcon_core.package_identification:_identify(src) by extension 'python_setup_py'
[0.819s] Level 1:colcon.colcon_core.package_identification:_identify(src/build) by extensions ['ignore', 'ignore_ament_install']
[0.819s] Level 1:colcon.colcon_core.package_identification:_identify(src/build) by extension 'ignore'
[0.819s] Level 1:colcon.colcon_core.package_identification:_identify(src/build) ignored
[0.820s] Level 1:colcon.colcon_core.package_identification:_identify(src/install) by extensions ['ignore', 'ignore_ament_install']
[0.820s] Level 1:colcon.colcon_core.package_identification:_identify(src/install) by extension 'ignore'
[0.820s] Level 1:colcon.colcon_core.package_identification:_identify(src/install) ignored
[0.820s] Level 1:colcon.colcon_core.package_identification:_identify(src/log) by extensions ['ignore', 'ignore_ament_install']
[0.820s] Level 1:colcon.colcon_core.package_identification:_identify(src/log) by extension 'ignore'
[0.820s] Level 1:colcon.colcon_core.package_identification:_identify(src/log) ignored
[0.820s] Level 1:colcon.colcon_core.package_identification:_identify(src/test) by extensions ['ignore', 'ignore_ament_install']
[0.820s] Level 1:colcon.colcon_core.package_identification:_identify(src/test) by extension 'ignore'
[0.820s] Level 1:colcon.colcon_core.package_identification:_identify(src/test) by extension 'ignore_ament_install'
[0.820s] Level 1:colcon.colcon_core.package_identification:_identify(src/test) by extensions ['colcon_pkg']
[0.820s] Level 1:colcon.colcon_core.package_identification:_identify(src/test) by extension 'colcon_pkg'
[0.820s] Level 1:colcon.colcon_core.package_identification:_identify(src/test) by extensions ['colcon_meta']
[0.820s] Level 1:colcon.colcon_core.package_identification:_identify(src/test) by extension 'colcon_meta'
[0.820s] Level 1:colcon.colcon_core.package_identification:_identify(src/test) by extensions ['ros']
[0.820s] Level 1:colcon.colcon_core.package_identification:_identify(src/test) by extension 'ros'
[0.822s] DEBUG:colcon.colcon_core.package_identification:Package 'src/test' with type 'ros.ament_cmake' and name 'test'
[0.823s] Level 1:colcon.colcon_core.package_identification:_identify(src/test_py) by extensions ['ignore', 'ignore_ament_install']
[0.823s] Level 1:colcon.colcon_core.package_identification:_identify(src/test_py) by extension 'ignore'
[0.823s] Level 1:colcon.colcon_core.package_identification:_identify(src/test_py) by extension 'ignore_ament_install'
[0.823s] Level 1:colcon.colcon_core.package_identification:_identify(src/test_py) by extensions ['colcon_pkg']
[0.823s] Level 1:colcon.colcon_core.package_identification:_identify(src/test_py) by extension 'colcon_pkg'
[0.823s] Level 1:colcon.colcon_core.package_identification:_identify(src/test_py) by extensions ['colcon_meta']
[0.823s] Level 1:colcon.colcon_core.package_identification:_identify(src/test_py) by extension 'colcon_meta'
[0.823s] Level 1:colcon.colcon_core.package_identification:_identify(src/test_py) by extensions ['ros']
[0.823s] Level 1:colcon.colcon_core.package_identification:_identify(src/test_py) by extension 'ros'
[0.823s] DEBUG:colcon.colcon_core.package_identification:Package 'src/test_py' with type 'ros.ament_python' and name 'test_py'
[0.823s] Level 1:colcon.colcon_core.package_discovery:discover_packages(recursive) using defaults
[0.823s] Level 1:colcon.colcon_core.package_discovery:discover_packages(ignore) discover
[0.823s] Level 1:colcon.colcon_core.package_discovery:discover_packages(ignore) using defaults
[0.823s] Level 1:colcon.colcon_core.package_discovery:discover_packages(path) discover
[0.824s] Level 1:colcon.colcon_core.package_discovery:discover_packages(path) using defaults
[0.897s] Level 1:colcon.colcon_core.package_discovery:discover_packages(prefix_path) check parameters
[0.897s] Level 1:colcon.colcon_core.package_discovery:discover_packages(prefix_path) discover
[0.922s] DEBUG:colcon.colcon_installed_package_information.package_discovery:Found 4 installed packages in /home/leo/ROS/ws/install
[0.934s] DEBUG:colcon.colcon_installed_package_information.package_discovery:Found 308 installed packages in /opt/ros/humble
[0.935s] Level 1:colcon.colcon_core.package_discovery:discover_packages(prefix_path) using defaults
[1.010s] Level 5:colcon.colcon_core.verb:set package 'test' build argument 'cmake_args' from command line to 'None'
[1.010s] Level 5:colcon.colcon_core.verb:set package 'test' build argument 'cmake_target' from command line to 'None'
[1.010s] Level 5:colcon.colcon_core.verb:set package 'test' build argument 'cmake_target_skip_unavailable' from command line to 'False'
[1.010s] Level 5:colcon.colcon_core.verb:set package 'test' build argument 'cmake_clean_cache' from command line to 'False'
[1.010s] Level 5:colcon.colcon_core.verb:set package 'test' build argument 'cmake_clean_first' from command line to 'False'
[1.010s] Level 5:colcon.colcon_core.verb:set package 'test' build argument 'cmake_force_configure' from command line to 'False'
[1.010s] Level 5:colcon.colcon_core.verb:set package 'test' build argument 'ament_cmake_args' from command line to 'None'
[1.010s] Level 5:colcon.colcon_core.verb:set package 'test' build argument 'catkin_cmake_args' from command line to 'None'
[1.010s] Level 5:colcon.colcon_core.verb:set package 'test' build argument 'catkin_skip_building_tests' from command line to 'False'
[1.010s] DEBUG:colcon.colcon_core.verb:Building package 'test' with the following arguments: {'ament_cmake_args': None, 'build_base': '/home/leo/ROS/ws/build/test', 'catkin_cmake_args': None, 'catkin_skip_building_tests': False, 'cmake_args': None, 'cmake_clean_cache': False, 'cmake_clean_first': False, 'cmake_force_configure': False, 'cmake_target': None, 'cmake_target_skip_unavailable': False, 'install_base': '/home/leo/ROS/ws/install/test', 'merge_install': False, 'path': '/home/leo/ROS/ws/src/test', 'symlink_install': False, 'test_result_base': None}
[1.022s] Level 5:colcon.colcon_core.verb:set package 'test_py' build argument 'cmake_args' from command line to 'None'
[1.022s] Level 5:colcon.colcon_core.verb:set package 'test_py' build argument 'cmake_target' from command line to 'None'
[1.022s] Level 5:colcon.colcon_core.verb:set package 'test_py' build argument 'cmake_target_skip_unavailable' from command line to 'False'
[1.022s] Level 5:colcon.colcon_core.verb:set package 'test_py' build argument 'cmake_clean_cache' from command line to 'False'
[1.022s] Level 5:colcon.colcon_core.verb:set package 'test_py' build argument 'cmake_clean_first' from command line to 'False'
[1.022s] Level 5:colcon.colcon_core.verb:set package 'test_py' build argument 'cmake_force_configure' from command line to 'False'
[1.022s] Level 5:colcon.colcon_core.verb:set package 'test_py' build argument 'ament_cmake_args' from command line to 'None'
[1.022s] Level 5:colcon.colcon_core.verb:set package 'test_py' build argument 'catkin_cmake_args' from command line to 'None'
[1.022s] Level 5:colcon.colcon_core.verb:set package 'test_py' build argument 'catkin_skip_building_tests' from command line to 'False'
[1.022s] DEBUG:colcon.colcon_core.verb:Building package 'test_py' with the following arguments: {'ament_cmake_args': None, 'build_base': '/home/leo/ROS/ws/build/test_py', 'catkin_cmake_args': None, 'catkin_skip_building_tests': False, 'cmake_args': None, 'cmake_clean_cache': False, 'cmake_clean_first': False, 'cmake_force_configure': False, 'cmake_target': None, 'cmake_target_skip_unavailable': False, 'install_base': '/home/leo/ROS/ws/install/test_py', 'merge_install': False, 'path': '/home/leo/ROS/ws/src/test_py', 'symlink_install': False, 'test_result_base': None}
[1.033s] INFO:colcon.colcon_core.executor:Executing jobs using 'parallel' executor
[1.046s] DEBUG:colcon.colcon_parallel_executor.executor.parallel:run_until_complete
[1.046s] INFO:colcon.colcon_ros.task.ament_cmake.build:Building ROS package in '/home/leo/ROS/ws/src/test' with build type 'ament_cmake'
[1.046s] INFO:colcon.colcon_cmake.task.cmake.build:Building CMake package in '/home/leo/ROS/ws/src/test'
[1.059s] INFO:colcon.colcon_core.plugin_system:Skipping extension 'colcon_core.shell.bat': Not used on non-Windows systems
[1.060s] INFO:colcon.colcon_core.shell:Skip shell extension 'powershell' for command environment: Not usable outside of PowerShell
[1.060s] DEBUG:colcon.colcon_core.shell:Skip shell extension 'dsv' for command environment
[1.096s] INFO:colcon.colcon_ros.task.ament_python.build:Building ROS package in '/home/leo/ROS/ws/src/test_py' with build type 'ament_python'
[1.096s] Level 1:colcon.colcon_core.shell:create_environment_hook('test_py', 'ament_prefix_path')
[1.107s] INFO:colcon.colcon_core.shell:Creating environment hook '/home/leo/ROS/ws/install/test_py/share/test_py/hook/ament_prefix_path.ps1'
[1.108s] INFO:colcon.colcon_core.shell:Creating environment descriptor '/home/leo/ROS/ws/install/test_py/share/test_py/hook/ament_prefix_path.dsv'
[1.108s] INFO:colcon.colcon_core.shell:Creating environment hook '/home/leo/ROS/ws/install/test_py/share/test_py/hook/ament_prefix_path.sh'
[1.120s] INFO:colcon.colcon_core.shell:Skip shell extension 'powershell' for command environment: Not usable outside of PowerShell
[1.120s] DEBUG:colcon.colcon_core.shell:Skip shell extension 'dsv' for command environment
[1.160s] DEBUG:colcon.colcon_core.event_handler.log_command:Invoking command in '/home/leo/ROS/ws/build/test': CMAKE_PREFIX_PATH=${CMAKE_PREFIX_PATH}:/home/leo/ROS/ws/install/test_py:/opt/ros/humble /usr/bin/cmake --build /home/leo/ROS/ws/build/test -- -j16 -l16
[1.368s] INFO:colcon.colcon_core.task.python.build:Building Python package in '/home/leo/ROS/ws/src/test_py'
[1.380s] INFO:colcon.colcon_core.shell:Skip shell extension 'powershell' for command environment: Not usable outside of PowerShell
[1.380s] DEBUG:colcon.colcon_core.shell:Skip shell extension 'dsv' for command environment
[1.481s] DEBUG:colcon.colcon_core.event_handler.log_command:Invoked command in '/home/leo/ROS/ws/build/test' returned '0': CMAKE_PREFIX_PATH=${CMAKE_PREFIX_PATH}:/home/leo/ROS/ws/install/test_py:/opt/ros/humble /usr/bin/cmake --build /home/leo/ROS/ws/build/test -- -j16 -l16
[1.519s] DEBUG:colcon.colcon_core.event_handler.log_command:Invoking command in '/home/leo/ROS/ws/build/test': CMAKE_PREFIX_PATH=${CMAKE_PREFIX_PATH}:/home/leo/ROS/ws/install/test_py:/opt/ros/humble /usr/bin/cmake --install /home/leo/ROS/ws/build/test
[1.563s] Level 1:colcon.colcon_core.environment:create_environment_scripts_only(test)
[1.563s] DEBUG:colcon.colcon_core.event_handler.log_command:Invoked command in '/home/leo/ROS/ws/build/test' returned '0': CMAKE_PREFIX_PATH=${CMAKE_PREFIX_PATH}:/home/leo/ROS/ws/install/test_py:/opt/ros/humble /usr/bin/cmake --install /home/leo/ROS/ws/build/test
[1.575s] Level 1:colcon.colcon_core.environment:checking '/home/leo/ROS/ws/install/test' for CMake module files
[1.576s] Level 1:colcon.colcon_core.environment:checking '/home/leo/ROS/ws/install/test' for CMake config files
[1.576s] Level 1:colcon.colcon_core.shell:create_environment_hook('test', 'cmake_prefix_path')
[1.586s] INFO:colcon.colcon_core.shell:Creating environment hook '/home/leo/ROS/ws/install/test/share/test/hook/cmake_prefix_path.ps1'
[1.587s] INFO:colcon.colcon_core.shell:Creating environment descriptor '/home/leo/ROS/ws/install/test/share/test/hook/cmake_prefix_path.dsv'
[1.587s] INFO:colcon.colcon_core.shell:Creating environment hook '/home/leo/ROS/ws/install/test/share/test/hook/cmake_prefix_path.sh'
[1.588s] Level 1:colcon.colcon_core.environment:checking '/home/leo/ROS/ws/install/test/lib'
[1.588s] Level 1:colcon.colcon_core.environment:checking '/home/leo/ROS/ws/install/test/bin'
[1.588s] Level 1:colcon.colcon_core.environment:checking '/home/leo/ROS/ws/install/test/lib/pkgconfig/test.pc'
[1.588s] Level 1:colcon.colcon_core.environment:checking '/home/leo/ROS/ws/install/test/lib/python3.10/site-packages'
[1.588s] Level 1:colcon.colcon_core.environment:checking '/home/leo/ROS/ws/install/test/bin'
[1.599s] INFO:colcon.colcon_core.shell:Creating package script '/home/leo/ROS/ws/install/test/share/test/package.ps1'
[1.599s] INFO:colcon.colcon_core.shell:Creating package descriptor '/home/leo/ROS/ws/install/test/share/test/package.dsv'
[1.600s] INFO:colcon.colcon_core.shell:Creating package script '/home/leo/ROS/ws/install/test/share/test/package.sh'
[1.601s] INFO:colcon.colcon_core.shell:Creating package script '/home/leo/ROS/ws/install/test/share/test/package.bash'
[1.601s] INFO:colcon.colcon_core.shell:Creating package script '/home/leo/ROS/ws/install/test/share/test/package.zsh'
[1.602s] Level 1:colcon.colcon_core.environment:create_file_with_runtime_dependencies(/home/leo/ROS/ws/install/test/share/colcon-core/packages/test)
[1.638s] Level 1:colcon.colcon_core.environment:create_environment_scripts_only(test)
[1.651s] Level 1:colcon.colcon_core.environment:checking '/home/leo/ROS/ws/install/test' for CMake module files
[1.651s] Level 1:colcon.colcon_core.environment:checking '/home/leo/ROS/ws/install/test' for CMake config files
[1.651s] Level 1:colcon.colcon_core.shell:create_environment_hook('test', 'cmake_prefix_path')
[1.662s] INFO:colcon.colcon_core.shell:Creating environment hook '/home/leo/ROS/ws/install/test/share/test/hook/cmake_prefix_path.ps1'
[1.662s] INFO:colcon.colcon_core.shell:Creating environment descriptor '/home/leo/ROS/ws/install/test/share/test/hook/cmake_prefix_path.dsv'
[1.663s] INFO:colcon.colcon_core.shell:Creating environment hook '/home/leo/ROS/ws/install/test/share/test/hook/cmake_prefix_path.sh'
[1.663s] Level 1:colcon.colcon_core.environment:checking '/home/leo/ROS/ws/install/test/lib'
[1.663s] Level 1:colcon.colcon_core.environment:checking '/home/leo/ROS/ws/install/test/bin'
[1.663s] Level 1:colcon.colcon_core.environment:checking '/home/leo/ROS/ws/install/test/lib/pkgconfig/test.pc'
[1.664s] Level 1:colcon.colcon_core.environment:checking '/home/leo/ROS/ws/install/test/lib/python3.10/site-packages'
[1.664s] Level 1:colcon.colcon_core.environment:checking '/home/leo/ROS/ws/install/test/bin'
[1.676s] INFO:colcon.colcon_core.shell:Creating package script '/home/leo/ROS/ws/install/test/share/test/package.ps1'
[1.677s] INFO:colcon.colcon_core.shell:Creating package descriptor '/home/leo/ROS/ws/install/test/share/test/package.dsv'
[1.677s] INFO:colcon.colcon_core.shell:Creating package script '/home/leo/ROS/ws/install/test/share/test/package.sh'
[1.678s] INFO:colcon.colcon_core.shell:Creating package script '/home/leo/ROS/ws/install/test/share/test/package.bash'
[1.678s] INFO:colcon.colcon_core.shell:Creating package script '/home/leo/ROS/ws/install/test/share/test/package.zsh'
[1.679s] Level 1:colcon.colcon_core.environment:create_file_with_runtime_dependencies(/home/leo/ROS/ws/install/test/share/colcon-core/packages/test)
[1.697s] DEBUG:colcon.colcon_core.event_handler.log_command:Invoking command in '/home/leo/ROS/ws/src/test_py': PYTHONPATH=/home/leo/ROS/ws/build/test_py/prefix_override:/home/leo/ROS/ws/install/test_py/lib/python3.10/site-packages:${PYTHONPATH} /usr/bin/python3 setup.py egg_info --egg-base ../../build/test_py build --build-base /home/leo/ROS/ws/build/test_py/build install --record /home/leo/ROS/ws/build/test_py/install.log --single-version-externally-managed
[1.927s] DEBUG:colcon.colcon_core.event_handler.log_command:Invoked command in '/home/leo/ROS/ws/src/test_py' returned '0': PYTHONPATH=/home/leo/ROS/ws/build/test_py/prefix_override:/home/leo/ROS/ws/install/test_py/lib/python3.10/site-packages:${PYTHONPATH} /usr/bin/python3 setup.py egg_info --egg-base ../../build/test_py build --build-base /home/leo/ROS/ws/build/test_py/build install --record /home/leo/ROS/ws/build/test_py/install.log --single-version-externally-managed
[1.938s] Level 1:colcon.colcon_core.environment:checking '/home/leo/ROS/ws/install/test_py' for CMake module files
[1.939s] Level 1:colcon.colcon_core.environment:checking '/home/leo/ROS/ws/install/test_py' for CMake config files
[1.939s] Level 1:colcon.colcon_core.environment:checking '/home/leo/ROS/ws/install/test_py/lib'
[1.939s] Level 1:colcon.colcon_core.environment:checking '/home/leo/ROS/ws/install/test_py/bin'
[1.939s] Level 1:colcon.colcon_core.environment:checking '/home/leo/ROS/ws/install/test_py/lib/pkgconfig/test_py.pc'
[1.939s] Level 1:colcon.colcon_core.environment:checking '/home/leo/ROS/ws/install/test_py/lib/python3.10/site-packages'
[1.939s] Level 1:colcon.colcon_core.shell:create_environment_hook('test_py', 'pythonpath')
[1.950s] INFO:colcon.colcon_core.shell:Creating environment hook '/home/leo/ROS/ws/install/test_py/share/test_py/hook/pythonpath.ps1'
[1.951s] INFO:colcon.colcon_core.shell:Creating environment descriptor '/home/leo/ROS/ws/install/test_py/share/test_py/hook/pythonpath.dsv'
[1.951s] INFO:colcon.colcon_core.shell:Creating environment hook '/home/leo/ROS/ws/install/test_py/share/test_py/hook/pythonpath.sh'
[1.951s] Level 1:colcon.colcon_core.environment:checking '/home/leo/ROS/ws/install/test_py/bin'
[1.951s] Level 1:colcon.colcon_core.environment:create_environment_scripts_only(test_py)
[1.962s] INFO:colcon.colcon_core.shell:Creating package script '/home/leo/ROS/ws/install/test_py/share/test_py/package.ps1'
[1.963s] INFO:colcon.colcon_core.shell:Creating package descriptor '/home/leo/ROS/ws/install/test_py/share/test_py/package.dsv'
[1.963s] INFO:colcon.colcon_core.shell:Creating package script '/home/leo/ROS/ws/install/test_py/share/test_py/package.sh'
[1.963s] INFO:colcon.colcon_core.shell:Creating package script '/home/leo/ROS/ws/install/test_py/share/test_py/package.bash'
[1.964s] INFO:colcon.colcon_core.shell:Creating package script '/home/leo/ROS/ws/install/test_py/share/test_py/package.zsh'
[1.964s] Level 1:colcon.colcon_core.environment:create_file_with_runtime_dependencies(/home/leo/ROS/ws/install/test_py/share/colcon-core/packages/test_py)
[1.964s] DEBUG:colcon.colcon_parallel_executor.executor.parallel:closing loop
[1.964s] DEBUG:colcon.colcon_parallel_executor.executor.parallel:loop closed
[1.965s] DEBUG:colcon.colcon_parallel_executor.executor.parallel:run_until_complete finished with '0'
[1.965s] DEBUG:colcon.colcon_core.event_reactor:joining thread
[1.994s] INFO:colcon.colcon_core.plugin_system:Skipping extension 'colcon_notification.desktop_notification.terminal_notifier': Not used on non-Darwin systems
[1.994s] INFO:colcon.colcon_core.plugin_system:Skipping extension 'colcon_notification.desktop_notification.win32': Not used on non-Windows systems
[1.995s] INFO:colcon.colcon_notification.desktop_notification:Sending desktop notification using 'notify2'
[2.012s] DEBUG:colcon.colcon_core.event_reactor:joined thread
[2.024s] INFO:colcon.colcon_core.shell:Creating prefix script '/home/leo/ROS/ws/install/local_setup.ps1'
[2.025s] INFO:colcon.colcon_core.shell:Creating prefix util module '/home/leo/ROS/ws/install/_local_setup_util_ps1.py'
[2.026s] INFO:colcon.colcon_core.shell:Creating prefix chain script '/home/leo/ROS/ws/install/setup.ps1'
[2.038s] INFO:colcon.colcon_core.shell:Creating prefix script '/home/leo/ROS/ws/install/local_setup.sh'
[2.038s] INFO:colcon.colcon_core.shell:Creating prefix util module '/home/leo/ROS/ws/install/_local_setup_util_sh.py'
[2.039s] INFO:colcon.colcon_core.shell:Creating prefix chain script '/home/leo/ROS/ws/install/setup.sh'
[2.050s] INFO:colcon.colcon_core.shell:Creating prefix script '/home/leo/ROS/ws/install/local_setup.bash'
[2.051s] INFO:colcon.colcon_core.shell:Creating prefix chain script '/home/leo/ROS/ws/install/setup.bash'
[2.063s] INFO:colcon.colcon_core.shell:Creating prefix script '/home/leo/ROS/ws/install/local_setup.zsh'
[2.063s] INFO:colcon.colcon_core.shell:Creating prefix chain script '/home/leo/ROS/ws/install/setup.zsh'
