[0.091s] Invoking command in '/home/leo/ROS/ws/build/2023_AMR_URDF_2': /usr/bin/cmake /home/leo/ROS/ws/src/2023_urdf -DCATKIN_INSTALL_INTO_PREFIX_ROOT=0 -DCMAKE_INSTALL_PREFIX=/home/leo/ROS/ws/install/2023_AMR_URDF_2
[0.098s] [0mCMake Deprecation Warning at CMakeLists.txt:1 (cmake_minimum_required):
[0.099s]   Compatibility with CMake < 2.8.12 will be removed from a future version of
[0.099s]   CMake.
[0.099s] 
[0.099s]   Update the VERSION argument <min> value or use a ...<max> suffix to tell
[0.099s]   CMake that the project does not need compatibility with older versions.
[0.099s] 
[0.099s] [0m
[0.115s] [31mCMake Error at CMakeLists.txt:5 (find_package):
[0.116s]   By not providing "Findcatkin.cmake" in CMAKE_MODULE_PATH this project has
[0.116s]   asked CMake to find a package configuration file provided by "catkin", but
[0.116s]   CMake did not find one.
[0.116s] 
[0.116s]   Could not find a package configuration file provided by "catkin" with any
[0.116s]   of the following names:
[0.116s] 
[0.116s]     catkinConfig.cmake
[0.116s]     catkin-config.cmake
[0.116s] 
[0.116s]   Add the installation prefix of "catkin" to CMAKE_PREFIX_PATH or set
[0.116s]   "catkin_DIR" to a directory containing one of the above files.  If "catkin"
[0.116s]   provides a separate development package or SDK, be sure it has been
[0.116s]   installed.
[0.116s] 
[0.116s] [0m
[0.116s] -- Configuring incomplete, errors occurred!
[0.116s] See also "/home/leo/ROS/ws/build/2023_AMR_URDF_2/CMakeFiles/CMakeOutput.log".
[0.118s] Invoked command in '/home/leo/ROS/ws/build/2023_AMR_URDF_2' returned '1': /usr/bin/cmake /home/leo/ROS/ws/src/2023_urdf -DCATKIN_INSTALL_INTO_PREFIX_ROOT=0 -DCMAKE_INSTALL_PREFIX=/home/leo/ROS/ws/install/2023_AMR_URDF_2
