[0.094s] Invoking command in '/home/leo/ROS/ws/build/2023_AMR': CMAKE_PREFIX_PATH=${CMAKE_PREFIX_PATH}:/opt/ros/humble /usr/bin/cmake --build /home/leo/ROS/ws/build/2023_AMR -- -j16 -l16
[0.139s] Invoked command in '/home/leo/ROS/ws/build/2023_AMR' returned '0': CMAKE_PREFIX_PATH=${CMAKE_PREFIX_PATH}:/opt/ros/humble /usr/bin/cmake --build /home/leo/ROS/ws/build/2023_AMR -- -j16 -l16
[0.178s] Invoking command in '/home/leo/ROS/ws/build/2023_AMR': CMAKE_PREFIX_PATH=${CMAKE_PREFIX_PATH}:/opt/ros/humble /usr/bin/cmake --install /home/leo/ROS/ws/build/2023_AMR
[0.186s] -- Install configuration: ""
[0.186s] -- Up-to-date: /home/leo/ROS/ws/install/2023_AMR/share/ament_index/resource_index/package_run_dependencies/2023_AMR
[0.186s] -- Up-to-date: /home/leo/ROS/ws/install/2023_AMR/share/ament_index/resource_index/parent_prefix_path/2023_AMR
[0.186s] -- Up-to-date: /home/leo/ROS/ws/install/2023_AMR/share/2023_AMR/environment/ament_prefix_path.sh
[0.186s] -- Up-to-date: /home/leo/ROS/ws/install/2023_AMR/share/2023_AMR/environment/ament_prefix_path.dsv
[0.187s] -- Up-to-date: /home/leo/ROS/ws/install/2023_AMR/share/2023_AMR/environment/path.sh
[0.187s] -- Up-to-date: /home/leo/ROS/ws/install/2023_AMR/share/2023_AMR/environment/path.dsv
[0.187s] -- Up-to-date: /home/leo/ROS/ws/install/2023_AMR/share/2023_AMR/local_setup.bash
[0.187s] -- Up-to-date: /home/leo/ROS/ws/install/2023_AMR/share/2023_AMR/local_setup.sh
[0.187s] -- Up-to-date: /home/leo/ROS/ws/install/2023_AMR/share/2023_AMR/local_setup.zsh
[0.187s] -- Up-to-date: /home/leo/ROS/ws/install/2023_AMR/share/2023_AMR/local_setup.dsv
[0.187s] -- Installing: /home/leo/ROS/ws/install/2023_AMR/share/2023_AMR/package.dsv
[0.187s] -- Up-to-date: /home/leo/ROS/ws/install/2023_AMR/share/ament_index/resource_index/packages/2023_AMR
[0.187s] -- Up-to-date: /home/leo/ROS/ws/install/2023_AMR/share/2023_AMR/cmake/2023_AMRConfig.cmake
[0.187s] -- Up-to-date: /home/leo/ROS/ws/install/2023_AMR/share/2023_AMR/cmake/2023_AMRConfig-version.cmake
[0.188s] -- Up-to-date: /home/leo/ROS/ws/install/2023_AMR/share/2023_AMR/package.xml
[0.188s] Invoked command in '/home/leo/ROS/ws/build/2023_AMR' returned '0': CMAKE_PREFIX_PATH=${CMAKE_PREFIX_PATH}:/opt/ros/humble /usr/bin/cmake --install /home/leo/ROS/ws/build/2023_AMR
