[0.180s] Invoking command in '/home/leo/ROS/build/2023_AMR': CMAKE_PREFIX_PATH=${CMAKE_PREFIX_PATH}:/home/leo/ROS/ws/install/test_py:/opt/ros/humble /usr/bin/cmake --build /home/leo/ROS/build/2023_AMR -- -j16 -l16
[0.507s] Invoked command in '/home/leo/ROS/build/2023_AMR' returned '0': CMAKE_PREFIX_PATH=${CMAKE_PREFIX_PATH}:/home/leo/ROS/ws/install/test_py:/opt/ros/humble /usr/bin/cmake --build /home/leo/ROS/build/2023_AMR -- -j16 -l16
[0.548s] Invoking command in '/home/leo/ROS/build/2023_AMR': CMAKE_PREFIX_PATH=${CMAKE_PREFIX_PATH}:/home/leo/ROS/ws/install/test_py:/opt/ros/humble /usr/bin/cmake --install /home/leo/ROS/build/2023_AMR
[0.556s] -- Install configuration: ""
[0.556s] -- Execute custom install script
[0.557s] -- Up-to-date symlink: /home/leo/ROS/install/2023_AMR/share/ament_index/resource_index/package_run_dependencies/2023_AMR
[0.557s] -- Up-to-date symlink: /home/leo/ROS/install/2023_AMR/share/ament_index/resource_index/parent_prefix_path/2023_AMR
[0.557s] -- Up-to-date symlink: /home/leo/ROS/install/2023_AMR/share/2023_AMR/environment/ament_prefix_path.sh
[0.557s] -- Up-to-date symlink: /home/leo/ROS/install/2023_AMR/share/2023_AMR/environment/ament_prefix_path.dsv
[0.557s] -- Up-to-date symlink: /home/leo/ROS/install/2023_AMR/share/2023_AMR/environment/path.sh
[0.557s] -- Up-to-date symlink: /home/leo/ROS/install/2023_AMR/share/2023_AMR/environment/path.dsv
[0.557s] -- Up-to-date symlink: /home/leo/ROS/install/2023_AMR/share/2023_AMR/local_setup.bash
[0.558s] -- Up-to-date symlink: /home/leo/ROS/install/2023_AMR/share/2023_AMR/local_setup.sh
[0.558s] -- Up-to-date symlink: /home/leo/ROS/install/2023_AMR/share/2023_AMR/local_setup.zsh
[0.558s] -- Up-to-date symlink: /home/leo/ROS/install/2023_AMR/share/2023_AMR/local_setup.dsv
[0.558s] -- Symlinking: /home/leo/ROS/install/2023_AMR/share/2023_AMR/package.dsv
[0.568s] -- Up-to-date symlink: /home/leo/ROS/install/2023_AMR/share/ament_index/resource_index/packages/2023_AMR
[0.568s] -- Up-to-date symlink: /home/leo/ROS/install/2023_AMR/share/2023_AMR/cmake/2023_AMRConfig.cmake
[0.568s] -- Up-to-date symlink: /home/leo/ROS/install/2023_AMR/share/2023_AMR/cmake/2023_AMRConfig-version.cmake
[0.569s] -- Up-to-date symlink: /home/leo/ROS/install/2023_AMR/share/2023_AMR/package.xml
[0.571s] Invoked command in '/home/leo/ROS/build/2023_AMR' returned '0': CMAKE_PREFIX_PATH=${CMAKE_PREFIX_PATH}:/home/leo/ROS/ws/install/test_py:/opt/ros/humble /usr/bin/cmake --install /home/leo/ROS/build/2023_AMR
