[0.747s] DEBUG:colcon:Command line arguments: ['/usr/bin/colcon', 'build']
[0.747s] DEBUG:colcon:Parsed command line arguments: Namespace(log_base=None, log_level=None, verb_name='build', build_base='build', install_base='install', merge_install=False, symlink_install=False, test_result_base=None, continue_on_error=False, executor='parallel', parallel_workers=16, event_handlers=None, ignore_user_meta=False, metas=['./colcon.meta'], base_paths=['.'], packages_ignore=None, packages_ignore_regex=None, paths=None, packages_up_to=None, packages_up_to_regex=None, packages_above=None, packages_above_and_dependencies=None, packages_above_depth=None, packages_select_by_dep=None, packages_skip_by_dep=None, packages_skip_up_to=None, packages_select_build_failed=False, packages_skip_build_finished=False, packages_select_test_failures=False, packages_skip_test_passed=False, packages_select=None, packages_skip=None, packages_select_regex=None, packages_skip_regex=None, packages_start=None, packages_end=None, allow_overriding=[], cmake_args=None, cmake_target=None, cmake_target_skip_unavailable=False, cmake_clean_cache=False, cmake_clean_first=False, cmake_force_configure=False, ament_cmake_args=None, catkin_cmake_args=None, catkin_skip_building_tests=False, verb_parser=<colcon_defaults.argument_parser.defaults.DefaultArgumentsDecorator object at 0x7f535a48d8a0>, verb_extension=<colcon_core.verb.build.BuildVerb object at 0x7f535a763e50>, main=<bound method BuildVerb.main of <colcon_core.verb.build.BuildVerb object at 0x7f535a763e50>>)
[0.781s] Level 1:colcon.colcon_core.package_discovery:discover_packages(colcon_meta) check parameters
[0.781s] Level 1:colcon.colcon_core.package_discovery:discover_packages(recursive) check parameters
[0.781s] Level 1:colcon.colcon_core.package_discovery:discover_packages(ignore) check parameters
[0.781s] Level 1:colcon.colcon_core.package_discovery:discover_packages(path) check parameters
[0.782s] Level 1:colcon.colcon_core.package_discovery:discover_packages(colcon_meta) discover
[0.782s] Level 1:colcon.colcon_core.package_discovery:discover_packages(recursive) discover
[0.782s] INFO:colcon.colcon_core.package_discovery:Crawling recursively for packages in '/home/leo/ROS/ws'
[0.782s] Level 1:colcon.colcon_core.package_identification:_identify(.) by extensions ['ignore', 'ignore_ament_install']
[0.782s] Level 1:colcon.colcon_core.package_identification:_identify(.) by extension 'ignore'
[0.782s] Level 1:colcon.colcon_core.package_identification:_identify(.) by extension 'ignore_ament_install'
[0.782s] Level 1:colcon.colcon_core.package_identification:_identify(.) by extensions ['colcon_pkg']
[0.782s] Level 1:colcon.colcon_core.package_identification:_identify(.) by extension 'colcon_pkg'
[0.782s] Level 1:colcon.colcon_core.package_identification:_identify(.) by extensions ['colcon_meta']
[0.782s] Level 1:colcon.colcon_core.package_identification:_identify(.) by extension 'colcon_meta'
[0.782s] Level 1:colcon.colcon_core.package_identification:_identify(.) by extensions ['ros']
[0.782s] Level 1:colcon.colcon_core.package_identification:_identify(.) by extension 'ros'
[0.791s] Level 1:colcon.colcon_core.package_identification:_identify(.) by extensions ['cmake', 'python']
[0.791s] Level 1:colcon.colcon_core.package_identification:_identify(.) by extension 'cmake'
[0.791s] Level 1:colcon.colcon_core.package_identification:_identify(.) by extension 'python'
[0.791s] Level 1:colcon.colcon_core.package_identification:_identify(.) by extensions ['python_setup_py']
[0.791s] Level 1:colcon.colcon_core.package_identification:_identify(.) by extension 'python_setup_py'
[0.791s] Level 1:colcon.colcon_core.package_identification:_identify(build) by extensions ['ignore', 'ignore_ament_install']
[0.791s] Level 1:colcon.colcon_core.package_identification:_identify(build) by extension 'ignore'
[0.791s] Level 1:colcon.colcon_core.package_identification:_identify(build) ignored
[0.792s] Level 1:colcon.colcon_core.package_identification:_identify(install) by extensions ['ignore', 'ignore_ament_install']
[0.792s] Level 1:colcon.colcon_core.package_identification:_identify(install) by extension 'ignore'
[0.792s] Level 1:colcon.colcon_core.package_identification:_identify(install) ignored
[0.792s] Level 1:colcon.colcon_core.package_identification:_identify(log) by extensions ['ignore', 'ignore_ament_install']
[0.792s] Level 1:colcon.colcon_core.package_identification:_identify(log) by extension 'ignore'
[0.792s] Level 1:colcon.colcon_core.package_identification:_identify(log) ignored
[0.792s] Level 1:colcon.colcon_core.package_identification:_identify(src) by extensions ['ignore', 'ignore_ament_install']
[0.792s] Level 1:colcon.colcon_core.package_identification:_identify(src) by extension 'ignore'
[0.792s] Level 1:colcon.colcon_core.package_identification:_identify(src) by extension 'ignore_ament_install'
[0.792s] Level 1:colcon.colcon_core.package_identification:_identify(src) by extensions ['colcon_pkg']
[0.792s] Level 1:colcon.colcon_core.package_identification:_identify(src) by extension 'colcon_pkg'
[0.792s] Level 1:colcon.colcon_core.package_identification:_identify(src) by extensions ['colcon_meta']
[0.792s] Level 1:colcon.colcon_core.package_identification:_identify(src) by extension 'colcon_meta'
[0.792s] Level 1:colcon.colcon_core.package_identification:_identify(src) by extensions ['ros']
[0.792s] Level 1:colcon.colcon_core.package_identification:_identify(src) by extension 'ros'
[0.792s] Level 1:colcon.colcon_core.package_identification:_identify(src) by extensions ['cmake', 'python']
[0.792s] Level 1:colcon.colcon_core.package_identification:_identify(src) by extension 'cmake'
[0.792s] Level 1:colcon.colcon_core.package_identification:_identify(src) by extension 'python'
[0.792s] Level 1:colcon.colcon_core.package_identification:_identify(src) by extensions ['python_setup_py']
[0.792s] Level 1:colcon.colcon_core.package_identification:_identify(src) by extension 'python_setup_py'
[0.792s] Level 1:colcon.colcon_core.package_identification:_identify(src/2023_AMR) by extensions ['ignore', 'ignore_ament_install']
[0.792s] Level 1:colcon.colcon_core.package_identification:_identify(src/2023_AMR) by extension 'ignore'
[0.792s] Level 1:colcon.colcon_core.package_identification:_identify(src/2023_AMR) by extension 'ignore_ament_install'
[0.793s] Level 1:colcon.colcon_core.package_identification:_identify(src/2023_AMR) by extensions ['colcon_pkg']
[0.793s] Level 1:colcon.colcon_core.package_identification:_identify(src/2023_AMR) by extension 'colcon_pkg'
[0.793s] Level 1:colcon.colcon_core.package_identification:_identify(src/2023_AMR) by extensions ['colcon_meta']
[0.793s] Level 1:colcon.colcon_core.package_identification:_identify(src/2023_AMR) by extension 'colcon_meta'
[0.793s] Level 1:colcon.colcon_core.package_identification:_identify(src/2023_AMR) by extensions ['ros']
[0.793s] Level 1:colcon.colcon_core.package_identification:_identify(src/2023_AMR) by extension 'ros'
[0.795s] DEBUG:colcon.colcon_core.package_identification:Package 'src/2023_AMR' with type 'ros.ament_cmake' and name '2023_AMR'
[0.795s] Level 1:colcon.colcon_core.package_identification:_identify(src/test) by extensions ['ignore', 'ignore_ament_install']
[0.795s] Level 1:colcon.colcon_core.package_identification:_identify(src/test) by extension 'ignore'
[0.795s] Level 1:colcon.colcon_core.package_identification:_identify(src/test) by extension 'ignore_ament_install'
[0.795s] Level 1:colcon.colcon_core.package_identification:_identify(src/test) by extensions ['colcon_pkg']
[0.795s] Level 1:colcon.colcon_core.package_identification:_identify(src/test) by extension 'colcon_pkg'
[0.795s] Level 1:colcon.colcon_core.package_identification:_identify(src/test) by extensions ['colcon_meta']
[0.795s] Level 1:colcon.colcon_core.package_identification:_identify(src/test) by extension 'colcon_meta'
[0.795s] Level 1:colcon.colcon_core.package_identification:_identify(src/test) by extensions ['ros']
[0.795s] Level 1:colcon.colcon_core.package_identification:_identify(src/test) by extension 'ros'
[0.796s] WARNING:colcon.colcon_core.package_identification:ROS package 'test' in 'src/test' has more than one build type
[0.796s] Level 1:colcon.colcon_core.package_identification:_identify(src/test) by extensions ['cmake', 'python']
[0.796s] Level 1:colcon.colcon_core.package_identification:_identify(src/test) by extension 'cmake'
[0.797s] Level 1:colcon.colcon_core.package_identification:_identify(src/test) by extension 'python'
[0.797s] DEBUG:colcon.colcon_core.package_identification:Package 'src/test' with type 'cmake' and name 'test'
[0.797s] Level 1:colcon.colcon_core.package_discovery:discover_packages(recursive) using defaults
[0.797s] Level 1:colcon.colcon_core.package_discovery:discover_packages(ignore) discover
[0.797s] Level 1:colcon.colcon_core.package_discovery:discover_packages(ignore) using defaults
[0.797s] Level 1:colcon.colcon_core.package_discovery:discover_packages(path) discover
[0.797s] Level 1:colcon.colcon_core.package_discovery:discover_packages(path) using defaults
[0.864s] Level 1:colcon.colcon_core.package_discovery:discover_packages(prefix_path) check parameters
[0.864s] Level 1:colcon.colcon_core.package_discovery:discover_packages(prefix_path) discover
[0.885s] DEBUG:colcon.colcon_installed_package_information.package_discovery:Found 3 installed packages in /home/leo/ROS/ws/install
[0.897s] DEBUG:colcon.colcon_installed_package_information.package_discovery:Found 297 installed packages in /opt/ros/humble
[0.898s] Level 1:colcon.colcon_core.package_discovery:discover_packages(prefix_path) using defaults
[0.967s] Level 5:colcon.colcon_core.verb:set package '2023_AMR' build argument 'cmake_args' from command line to 'None'
[0.967s] Level 5:colcon.colcon_core.verb:set package '2023_AMR' build argument 'cmake_target' from command line to 'None'
[0.967s] Level 5:colcon.colcon_core.verb:set package '2023_AMR' build argument 'cmake_target_skip_unavailable' from command line to 'False'
[0.968s] Level 5:colcon.colcon_core.verb:set package '2023_AMR' build argument 'cmake_clean_cache' from command line to 'False'
[0.968s] Level 5:colcon.colcon_core.verb:set package '2023_AMR' build argument 'cmake_clean_first' from command line to 'False'
[0.968s] Level 5:colcon.colcon_core.verb:set package '2023_AMR' build argument 'cmake_force_configure' from command line to 'False'
[0.968s] Level 5:colcon.colcon_core.verb:set package '2023_AMR' build argument 'ament_cmake_args' from command line to 'None'
[0.968s] Level 5:colcon.colcon_core.verb:set package '2023_AMR' build argument 'catkin_cmake_args' from command line to 'None'
[0.968s] Level 5:colcon.colcon_core.verb:set package '2023_AMR' build argument 'catkin_skip_building_tests' from command line to 'False'
[0.968s] DEBUG:colcon.colcon_core.verb:Building package '2023_AMR' with the following arguments: {'ament_cmake_args': None, 'build_base': '/home/leo/ROS/ws/build/2023_AMR', 'catkin_cmake_args': None, 'catkin_skip_building_tests': False, 'cmake_args': None, 'cmake_clean_cache': False, 'cmake_clean_first': False, 'cmake_force_configure': False, 'cmake_target': None, 'cmake_target_skip_unavailable': False, 'install_base': '/home/leo/ROS/ws/install/2023_AMR', 'merge_install': False, 'path': '/home/leo/ROS/ws/src/2023_AMR', 'symlink_install': False, 'test_result_base': None}
[0.978s] Level 5:colcon.colcon_core.verb:set package 'test' build argument 'cmake_args' from command line to 'None'
[0.978s] Level 5:colcon.colcon_core.verb:set package 'test' build argument 'cmake_target' from command line to 'None'
[0.978s] Level 5:colcon.colcon_core.verb:set package 'test' build argument 'cmake_target_skip_unavailable' from command line to 'False'
[0.978s] Level 5:colcon.colcon_core.verb:set package 'test' build argument 'cmake_clean_cache' from command line to 'False'
[0.978s] Level 5:colcon.colcon_core.verb:set package 'test' build argument 'cmake_clean_first' from command line to 'False'
[0.978s] Level 5:colcon.colcon_core.verb:set package 'test' build argument 'cmake_force_configure' from command line to 'False'
[0.978s] Level 5:colcon.colcon_core.verb:set package 'test' build argument 'ament_cmake_args' from command line to 'None'
[0.978s] Level 5:colcon.colcon_core.verb:set package 'test' build argument 'catkin_cmake_args' from command line to 'None'
[0.978s] Level 5:colcon.colcon_core.verb:set package 'test' build argument 'catkin_skip_building_tests' from command line to 'False'
[0.978s] DEBUG:colcon.colcon_core.verb:Building package 'test' with the following arguments: {'ament_cmake_args': None, 'build_base': '/home/leo/ROS/ws/build/test', 'catkin_cmake_args': None, 'catkin_skip_building_tests': False, 'cmake_args': None, 'cmake_clean_cache': False, 'cmake_clean_first': False, 'cmake_force_configure': False, 'cmake_target': None, 'cmake_target_skip_unavailable': False, 'install_base': '/home/leo/ROS/ws/install/test', 'merge_install': False, 'path': '/home/leo/ROS/ws/src/test', 'symlink_install': False, 'test_result_base': None}
[0.988s] INFO:colcon.colcon_core.executor:Executing jobs using 'parallel' executor
[0.999s] DEBUG:colcon.colcon_parallel_executor.executor.parallel:run_until_complete
[0.999s] INFO:colcon.colcon_ros.task.ament_cmake.build:Building ROS package in '/home/leo/ROS/ws/src/2023_AMR' with build type 'ament_cmake'
[1.000s] INFO:colcon.colcon_cmake.task.cmake.build:Building CMake package in '/home/leo/ROS/ws/src/2023_AMR'
[1.012s] INFO:colcon.colcon_core.plugin_system:Skipping extension 'colcon_core.shell.bat': Not used on non-Windows systems
[1.012s] INFO:colcon.colcon_core.shell:Skip shell extension 'powershell' for command environment: Not usable outside of PowerShell
[1.012s] DEBUG:colcon.colcon_core.shell:Skip shell extension 'dsv' for command environment
[1.046s] INFO:colcon.colcon_cmake.task.cmake.build:Building CMake package in '/home/leo/ROS/ws/src/test'
[1.057s] INFO:colcon.colcon_core.shell:Skip shell extension 'powershell' for command environment: Not usable outside of PowerShell
[1.057s] DEBUG:colcon.colcon_core.shell:Skip shell extension 'dsv' for command environment
[1.096s] DEBUG:colcon.colcon_core.event_handler.log_command:Invoking command in '/home/leo/ROS/ws/build/2023_AMR': CMAKE_PREFIX_PATH=${CMAKE_PREFIX_PATH}:/opt/ros/humble /usr/bin/cmake --build /home/leo/ROS/ws/build/2023_AMR -- -j16 -l16
[1.099s] DEBUG:colcon.colcon_core.event_handler.log_command:Invoking command in '/home/leo/ROS/ws/build/test': /usr/bin/cmake --build /home/leo/ROS/ws/build/test -- -j16 -l16
[1.140s] DEBUG:colcon.colcon_core.event_handler.log_command:Invoked command in '/home/leo/ROS/ws/build/2023_AMR' returned '0': CMAKE_PREFIX_PATH=${CMAKE_PREFIX_PATH}:/opt/ros/humble /usr/bin/cmake --build /home/leo/ROS/ws/build/2023_AMR -- -j16 -l16
[1.179s] DEBUG:colcon.colcon_core.event_handler.log_command:Invoking command in '/home/leo/ROS/ws/build/2023_AMR': CMAKE_PREFIX_PATH=${CMAKE_PREFIX_PATH}:/opt/ros/humble /usr/bin/cmake --install /home/leo/ROS/ws/build/2023_AMR
[1.189s] Level 1:colcon.colcon_core.environment:create_environment_scripts_only(2023_AMR)
[1.189s] DEBUG:colcon.colcon_core.event_handler.log_command:Invoked command in '/home/leo/ROS/ws/build/2023_AMR' returned '0': CMAKE_PREFIX_PATH=${CMAKE_PREFIX_PATH}:/opt/ros/humble /usr/bin/cmake --install /home/leo/ROS/ws/build/2023_AMR
[1.201s] Level 1:colcon.colcon_core.environment:checking '/home/leo/ROS/ws/install/2023_AMR' for CMake module files
[1.202s] Level 1:colcon.colcon_core.environment:checking '/home/leo/ROS/ws/install/2023_AMR' for CMake config files
[1.202s] Level 1:colcon.colcon_core.shell:create_environment_hook('2023_AMR', 'cmake_prefix_path')
[1.213s] INFO:colcon.colcon_core.shell:Creating environment hook '/home/leo/ROS/ws/install/2023_AMR/share/2023_AMR/hook/cmake_prefix_path.ps1'
[1.213s] INFO:colcon.colcon_core.shell:Creating environment descriptor '/home/leo/ROS/ws/install/2023_AMR/share/2023_AMR/hook/cmake_prefix_path.dsv'
[1.213s] INFO:colcon.colcon_core.shell:Creating environment hook '/home/leo/ROS/ws/install/2023_AMR/share/2023_AMR/hook/cmake_prefix_path.sh'
[1.214s] Level 1:colcon.colcon_core.environment:checking '/home/leo/ROS/ws/install/2023_AMR/bin'
[1.214s] Level 1:colcon.colcon_core.environment:checking '/home/leo/ROS/ws/install/2023_AMR/lib/pkgconfig/2023_AMR.pc'
[1.214s] Level 1:colcon.colcon_core.environment:checking '/home/leo/ROS/ws/install/2023_AMR/lib/python3.10/site-packages'
[1.214s] Level 1:colcon.colcon_core.environment:checking '/home/leo/ROS/ws/install/2023_AMR/bin'
[1.225s] INFO:colcon.colcon_core.shell:Creating package script '/home/leo/ROS/ws/install/2023_AMR/share/2023_AMR/package.ps1'
[1.226s] INFO:colcon.colcon_core.shell:Creating package descriptor '/home/leo/ROS/ws/install/2023_AMR/share/2023_AMR/package.dsv'
[1.226s] INFO:colcon.colcon_core.shell:Creating package script '/home/leo/ROS/ws/install/2023_AMR/share/2023_AMR/package.sh'
[1.227s] INFO:colcon.colcon_core.shell:Creating package script '/home/leo/ROS/ws/install/2023_AMR/share/2023_AMR/package.bash'
[1.227s] INFO:colcon.colcon_core.shell:Creating package script '/home/leo/ROS/ws/install/2023_AMR/share/2023_AMR/package.zsh'
[1.228s] Level 1:colcon.colcon_core.environment:create_file_with_runtime_dependencies(/home/leo/ROS/ws/install/2023_AMR/share/colcon-core/packages/2023_AMR)
[1.263s] Level 1:colcon.colcon_core.environment:create_environment_scripts_only(2023_AMR)
[1.273s] Level 1:colcon.colcon_core.environment:checking '/home/leo/ROS/ws/install/2023_AMR' for CMake module files
[1.273s] Level 1:colcon.colcon_core.environment:checking '/home/leo/ROS/ws/install/2023_AMR' for CMake config files
[1.273s] Level 1:colcon.colcon_core.shell:create_environment_hook('2023_AMR', 'cmake_prefix_path')
[1.284s] INFO:colcon.colcon_core.shell:Creating environment hook '/home/leo/ROS/ws/install/2023_AMR/share/2023_AMR/hook/cmake_prefix_path.ps1'
[1.284s] INFO:colcon.colcon_core.shell:Creating environment descriptor '/home/leo/ROS/ws/install/2023_AMR/share/2023_AMR/hook/cmake_prefix_path.dsv'
[1.284s] INFO:colcon.colcon_core.shell:Creating environment hook '/home/leo/ROS/ws/install/2023_AMR/share/2023_AMR/hook/cmake_prefix_path.sh'
[1.285s] Level 1:colcon.colcon_core.environment:checking '/home/leo/ROS/ws/install/2023_AMR/bin'
[1.285s] Level 1:colcon.colcon_core.environment:checking '/home/leo/ROS/ws/install/2023_AMR/lib/pkgconfig/2023_AMR.pc'
[1.285s] Level 1:colcon.colcon_core.environment:checking '/home/leo/ROS/ws/install/2023_AMR/lib/python3.10/site-packages'
[1.285s] Level 1:colcon.colcon_core.environment:checking '/home/leo/ROS/ws/install/2023_AMR/bin'
[1.295s] INFO:colcon.colcon_core.shell:Creating package script '/home/leo/ROS/ws/install/2023_AMR/share/2023_AMR/package.ps1'
[1.296s] INFO:colcon.colcon_core.shell:Creating package descriptor '/home/leo/ROS/ws/install/2023_AMR/share/2023_AMR/package.dsv'
[1.296s] INFO:colcon.colcon_core.shell:Creating package script '/home/leo/ROS/ws/install/2023_AMR/share/2023_AMR/package.sh'
[1.297s] INFO:colcon.colcon_core.shell:Creating package script '/home/leo/ROS/ws/install/2023_AMR/share/2023_AMR/package.bash'
[1.297s] INFO:colcon.colcon_core.shell:Creating package script '/home/leo/ROS/ws/install/2023_AMR/share/2023_AMR/package.zsh'
[1.297s] Level 1:colcon.colcon_core.environment:create_file_with_runtime_dependencies(/home/leo/ROS/ws/install/2023_AMR/share/colcon-core/packages/2023_AMR)
[1.403s] DEBUG:colcon.colcon_core.event_handler.log_command:Invoked command in '/home/leo/ROS/ws/build/test' returned '0': /usr/bin/cmake --build /home/leo/ROS/ws/build/test -- -j16 -l16
[1.433s] DEBUG:colcon.colcon_core.event_handler.log_command:Invoking command in '/home/leo/ROS/ws/build/test': /usr/bin/cmake --install /home/leo/ROS/ws/build/test
[1.475s] Level 1:colcon.colcon_core.environment:create_environment_scripts_only(test)
[1.475s] DEBUG:colcon.colcon_core.event_handler.log_command:Invoked command in '/home/leo/ROS/ws/build/test' returned '0': /usr/bin/cmake --install /home/leo/ROS/ws/build/test
[1.486s] Level 1:colcon.colcon_core.environment:checking '/home/leo/ROS/ws/install/test' for CMake module files
[1.486s] Level 1:colcon.colcon_core.environment:checking '/home/leo/ROS/ws/install/test' for CMake config files
[1.486s] Level 1:colcon.colcon_core.shell:create_environment_hook('test', 'cmake_prefix_path')
[1.497s] INFO:colcon.colcon_core.shell:Creating environment hook '/home/leo/ROS/ws/install/test/share/test/hook/cmake_prefix_path.ps1'
[1.497s] INFO:colcon.colcon_core.shell:Creating environment descriptor '/home/leo/ROS/ws/install/test/share/test/hook/cmake_prefix_path.dsv'
[1.498s] INFO:colcon.colcon_core.shell:Creating environment hook '/home/leo/ROS/ws/install/test/share/test/hook/cmake_prefix_path.sh'
[1.498s] Level 1:colcon.colcon_core.environment:checking '/home/leo/ROS/ws/install/test/lib'
[1.498s] Level 1:colcon.colcon_core.environment:checking '/home/leo/ROS/ws/install/test/bin'
[1.499s] Level 1:colcon.colcon_core.environment:checking '/home/leo/ROS/ws/install/test/lib/pkgconfig/test.pc'
[1.499s] Level 1:colcon.colcon_core.environment:checking '/home/leo/ROS/ws/install/test/lib/python3.10/site-packages'
[1.499s] Level 1:colcon.colcon_core.environment:checking '/home/leo/ROS/ws/install/test/bin'
[1.510s] INFO:colcon.colcon_core.shell:Creating package script '/home/leo/ROS/ws/install/test/share/test/package.ps1'
[1.510s] INFO:colcon.colcon_core.shell:Creating package descriptor '/home/leo/ROS/ws/install/test/share/test/package.dsv'
[1.510s] INFO:colcon.colcon_core.shell:Creating package script '/home/leo/ROS/ws/install/test/share/test/package.sh'
[1.511s] INFO:colcon.colcon_core.shell:Creating package script '/home/leo/ROS/ws/install/test/share/test/package.bash'
[1.511s] INFO:colcon.colcon_core.shell:Creating package script '/home/leo/ROS/ws/install/test/share/test/package.zsh'
[1.511s] Level 1:colcon.colcon_core.environment:create_file_with_runtime_dependencies(/home/leo/ROS/ws/install/test/share/colcon-core/packages/test)
[1.511s] DEBUG:colcon.colcon_parallel_executor.executor.parallel:closing loop
[1.512s] DEBUG:colcon.colcon_parallel_executor.executor.parallel:loop closed
[1.512s] DEBUG:colcon.colcon_parallel_executor.executor.parallel:run_until_complete finished with '0'
[1.512s] DEBUG:colcon.colcon_core.event_reactor:joining thread
[1.527s] INFO:colcon.colcon_core.plugin_system:Skipping extension 'colcon_notification.desktop_notification.terminal_notifier': Not used on non-Darwin systems
[1.527s] INFO:colcon.colcon_core.plugin_system:Skipping extension 'colcon_notification.desktop_notification.win32': Not used on non-Windows systems
[1.527s] INFO:colcon.colcon_notification.desktop_notification:Sending desktop notification using 'notify2'
[1.540s] DEBUG:colcon.colcon_core.event_reactor:joined thread
[1.553s] INFO:colcon.colcon_core.shell:Creating prefix script '/home/leo/ROS/ws/install/local_setup.ps1'
[1.553s] INFO:colcon.colcon_core.shell:Creating prefix util module '/home/leo/ROS/ws/install/_local_setup_util_ps1.py'
[1.554s] INFO:colcon.colcon_core.shell:Creating prefix chain script '/home/leo/ROS/ws/install/setup.ps1'
[1.566s] INFO:colcon.colcon_core.shell:Creating prefix script '/home/leo/ROS/ws/install/local_setup.sh'
[1.566s] INFO:colcon.colcon_core.shell:Creating prefix util module '/home/leo/ROS/ws/install/_local_setup_util_sh.py'
[1.567s] INFO:colcon.colcon_core.shell:Creating prefix chain script '/home/leo/ROS/ws/install/setup.sh'
[1.591s] INFO:colcon.colcon_core.shell:Creating prefix script '/home/leo/ROS/ws/install/local_setup.bash'
[1.592s] INFO:colcon.colcon_core.shell:Creating prefix chain script '/home/leo/ROS/ws/install/setup.bash'
[1.603s] INFO:colcon.colcon_core.shell:Creating prefix script '/home/leo/ROS/ws/install/local_setup.zsh'
[1.603s] INFO:colcon.colcon_core.shell:Creating prefix chain script '/home/leo/ROS/ws/install/setup.zsh'
