[0.725s] DEBUG:colcon:Command line arguments: ['/usr/bin/colcon', 'build']
[0.725s] DEBUG:colcon:Parsed command line arguments: Namespace(log_base=None, log_level=None, verb_name='build', build_base='build', install_base='install', merge_install=False, symlink_install=False, test_result_base=None, continue_on_error=False, executor='parallel', parallel_workers=16, event_handlers=None, ignore_user_meta=False, metas=['./colcon.meta'], base_paths=['.'], packages_ignore=None, packages_ignore_regex=None, paths=None, packages_up_to=None, packages_up_to_regex=None, packages_above=None, packages_above_and_dependencies=None, packages_above_depth=None, packages_select_by_dep=None, packages_skip_by_dep=None, packages_skip_up_to=None, packages_select_build_failed=False, packages_skip_build_finished=False, packages_select_test_failures=False, packages_skip_test_passed=False, packages_select=None, packages_skip=None, packages_select_regex=None, packages_skip_regex=None, packages_start=None, packages_end=None, allow_overriding=[], cmake_args=None, cmake_target=None, cmake_target_skip_unavailable=False, cmake_clean_cache=False, cmake_clean_first=False, cmake_force_configure=False, ament_cmake_args=None, catkin_cmake_args=None, catkin_skip_building_tests=False, verb_parser=<colcon_defaults.argument_parser.defaults.DefaultArgumentsDecorator object at 0x7f208aae3460>, verb_extension=<colcon_core.verb.build.BuildVerb object at 0x7f208adc4280>, main=<bound method BuildVerb.main of <colcon_core.verb.build.BuildVerb object at 0x7f208adc4280>>)
[0.759s] Level 1:colcon.colcon_core.package_discovery:discover_packages(colcon_meta) check parameters
[0.759s] Level 1:colcon.colcon_core.package_discovery:discover_packages(recursive) check parameters
[0.759s] Level 1:colcon.colcon_core.package_discovery:discover_packages(ignore) check parameters
[0.759s] Level 1:colcon.colcon_core.package_discovery:discover_packages(path) check parameters
[0.759s] Level 1:colcon.colcon_core.package_discovery:discover_packages(colcon_meta) discover
[0.759s] Level 1:colcon.colcon_core.package_discovery:discover_packages(recursive) discover
[0.759s] INFO:colcon.colcon_core.package_discovery:Crawling recursively for packages in '/home/leo/ROS'
[0.759s] Level 1:colcon.colcon_core.package_identification:_identify(.) by extensions ['ignore', 'ignore_ament_install']
[0.759s] Level 1:colcon.colcon_core.package_identification:_identify(.) by extension 'ignore'
[0.759s] Level 1:colcon.colcon_core.package_identification:_identify(.) by extension 'ignore_ament_install'
[0.760s] Level 1:colcon.colcon_core.package_identification:_identify(.) by extensions ['colcon_pkg']
[0.760s] Level 1:colcon.colcon_core.package_identification:_identify(.) by extension 'colcon_pkg'
[0.760s] Level 1:colcon.colcon_core.package_identification:_identify(.) by extensions ['colcon_meta']
[0.760s] Level 1:colcon.colcon_core.package_identification:_identify(.) by extension 'colcon_meta'
[0.760s] Level 1:colcon.colcon_core.package_identification:_identify(.) by extensions ['ros']
[0.760s] Level 1:colcon.colcon_core.package_identification:_identify(.) by extension 'ros'
[0.769s] Level 1:colcon.colcon_core.package_identification:_identify(.) by extensions ['cmake', 'python']
[0.769s] Level 1:colcon.colcon_core.package_identification:_identify(.) by extension 'cmake'
[0.769s] Level 1:colcon.colcon_core.package_identification:_identify(.) by extension 'python'
[0.769s] Level 1:colcon.colcon_core.package_identification:_identify(.) by extensions ['python_setup_py']
[0.769s] Level 1:colcon.colcon_core.package_identification:_identify(.) by extension 'python_setup_py'
[0.769s] Level 1:colcon.colcon_core.package_identification:_identify(2023_AMR) by extensions ['ignore', 'ignore_ament_install']
[0.770s] Level 1:colcon.colcon_core.package_identification:_identify(2023_AMR) by extension 'ignore'
[0.770s] Level 1:colcon.colcon_core.package_identification:_identify(2023_AMR) by extension 'ignore_ament_install'
[0.770s] Level 1:colcon.colcon_core.package_identification:_identify(2023_AMR) by extensions ['colcon_pkg']
[0.770s] Level 1:colcon.colcon_core.package_identification:_identify(2023_AMR) by extension 'colcon_pkg'
[0.770s] Level 1:colcon.colcon_core.package_identification:_identify(2023_AMR) by extensions ['colcon_meta']
[0.770s] Level 1:colcon.colcon_core.package_identification:_identify(2023_AMR) by extension 'colcon_meta'
[0.770s] Level 1:colcon.colcon_core.package_identification:_identify(2023_AMR) by extensions ['ros']
[0.770s] Level 1:colcon.colcon_core.package_identification:_identify(2023_AMR) by extension 'ros'
[0.772s] DEBUG:colcon.colcon_core.package_identification:Package '2023_AMR' with type 'ros.ament_cmake' and name '2023_AMR'
[0.772s] Level 1:colcon.colcon_core.package_identification:_identify(build) by extensions ['ignore', 'ignore_ament_install']
[0.772s] Level 1:colcon.colcon_core.package_identification:_identify(build) by extension 'ignore'
[0.772s] Level 1:colcon.colcon_core.package_identification:_identify(build) ignored
[0.772s] Level 1:colcon.colcon_core.package_identification:_identify(install) by extensions ['ignore', 'ignore_ament_install']
[0.772s] Level 1:colcon.colcon_core.package_identification:_identify(install) by extension 'ignore'
[0.772s] Level 1:colcon.colcon_core.package_identification:_identify(install) ignored
[0.773s] Level 1:colcon.colcon_core.package_identification:_identify(log) by extensions ['ignore', 'ignore_ament_install']
[0.773s] Level 1:colcon.colcon_core.package_identification:_identify(log) by extension 'ignore'
[0.773s] Level 1:colcon.colcon_core.package_identification:_identify(log) ignored
[0.773s] Level 1:colcon.colcon_core.package_identification:_identify(ws) by extensions ['ignore', 'ignore_ament_install']
[0.773s] Level 1:colcon.colcon_core.package_identification:_identify(ws) by extension 'ignore'
[0.773s] Level 1:colcon.colcon_core.package_identification:_identify(ws) by extension 'ignore_ament_install'
[0.773s] Level 1:colcon.colcon_core.package_identification:_identify(ws) by extensions ['colcon_pkg']
[0.773s] Level 1:colcon.colcon_core.package_identification:_identify(ws) by extension 'colcon_pkg'
[0.773s] Level 1:colcon.colcon_core.package_identification:_identify(ws) by extensions ['colcon_meta']
[0.773s] Level 1:colcon.colcon_core.package_identification:_identify(ws) by extension 'colcon_meta'
[0.773s] Level 1:colcon.colcon_core.package_identification:_identify(ws) by extensions ['ros']
[0.773s] Level 1:colcon.colcon_core.package_identification:_identify(ws) by extension 'ros'
[0.773s] Level 1:colcon.colcon_core.package_identification:_identify(ws) by extensions ['cmake', 'python']
[0.773s] Level 1:colcon.colcon_core.package_identification:_identify(ws) by extension 'cmake'
[0.773s] Level 1:colcon.colcon_core.package_identification:_identify(ws) by extension 'python'
[0.773s] Level 1:colcon.colcon_core.package_identification:_identify(ws) by extensions ['python_setup_py']
[0.773s] Level 1:colcon.colcon_core.package_identification:_identify(ws) by extension 'python_setup_py'
[0.774s] Level 1:colcon.colcon_core.package_identification:_identify(ws/log) by extensions ['ignore', 'ignore_ament_install']
[0.774s] Level 1:colcon.colcon_core.package_identification:_identify(ws/log) by extension 'ignore'
[0.774s] Level 1:colcon.colcon_core.package_identification:_identify(ws/log) ignored
[0.774s] Level 1:colcon.colcon_core.package_identification:_identify(ws/src) by extensions ['ignore', 'ignore_ament_install']
[0.774s] Level 1:colcon.colcon_core.package_identification:_identify(ws/src) by extension 'ignore'
[0.774s] Level 1:colcon.colcon_core.package_identification:_identify(ws/src) by extension 'ignore_ament_install'
[0.774s] Level 1:colcon.colcon_core.package_identification:_identify(ws/src) by extensions ['colcon_pkg']
[0.774s] Level 1:colcon.colcon_core.package_identification:_identify(ws/src) by extension 'colcon_pkg'
[0.774s] Level 1:colcon.colcon_core.package_identification:_identify(ws/src) by extensions ['colcon_meta']
[0.774s] Level 1:colcon.colcon_core.package_identification:_identify(ws/src) by extension 'colcon_meta'
[0.774s] Level 1:colcon.colcon_core.package_identification:_identify(ws/src) by extensions ['ros']
[0.774s] Level 1:colcon.colcon_core.package_identification:_identify(ws/src) by extension 'ros'
[0.774s] Level 1:colcon.colcon_core.package_identification:_identify(ws/src) by extensions ['cmake', 'python']
[0.774s] Level 1:colcon.colcon_core.package_identification:_identify(ws/src) by extension 'cmake'
[0.774s] Level 1:colcon.colcon_core.package_identification:_identify(ws/src) by extension 'python'
[0.774s] Level 1:colcon.colcon_core.package_identification:_identify(ws/src) by extensions ['python_setup_py']
[0.774s] Level 1:colcon.colcon_core.package_identification:_identify(ws/src) by extension 'python_setup_py'
[0.774s] Level 1:colcon.colcon_core.package_identification:_identify(ws/src/build) by extensions ['ignore', 'ignore_ament_install']
[0.775s] Level 1:colcon.colcon_core.package_identification:_identify(ws/src/build) by extension 'ignore'
[0.775s] Level 1:colcon.colcon_core.package_identification:_identify(ws/src/build) ignored
[0.775s] Level 1:colcon.colcon_core.package_identification:_identify(ws/src/install) by extensions ['ignore', 'ignore_ament_install']
[0.775s] Level 1:colcon.colcon_core.package_identification:_identify(ws/src/install) by extension 'ignore'
[0.775s] Level 1:colcon.colcon_core.package_identification:_identify(ws/src/install) ignored
[0.775s] Level 1:colcon.colcon_core.package_identification:_identify(ws/src/log) by extensions ['ignore', 'ignore_ament_install']
[0.775s] Level 1:colcon.colcon_core.package_identification:_identify(ws/src/log) by extension 'ignore'
[0.775s] Level 1:colcon.colcon_core.package_identification:_identify(ws/src/log) ignored
[0.775s] Level 1:colcon.colcon_core.package_identification:_identify(ws/src/test) by extensions ['ignore', 'ignore_ament_install']
[0.775s] Level 1:colcon.colcon_core.package_identification:_identify(ws/src/test) by extension 'ignore'
[0.775s] Level 1:colcon.colcon_core.package_identification:_identify(ws/src/test) by extension 'ignore_ament_install'
[0.775s] Level 1:colcon.colcon_core.package_identification:_identify(ws/src/test) by extensions ['colcon_pkg']
[0.775s] Level 1:colcon.colcon_core.package_identification:_identify(ws/src/test) by extension 'colcon_pkg'
[0.775s] Level 1:colcon.colcon_core.package_identification:_identify(ws/src/test) by extensions ['colcon_meta']
[0.775s] Level 1:colcon.colcon_core.package_identification:_identify(ws/src/test) by extension 'colcon_meta'
[0.776s] Level 1:colcon.colcon_core.package_identification:_identify(ws/src/test) by extensions ['ros']
[0.776s] Level 1:colcon.colcon_core.package_identification:_identify(ws/src/test) by extension 'ros'
[0.776s] DEBUG:colcon.colcon_core.package_identification:Package 'ws/src/test' with type 'ros.ament_cmake' and name 'test'
[0.776s] Level 1:colcon.colcon_core.package_identification:_identify(ws/src/test_py) by extensions ['ignore', 'ignore_ament_install']
[0.776s] Level 1:colcon.colcon_core.package_identification:_identify(ws/src/test_py) by extension 'ignore'
[0.776s] Level 1:colcon.colcon_core.package_identification:_identify(ws/src/test_py) by extension 'ignore_ament_install'
[0.776s] Level 1:colcon.colcon_core.package_identification:_identify(ws/src/test_py) by extensions ['colcon_pkg']
[0.776s] Level 1:colcon.colcon_core.package_identification:_identify(ws/src/test_py) by extension 'colcon_pkg'
[0.777s] Level 1:colcon.colcon_core.package_identification:_identify(ws/src/test_py) by extensions ['colcon_meta']
[0.777s] Level 1:colcon.colcon_core.package_identification:_identify(ws/src/test_py) by extension 'colcon_meta'
[0.777s] Level 1:colcon.colcon_core.package_identification:_identify(ws/src/test_py) by extensions ['ros']
[0.777s] Level 1:colcon.colcon_core.package_identification:_identify(ws/src/test_py) by extension 'ros'
[0.777s] DEBUG:colcon.colcon_core.package_identification:Package 'ws/src/test_py' with type 'ros.ament_python' and name 'test_py'
[0.777s] Level 1:colcon.colcon_core.package_discovery:discover_packages(recursive) using defaults
[0.777s] Level 1:colcon.colcon_core.package_discovery:discover_packages(ignore) discover
[0.777s] Level 1:colcon.colcon_core.package_discovery:discover_packages(ignore) using defaults
[0.777s] Level 1:colcon.colcon_core.package_discovery:discover_packages(path) discover
[0.777s] Level 1:colcon.colcon_core.package_discovery:discover_packages(path) using defaults
[0.849s] Level 1:colcon.colcon_core.package_discovery:discover_packages(prefix_path) check parameters
[0.849s] Level 1:colcon.colcon_core.package_discovery:discover_packages(prefix_path) discover
[0.860s] WARNING:colcon.colcon_core.prefix_path.colcon:The path '/home/leo/ROS/ws/install' in the environment variable COLCON_PREFIX_PATH doesn't exist
[0.860s] WARNING:colcon.colcon_ros.prefix_path.ament:The path '/home/leo/ROS/ws/install/test_py' in the environment variable AMENT_PREFIX_PATH doesn't exist
[0.860s] WARNING:colcon.colcon_ros.prefix_path.ament:The path '/home/leo/ROS/ws/install/test' in the environment variable AMENT_PREFIX_PATH doesn't exist
[0.860s] WARNING:colcon.colcon_ros.prefix_path.ament:The path '/home/leo/ROS/ws/install/2023_AMR' in the environment variable AMENT_PREFIX_PATH doesn't exist
[0.860s] WARNING:colcon.colcon_ros.prefix_path.catkin:The path '/home/leo/ROS/ws/install/test' in the environment variable CMAKE_PREFIX_PATH doesn't exist
[0.860s] WARNING:colcon.colcon_ros.prefix_path.catkin:The path '/home/leo/ROS/ws/install/2023_AMR' in the environment variable CMAKE_PREFIX_PATH doesn't exist
[0.872s] DEBUG:colcon.colcon_installed_package_information.package_discovery:Found 308 installed packages in /opt/ros/humble
[0.873s] Level 1:colcon.colcon_core.package_discovery:discover_packages(prefix_path) using defaults
[0.943s] Level 5:colcon.colcon_core.verb:set package '2023_AMR' build argument 'cmake_args' from command line to 'None'
[0.943s] Level 5:colcon.colcon_core.verb:set package '2023_AMR' build argument 'cmake_target' from command line to 'None'
[0.943s] Level 5:colcon.colcon_core.verb:set package '2023_AMR' build argument 'cmake_target_skip_unavailable' from command line to 'False'
[0.943s] Level 5:colcon.colcon_core.verb:set package '2023_AMR' build argument 'cmake_clean_cache' from command line to 'False'
[0.943s] Level 5:colcon.colcon_core.verb:set package '2023_AMR' build argument 'cmake_clean_first' from command line to 'False'
[0.943s] Level 5:colcon.colcon_core.verb:set package '2023_AMR' build argument 'cmake_force_configure' from command line to 'False'
[0.943s] Level 5:colcon.colcon_core.verb:set package '2023_AMR' build argument 'ament_cmake_args' from command line to 'None'
[0.943s] Level 5:colcon.colcon_core.verb:set package '2023_AMR' build argument 'catkin_cmake_args' from command line to 'None'
[0.943s] Level 5:colcon.colcon_core.verb:set package '2023_AMR' build argument 'catkin_skip_building_tests' from command line to 'False'
[0.943s] DEBUG:colcon.colcon_core.verb:Building package '2023_AMR' with the following arguments: {'ament_cmake_args': None, 'build_base': '/home/leo/ROS/build/2023_AMR', 'catkin_cmake_args': None, 'catkin_skip_building_tests': False, 'cmake_args': None, 'cmake_clean_cache': False, 'cmake_clean_first': False, 'cmake_force_configure': False, 'cmake_target': None, 'cmake_target_skip_unavailable': False, 'install_base': '/home/leo/ROS/install/2023_AMR', 'merge_install': False, 'path': '/home/leo/ROS/2023_AMR', 'symlink_install': False, 'test_result_base': None}
[0.953s] Level 5:colcon.colcon_core.verb:set package 'test' build argument 'cmake_args' from command line to 'None'
[0.953s] Level 5:colcon.colcon_core.verb:set package 'test' build argument 'cmake_target' from command line to 'None'
[0.953s] Level 5:colcon.colcon_core.verb:set package 'test' build argument 'cmake_target_skip_unavailable' from command line to 'False'
[0.953s] Level 5:colcon.colcon_core.verb:set package 'test' build argument 'cmake_clean_cache' from command line to 'False'
[0.953s] Level 5:colcon.colcon_core.verb:set package 'test' build argument 'cmake_clean_first' from command line to 'False'
[0.953s] Level 5:colcon.colcon_core.verb:set package 'test' build argument 'cmake_force_configure' from command line to 'False'
[0.953s] Level 5:colcon.colcon_core.verb:set package 'test' build argument 'ament_cmake_args' from command line to 'None'
[0.953s] Level 5:colcon.colcon_core.verb:set package 'test' build argument 'catkin_cmake_args' from command line to 'None'
[0.953s] Level 5:colcon.colcon_core.verb:set package 'test' build argument 'catkin_skip_building_tests' from command line to 'False'
[0.953s] DEBUG:colcon.colcon_core.verb:Building package 'test' with the following arguments: {'ament_cmake_args': None, 'build_base': '/home/leo/ROS/build/test', 'catkin_cmake_args': None, 'catkin_skip_building_tests': False, 'cmake_args': None, 'cmake_clean_cache': False, 'cmake_clean_first': False, 'cmake_force_configure': False, 'cmake_target': None, 'cmake_target_skip_unavailable': False, 'install_base': '/home/leo/ROS/install/test', 'merge_install': False, 'path': '/home/leo/ROS/ws/src/test', 'symlink_install': False, 'test_result_base': None}
[0.964s] Level 5:colcon.colcon_core.verb:set package 'test_py' build argument 'cmake_args' from command line to 'None'
[0.964s] Level 5:colcon.colcon_core.verb:set package 'test_py' build argument 'cmake_target' from command line to 'None'
[0.964s] Level 5:colcon.colcon_core.verb:set package 'test_py' build argument 'cmake_target_skip_unavailable' from command line to 'False'
[0.964s] Level 5:colcon.colcon_core.verb:set package 'test_py' build argument 'cmake_clean_cache' from command line to 'False'
[0.964s] Level 5:colcon.colcon_core.verb:set package 'test_py' build argument 'cmake_clean_first' from command line to 'False'
[0.964s] Level 5:colcon.colcon_core.verb:set package 'test_py' build argument 'cmake_force_configure' from command line to 'False'
[0.964s] Level 5:colcon.colcon_core.verb:set package 'test_py' build argument 'ament_cmake_args' from command line to 'None'
[0.964s] Level 5:colcon.colcon_core.verb:set package 'test_py' build argument 'catkin_cmake_args' from command line to 'None'
[0.964s] Level 5:colcon.colcon_core.verb:set package 'test_py' build argument 'catkin_skip_building_tests' from command line to 'False'
[0.964s] DEBUG:colcon.colcon_core.verb:Building package 'test_py' with the following arguments: {'ament_cmake_args': None, 'build_base': '/home/leo/ROS/build/test_py', 'catkin_cmake_args': None, 'catkin_skip_building_tests': False, 'cmake_args': None, 'cmake_clean_cache': False, 'cmake_clean_first': False, 'cmake_force_configure': False, 'cmake_target': None, 'cmake_target_skip_unavailable': False, 'install_base': '/home/leo/ROS/install/test_py', 'merge_install': False, 'path': '/home/leo/ROS/ws/src/test_py', 'symlink_install': False, 'test_result_base': None}
[0.975s] INFO:colcon.colcon_core.executor:Executing jobs using 'parallel' executor
[0.986s] DEBUG:colcon.colcon_parallel_executor.executor.parallel:run_until_complete
[0.987s] INFO:colcon.colcon_ros.task.ament_cmake.build:Building ROS package in '/home/leo/ROS/2023_AMR' with build type 'ament_cmake'
[0.987s] INFO:colcon.colcon_cmake.task.cmake.build:Building CMake package in '/home/leo/ROS/2023_AMR'
[0.999s] INFO:colcon.colcon_core.plugin_system:Skipping extension 'colcon_core.shell.bat': Not used on non-Windows systems
[1.000s] INFO:colcon.colcon_core.shell:Skip shell extension 'powershell' for command environment: Not usable outside of PowerShell
[1.000s] DEBUG:colcon.colcon_core.shell:Skip shell extension 'dsv' for command environment
[1.024s] INFO:colcon.colcon_ros.task.ament_cmake.build:Building ROS package in '/home/leo/ROS/ws/src/test' with build type 'ament_cmake'
[1.024s] INFO:colcon.colcon_cmake.task.cmake.build:Building CMake package in '/home/leo/ROS/ws/src/test'
[1.035s] INFO:colcon.colcon_core.shell:Skip shell extension 'powershell' for command environment: Not usable outside of PowerShell
[1.035s] DEBUG:colcon.colcon_core.shell:Skip shell extension 'dsv' for command environment
[1.058s] INFO:colcon.colcon_ros.task.ament_python.build:Building ROS package in '/home/leo/ROS/ws/src/test_py' with build type 'ament_python'
[1.058s] Level 1:colcon.colcon_core.shell:create_environment_hook('test_py', 'ament_prefix_path')
[1.069s] INFO:colcon.colcon_core.shell:Creating environment hook '/home/leo/ROS/install/test_py/share/test_py/hook/ament_prefix_path.ps1'
[1.070s] INFO:colcon.colcon_core.shell:Creating environment descriptor '/home/leo/ROS/install/test_py/share/test_py/hook/ament_prefix_path.dsv'
[1.070s] INFO:colcon.colcon_core.shell:Creating environment hook '/home/leo/ROS/install/test_py/share/test_py/hook/ament_prefix_path.sh'
[1.081s] INFO:colcon.colcon_core.shell:Skip shell extension 'powershell' for command environment: Not usable outside of PowerShell
[1.081s] DEBUG:colcon.colcon_core.shell:Skip shell extension 'dsv' for command environment
[1.109s] DEBUG:colcon.colcon_core.event_handler.log_command:Invoking command in '/home/leo/ROS/build/2023_AMR': CMAKE_PREFIX_PATH=${CMAKE_PREFIX_PATH}:/home/leo/ROS/ws/install/test_py:/opt/ros/humble /usr/bin/cmake --build /home/leo/ROS/build/2023_AMR -- -j16 -l16
[1.112s] DEBUG:colcon.colcon_core.event_handler.log_command:Invoking command in '/home/leo/ROS/build/test': CMAKE_PREFIX_PATH=${CMAKE_PREFIX_PATH}:/home/leo/ROS/ws/install/test_py:/opt/ros/humble /usr/bin/cmake /home/leo/ROS/ws/src/test -DCMAKE_INSTALL_PREFIX=/home/leo/ROS/install/test
[1.319s] INFO:colcon.colcon_core.task.python.build:Building Python package in '/home/leo/ROS/ws/src/test_py'
[1.330s] INFO:colcon.colcon_core.shell:Skip shell extension 'powershell' for command environment: Not usable outside of PowerShell
[1.330s] DEBUG:colcon.colcon_core.shell:Skip shell extension 'dsv' for command environment
[1.354s] DEBUG:colcon.colcon_core.event_handler.log_command:Invoked command in '/home/leo/ROS/build/2023_AMR' returned '0': CMAKE_PREFIX_PATH=${CMAKE_PREFIX_PATH}:/home/leo/ROS/ws/install/test_py:/opt/ros/humble /usr/bin/cmake --build /home/leo/ROS/build/2023_AMR -- -j16 -l16
[1.388s] DEBUG:colcon.colcon_core.event_handler.log_command:Invoking command in '/home/leo/ROS/build/2023_AMR': CMAKE_PREFIX_PATH=${CMAKE_PREFIX_PATH}:/home/leo/ROS/ws/install/test_py:/opt/ros/humble /usr/bin/cmake --install /home/leo/ROS/build/2023_AMR
[1.398s] Level 1:colcon.colcon_core.environment:create_environment_scripts_only(2023_AMR)
[1.398s] DEBUG:colcon.colcon_core.event_handler.log_command:Invoked command in '/home/leo/ROS/build/2023_AMR' returned '0': CMAKE_PREFIX_PATH=${CMAKE_PREFIX_PATH}:/home/leo/ROS/ws/install/test_py:/opt/ros/humble /usr/bin/cmake --install /home/leo/ROS/build/2023_AMR
[1.410s] Level 1:colcon.colcon_core.environment:checking '/home/leo/ROS/install/2023_AMR' for CMake module files
[1.410s] Level 1:colcon.colcon_core.environment:checking '/home/leo/ROS/install/2023_AMR' for CMake config files
[1.410s] Level 1:colcon.colcon_core.shell:create_environment_hook('2023_AMR', 'cmake_prefix_path')
[1.421s] INFO:colcon.colcon_core.shell:Creating environment hook '/home/leo/ROS/install/2023_AMR/share/2023_AMR/hook/cmake_prefix_path.ps1'
[1.421s] INFO:colcon.colcon_core.shell:Creating environment descriptor '/home/leo/ROS/install/2023_AMR/share/2023_AMR/hook/cmake_prefix_path.dsv'
[1.421s] INFO:colcon.colcon_core.shell:Creating environment hook '/home/leo/ROS/install/2023_AMR/share/2023_AMR/hook/cmake_prefix_path.sh'
[1.422s] Level 1:colcon.colcon_core.environment:checking '/home/leo/ROS/install/2023_AMR/bin'
[1.422s] Level 1:colcon.colcon_core.environment:checking '/home/leo/ROS/install/2023_AMR/lib/pkgconfig/2023_AMR.pc'
[1.422s] Level 1:colcon.colcon_core.environment:checking '/home/leo/ROS/install/2023_AMR/lib/python3.10/site-packages'
[1.422s] Level 1:colcon.colcon_core.environment:checking '/home/leo/ROS/install/2023_AMR/bin'
[1.432s] INFO:colcon.colcon_core.shell:Creating package script '/home/leo/ROS/install/2023_AMR/share/2023_AMR/package.ps1'
[1.433s] INFO:colcon.colcon_core.shell:Creating package descriptor '/home/leo/ROS/install/2023_AMR/share/2023_AMR/package.dsv'
[1.434s] INFO:colcon.colcon_core.shell:Creating package script '/home/leo/ROS/install/2023_AMR/share/2023_AMR/package.sh'
[1.434s] INFO:colcon.colcon_core.shell:Creating package script '/home/leo/ROS/install/2023_AMR/share/2023_AMR/package.bash'
[1.435s] INFO:colcon.colcon_core.shell:Creating package script '/home/leo/ROS/install/2023_AMR/share/2023_AMR/package.zsh'
[1.435s] Level 1:colcon.colcon_core.environment:create_file_with_runtime_dependencies(/home/leo/ROS/install/2023_AMR/share/colcon-core/packages/2023_AMR)
[1.470s] Level 1:colcon.colcon_core.environment:create_environment_scripts_only(2023_AMR)
[1.481s] Level 1:colcon.colcon_core.environment:checking '/home/leo/ROS/install/2023_AMR' for CMake module files
[1.481s] Level 1:colcon.colcon_core.environment:checking '/home/leo/ROS/install/2023_AMR' for CMake config files
[1.481s] Level 1:colcon.colcon_core.shell:create_environment_hook('2023_AMR', 'cmake_prefix_path')
[1.492s] INFO:colcon.colcon_core.shell:Creating environment hook '/home/leo/ROS/install/2023_AMR/share/2023_AMR/hook/cmake_prefix_path.ps1'
[1.493s] INFO:colcon.colcon_core.shell:Creating environment descriptor '/home/leo/ROS/install/2023_AMR/share/2023_AMR/hook/cmake_prefix_path.dsv'
[1.493s] INFO:colcon.colcon_core.shell:Creating environment hook '/home/leo/ROS/install/2023_AMR/share/2023_AMR/hook/cmake_prefix_path.sh'
[1.494s] Level 1:colcon.colcon_core.environment:checking '/home/leo/ROS/install/2023_AMR/bin'
[1.494s] Level 1:colcon.colcon_core.environment:checking '/home/leo/ROS/install/2023_AMR/lib/pkgconfig/2023_AMR.pc'
[1.494s] Level 1:colcon.colcon_core.environment:checking '/home/leo/ROS/install/2023_AMR/lib/python3.10/site-packages'
[1.494s] Level 1:colcon.colcon_core.environment:checking '/home/leo/ROS/install/2023_AMR/bin'
[1.505s] INFO:colcon.colcon_core.shell:Creating package script '/home/leo/ROS/install/2023_AMR/share/2023_AMR/package.ps1'
[1.505s] INFO:colcon.colcon_core.shell:Creating package descriptor '/home/leo/ROS/install/2023_AMR/share/2023_AMR/package.dsv'
[1.506s] INFO:colcon.colcon_core.shell:Creating package script '/home/leo/ROS/install/2023_AMR/share/2023_AMR/package.sh'
[1.506s] INFO:colcon.colcon_core.shell:Creating package script '/home/leo/ROS/install/2023_AMR/share/2023_AMR/package.bash'
[1.506s] INFO:colcon.colcon_core.shell:Creating package script '/home/leo/ROS/install/2023_AMR/share/2023_AMR/package.zsh'
[1.507s] Level 1:colcon.colcon_core.environment:create_file_with_runtime_dependencies(/home/leo/ROS/install/2023_AMR/share/colcon-core/packages/2023_AMR)
[1.620s] DEBUG:colcon.colcon_core.event_handler.log_command:Invoking command in '/home/leo/ROS/ws/src/test_py': PYTHONPATH=/home/leo/ROS/build/test_py/prefix_override:/home/leo/ROS/install/test_py/lib/python3.10/site-packages:${PYTHONPATH} /usr/bin/python3 setup.py egg_info --egg-base ../../../build/test_py build --build-base /home/leo/ROS/build/test_py/build install --record /home/leo/ROS/build/test_py/install.log --single-version-externally-managed
[1.867s] DEBUG:colcon.colcon_core.event_handler.log_command:Invoked command in '/home/leo/ROS/ws/src/test_py' returned '0': PYTHONPATH=/home/leo/ROS/build/test_py/prefix_override:/home/leo/ROS/install/test_py/lib/python3.10/site-packages:${PYTHONPATH} /usr/bin/python3 setup.py egg_info --egg-base ../../../build/test_py build --build-base /home/leo/ROS/build/test_py/build install --record /home/leo/ROS/build/test_py/install.log --single-version-externally-managed
[1.889s] Level 1:colcon.colcon_core.environment:checking '/home/leo/ROS/install/test_py' for CMake module files
[1.890s] Level 1:colcon.colcon_core.environment:checking '/home/leo/ROS/install/test_py' for CMake config files
[1.891s] Level 1:colcon.colcon_core.environment:checking '/home/leo/ROS/install/test_py/lib'
[1.892s] Level 1:colcon.colcon_core.environment:checking '/home/leo/ROS/install/test_py/bin'
[1.892s] Level 1:colcon.colcon_core.environment:checking '/home/leo/ROS/install/test_py/lib/pkgconfig/test_py.pc'
[1.892s] Level 1:colcon.colcon_core.environment:checking '/home/leo/ROS/install/test_py/lib/python3.10/site-packages'
[1.892s] Level 1:colcon.colcon_core.shell:create_environment_hook('test_py', 'pythonpath')
[1.920s] INFO:colcon.colcon_core.shell:Creating environment hook '/home/leo/ROS/install/test_py/share/test_py/hook/pythonpath.ps1'
[1.920s] INFO:colcon.colcon_core.shell:Creating environment descriptor '/home/leo/ROS/install/test_py/share/test_py/hook/pythonpath.dsv'
[1.920s] INFO:colcon.colcon_core.shell:Creating environment hook '/home/leo/ROS/install/test_py/share/test_py/hook/pythonpath.sh'
[1.921s] Level 1:colcon.colcon_core.environment:checking '/home/leo/ROS/install/test_py/bin'
[1.921s] Level 1:colcon.colcon_core.environment:create_environment_scripts_only(test_py)
[1.932s] INFO:colcon.colcon_core.shell:Creating package script '/home/leo/ROS/install/test_py/share/test_py/package.ps1'
[1.932s] INFO:colcon.colcon_core.shell:Creating package descriptor '/home/leo/ROS/install/test_py/share/test_py/package.dsv'
[1.933s] INFO:colcon.colcon_core.shell:Creating package script '/home/leo/ROS/install/test_py/share/test_py/package.sh'
[1.933s] INFO:colcon.colcon_core.shell:Creating package script '/home/leo/ROS/install/test_py/share/test_py/package.bash'
[1.933s] INFO:colcon.colcon_core.shell:Creating package script '/home/leo/ROS/install/test_py/share/test_py/package.zsh'
[1.933s] Level 1:colcon.colcon_core.environment:create_file_with_runtime_dependencies(/home/leo/ROS/install/test_py/share/colcon-core/packages/test_py)
[3.174s] DEBUG:colcon.colcon_core.event_handler.log_command:Invoked command in '/home/leo/ROS/build/test' returned '1': CMAKE_PREFIX_PATH=${CMAKE_PREFIX_PATH}:/home/leo/ROS/ws/install/test_py:/opt/ros/humble /usr/bin/cmake /home/leo/ROS/ws/src/test -DCMAKE_INSTALL_PREFIX=/home/leo/ROS/install/test
[3.191s] Level 1:colcon.colcon_core.environment:create_environment_scripts_only(test)
[3.202s] Level 1:colcon.colcon_core.environment:checking '/home/leo/ROS/install/test' for CMake module files
[3.203s] Level 1:colcon.colcon_core.environment:checking '/home/leo/ROS/install/test' for CMake config files
[3.203s] Level 1:colcon.colcon_core.environment:checking '/home/leo/ROS/install/test/bin'
[3.203s] Level 1:colcon.colcon_core.environment:checking '/home/leo/ROS/install/test/lib/pkgconfig/test.pc'
[3.203s] Level 1:colcon.colcon_core.environment:checking '/home/leo/ROS/install/test/lib/python3.10/site-packages'
[3.203s] Level 1:colcon.colcon_core.environment:checking '/home/leo/ROS/install/test/bin'
[3.214s] INFO:colcon.colcon_core.shell:Creating package script '/home/leo/ROS/install/test/share/test/package.ps1'
[3.215s] INFO:colcon.colcon_core.shell:Creating package descriptor '/home/leo/ROS/install/test/share/test/package.dsv'
[3.215s] INFO:colcon.colcon_core.shell:Creating package script '/home/leo/ROS/install/test/share/test/package.sh'
[3.215s] INFO:colcon.colcon_core.shell:Creating package script '/home/leo/ROS/install/test/share/test/package.bash'
[3.216s] INFO:colcon.colcon_core.shell:Creating package script '/home/leo/ROS/install/test/share/test/package.zsh'
[3.216s] Level 1:colcon.colcon_core.environment:create_file_with_runtime_dependencies(/home/leo/ROS/install/test/share/colcon-core/packages/test)
[3.226s] DEBUG:colcon.colcon_parallel_executor.executor.parallel:closing loop
[3.226s] DEBUG:colcon.colcon_parallel_executor.executor.parallel:loop closed
[3.227s] DEBUG:colcon.colcon_parallel_executor.executor.parallel:run_until_complete finished with '1'
[3.227s] DEBUG:colcon.colcon_core.event_reactor:joining thread
[3.242s] INFO:colcon.colcon_core.plugin_system:Skipping extension 'colcon_notification.desktop_notification.terminal_notifier': Not used on non-Darwin systems
[3.242s] INFO:colcon.colcon_core.plugin_system:Skipping extension 'colcon_notification.desktop_notification.win32': Not used on non-Windows systems
[3.242s] INFO:colcon.colcon_notification.desktop_notification:Sending desktop notification using 'notify2'
[3.260s] DEBUG:colcon.colcon_core.event_reactor:joined thread
[3.271s] INFO:colcon.colcon_core.shell:Creating prefix script '/home/leo/ROS/install/local_setup.ps1'
[3.272s] INFO:colcon.colcon_core.shell:Creating prefix util module '/home/leo/ROS/install/_local_setup_util_ps1.py'
[3.273s] INFO:colcon.colcon_core.shell:Creating prefix chain script '/home/leo/ROS/install/setup.ps1'
[3.285s] INFO:colcon.colcon_core.shell:Creating prefix script '/home/leo/ROS/install/local_setup.sh'
[3.285s] INFO:colcon.colcon_core.shell:Creating prefix util module '/home/leo/ROS/install/_local_setup_util_sh.py'
[3.286s] INFO:colcon.colcon_core.shell:Creating prefix chain script '/home/leo/ROS/install/setup.sh'
[3.298s] INFO:colcon.colcon_core.shell:Creating prefix script '/home/leo/ROS/install/local_setup.bash'
[3.298s] INFO:colcon.colcon_core.shell:Creating prefix chain script '/home/leo/ROS/install/setup.bash'
[3.310s] INFO:colcon.colcon_core.shell:Creating prefix script '/home/leo/ROS/install/local_setup.zsh'
[3.310s] INFO:colcon.colcon_core.shell:Creating prefix chain script '/home/leo/ROS/install/setup.zsh'
