[0.767s] DEBUG:colcon:Command line arguments: ['/usr/bin/colcon', 'build']
[0.767s] DEBUG:colcon:Parsed command line arguments: Namespace(log_base=None, log_level=None, verb_name='build', build_base='build', install_base='install', merge_install=False, symlink_install=False, test_result_base=None, continue_on_error=False, executor='parallel', parallel_workers=16, event_handlers=None, ignore_user_meta=False, metas=['./colcon.meta'], base_paths=['.'], packages_ignore=None, packages_ignore_regex=None, paths=None, packages_up_to=None, packages_up_to_regex=None, packages_above=None, packages_above_and_dependencies=None, packages_above_depth=None, packages_select_by_dep=None, packages_skip_by_dep=None, packages_skip_up_to=None, packages_select_build_failed=False, packages_skip_build_finished=False, packages_select_test_failures=False, packages_skip_test_passed=False, packages_select=None, packages_skip=None, packages_select_regex=None, packages_skip_regex=None, packages_start=None, packages_end=None, allow_overriding=[], cmake_args=None, cmake_target=None, cmake_target_skip_unavailable=False, cmake_clean_cache=False, cmake_clean_first=False, cmake_force_configure=False, ament_cmake_args=None, catkin_cmake_args=None, catkin_skip_building_tests=False, verb_parser=<colcon_defaults.argument_parser.defaults.DefaultArgumentsDecorator object at 0x7fb76d18d8d0>, verb_extension=<colcon_core.verb.build.BuildVerb object at 0x7fb76d47be50>, main=<bound method BuildVerb.main of <colcon_core.verb.build.BuildVerb object at 0x7fb76d47be50>>)
[0.802s] Level 1:colcon.colcon_core.package_discovery:discover_packages(colcon_meta) check parameters
[0.802s] Level 1:colcon.colcon_core.package_discovery:discover_packages(recursive) check parameters
[0.802s] Level 1:colcon.colcon_core.package_discovery:discover_packages(ignore) check parameters
[0.802s] Level 1:colcon.colcon_core.package_discovery:discover_packages(path) check parameters
[0.802s] Level 1:colcon.colcon_core.package_discovery:discover_packages(colcon_meta) discover
[0.802s] Level 1:colcon.colcon_core.package_discovery:discover_packages(recursive) discover
[0.803s] INFO:colcon.colcon_core.package_discovery:Crawling recursively for packages in '/home/leo/ROS/ws'
[0.803s] Level 1:colcon.colcon_core.package_identification:_identify(.) by extensions ['ignore', 'ignore_ament_install']
[0.803s] Level 1:colcon.colcon_core.package_identification:_identify(.) by extension 'ignore'
[0.803s] Level 1:colcon.colcon_core.package_identification:_identify(.) by extension 'ignore_ament_install'
[0.803s] Level 1:colcon.colcon_core.package_identification:_identify(.) by extensions ['colcon_pkg']
[0.803s] Level 1:colcon.colcon_core.package_identification:_identify(.) by extension 'colcon_pkg'
[0.803s] Level 1:colcon.colcon_core.package_identification:_identify(.) by extensions ['colcon_meta']
[0.803s] Level 1:colcon.colcon_core.package_identification:_identify(.) by extension 'colcon_meta'
[0.803s] Level 1:colcon.colcon_core.package_identification:_identify(.) by extensions ['ros']
[0.803s] Level 1:colcon.colcon_core.package_identification:_identify(.) by extension 'ros'
[0.812s] Level 1:colcon.colcon_core.package_identification:_identify(.) by extensions ['cmake', 'python']
[0.812s] Level 1:colcon.colcon_core.package_identification:_identify(.) by extension 'cmake'
[0.812s] Level 1:colcon.colcon_core.package_identification:_identify(.) by extension 'python'
[0.812s] Level 1:colcon.colcon_core.package_identification:_identify(.) by extensions ['python_setup_py']
[0.812s] Level 1:colcon.colcon_core.package_identification:_identify(.) by extension 'python_setup_py'
[0.812s] Level 1:colcon.colcon_core.package_identification:_identify(build) by extensions ['ignore', 'ignore_ament_install']
[0.812s] Level 1:colcon.colcon_core.package_identification:_identify(build) by extension 'ignore'
[0.812s] Level 1:colcon.colcon_core.package_identification:_identify(build) ignored
[0.812s] Level 1:colcon.colcon_core.package_identification:_identify(install) by extensions ['ignore', 'ignore_ament_install']
[0.812s] Level 1:colcon.colcon_core.package_identification:_identify(install) by extension 'ignore'
[0.813s] Level 1:colcon.colcon_core.package_identification:_identify(install) ignored
[0.813s] Level 1:colcon.colcon_core.package_identification:_identify(log) by extensions ['ignore', 'ignore_ament_install']
[0.813s] Level 1:colcon.colcon_core.package_identification:_identify(log) by extension 'ignore'
[0.813s] Level 1:colcon.colcon_core.package_identification:_identify(log) ignored
[0.813s] Level 1:colcon.colcon_core.package_identification:_identify(src) by extensions ['ignore', 'ignore_ament_install']
[0.813s] Level 1:colcon.colcon_core.package_identification:_identify(src) by extension 'ignore'
[0.813s] Level 1:colcon.colcon_core.package_identification:_identify(src) by extension 'ignore_ament_install'
[0.813s] Level 1:colcon.colcon_core.package_identification:_identify(src) by extensions ['colcon_pkg']
[0.813s] Level 1:colcon.colcon_core.package_identification:_identify(src) by extension 'colcon_pkg'
[0.813s] Level 1:colcon.colcon_core.package_identification:_identify(src) by extensions ['colcon_meta']
[0.813s] Level 1:colcon.colcon_core.package_identification:_identify(src) by extension 'colcon_meta'
[0.813s] Level 1:colcon.colcon_core.package_identification:_identify(src) by extensions ['ros']
[0.813s] Level 1:colcon.colcon_core.package_identification:_identify(src) by extension 'ros'
[0.813s] Level 1:colcon.colcon_core.package_identification:_identify(src) by extensions ['cmake', 'python']
[0.813s] Level 1:colcon.colcon_core.package_identification:_identify(src) by extension 'cmake'
[0.813s] Level 1:colcon.colcon_core.package_identification:_identify(src) by extension 'python'
[0.813s] Level 1:colcon.colcon_core.package_identification:_identify(src) by extensions ['python_setup_py']
[0.813s] Level 1:colcon.colcon_core.package_identification:_identify(src) by extension 'python_setup_py'
[0.813s] Level 1:colcon.colcon_core.package_identification:_identify(src/2023_AMR) by extensions ['ignore', 'ignore_ament_install']
[0.813s] Level 1:colcon.colcon_core.package_identification:_identify(src/2023_AMR) by extension 'ignore'
[0.813s] Level 1:colcon.colcon_core.package_identification:_identify(src/2023_AMR) by extension 'ignore_ament_install'
[0.813s] Level 1:colcon.colcon_core.package_identification:_identify(src/2023_AMR) by extensions ['colcon_pkg']
[0.813s] Level 1:colcon.colcon_core.package_identification:_identify(src/2023_AMR) by extension 'colcon_pkg'
[0.813s] Level 1:colcon.colcon_core.package_identification:_identify(src/2023_AMR) by extensions ['colcon_meta']
[0.813s] Level 1:colcon.colcon_core.package_identification:_identify(src/2023_AMR) by extension 'colcon_meta'
[0.814s] Level 1:colcon.colcon_core.package_identification:_identify(src/2023_AMR) by extensions ['ros']
[0.814s] Level 1:colcon.colcon_core.package_identification:_identify(src/2023_AMR) by extension 'ros'
[0.816s] DEBUG:colcon.colcon_core.package_identification:Package 'src/2023_AMR' with type 'ros.ament_cmake' and name '2023_AMR'
[0.816s] Level 1:colcon.colcon_core.package_identification:_identify(src/test) by extensions ['ignore', 'ignore_ament_install']
[0.816s] Level 1:colcon.colcon_core.package_identification:_identify(src/test) by extension 'ignore'
[0.816s] Level 1:colcon.colcon_core.package_identification:_identify(src/test) by extension 'ignore_ament_install'
[0.816s] Level 1:colcon.colcon_core.package_identification:_identify(src/test) by extensions ['colcon_pkg']
[0.816s] Level 1:colcon.colcon_core.package_identification:_identify(src/test) by extension 'colcon_pkg'
[0.816s] Level 1:colcon.colcon_core.package_identification:_identify(src/test) by extensions ['colcon_meta']
[0.816s] Level 1:colcon.colcon_core.package_identification:_identify(src/test) by extension 'colcon_meta'
[0.816s] Level 1:colcon.colcon_core.package_identification:_identify(src/test) by extensions ['ros']
[0.816s] Level 1:colcon.colcon_core.package_identification:_identify(src/test) by extension 'ros'
[0.817s] DEBUG:colcon.colcon_core.package_identification:Package 'src/test' with type 'ros.ament_cmake' and name 'test'
[0.817s] Level 1:colcon.colcon_core.package_discovery:discover_packages(recursive) using defaults
[0.817s] Level 1:colcon.colcon_core.package_discovery:discover_packages(ignore) discover
[0.817s] Level 1:colcon.colcon_core.package_discovery:discover_packages(ignore) using defaults
[0.817s] Level 1:colcon.colcon_core.package_discovery:discover_packages(path) discover
[0.817s] Level 1:colcon.colcon_core.package_discovery:discover_packages(path) using defaults
[0.885s] Level 1:colcon.colcon_core.package_discovery:discover_packages(prefix_path) check parameters
[0.885s] Level 1:colcon.colcon_core.package_discovery:discover_packages(prefix_path) discover
[0.907s] DEBUG:colcon.colcon_installed_package_information.package_discovery:Found 3 installed packages in /home/leo/ROS/ws/install
[0.918s] DEBUG:colcon.colcon_installed_package_information.package_discovery:Found 297 installed packages in /opt/ros/humble
[0.919s] Level 1:colcon.colcon_core.package_discovery:discover_packages(prefix_path) using defaults
[0.989s] Level 5:colcon.colcon_core.verb:set package '2023_AMR' build argument 'cmake_args' from command line to 'None'
[0.989s] Level 5:colcon.colcon_core.verb:set package '2023_AMR' build argument 'cmake_target' from command line to 'None'
[0.989s] Level 5:colcon.colcon_core.verb:set package '2023_AMR' build argument 'cmake_target_skip_unavailable' from command line to 'False'
[0.989s] Level 5:colcon.colcon_core.verb:set package '2023_AMR' build argument 'cmake_clean_cache' from command line to 'False'
[0.989s] Level 5:colcon.colcon_core.verb:set package '2023_AMR' build argument 'cmake_clean_first' from command line to 'False'
[0.989s] Level 5:colcon.colcon_core.verb:set package '2023_AMR' build argument 'cmake_force_configure' from command line to 'False'
[0.990s] Level 5:colcon.colcon_core.verb:set package '2023_AMR' build argument 'ament_cmake_args' from command line to 'None'
[0.990s] Level 5:colcon.colcon_core.verb:set package '2023_AMR' build argument 'catkin_cmake_args' from command line to 'None'
[0.990s] Level 5:colcon.colcon_core.verb:set package '2023_AMR' build argument 'catkin_skip_building_tests' from command line to 'False'
[0.990s] DEBUG:colcon.colcon_core.verb:Building package '2023_AMR' with the following arguments: {'ament_cmake_args': None, 'build_base': '/home/leo/ROS/ws/build/2023_AMR', 'catkin_cmake_args': None, 'catkin_skip_building_tests': False, 'cmake_args': None, 'cmake_clean_cache': False, 'cmake_clean_first': False, 'cmake_force_configure': False, 'cmake_target': None, 'cmake_target_skip_unavailable': False, 'install_base': '/home/leo/ROS/ws/install/2023_AMR', 'merge_install': False, 'path': '/home/leo/ROS/ws/src/2023_AMR', 'symlink_install': False, 'test_result_base': None}
[1.000s] Level 5:colcon.colcon_core.verb:set package 'test' build argument 'cmake_args' from command line to 'None'
[1.000s] Level 5:colcon.colcon_core.verb:set package 'test' build argument 'cmake_target' from command line to 'None'
[1.000s] Level 5:colcon.colcon_core.verb:set package 'test' build argument 'cmake_target_skip_unavailable' from command line to 'False'
[1.000s] Level 5:colcon.colcon_core.verb:set package 'test' build argument 'cmake_clean_cache' from command line to 'False'
[1.001s] Level 5:colcon.colcon_core.verb:set package 'test' build argument 'cmake_clean_first' from command line to 'False'
[1.001s] Level 5:colcon.colcon_core.verb:set package 'test' build argument 'cmake_force_configure' from command line to 'False'
[1.001s] Level 5:colcon.colcon_core.verb:set package 'test' build argument 'ament_cmake_args' from command line to 'None'
[1.001s] Level 5:colcon.colcon_core.verb:set package 'test' build argument 'catkin_cmake_args' from command line to 'None'
[1.001s] Level 5:colcon.colcon_core.verb:set package 'test' build argument 'catkin_skip_building_tests' from command line to 'False'
[1.001s] DEBUG:colcon.colcon_core.verb:Building package 'test' with the following arguments: {'ament_cmake_args': None, 'build_base': '/home/leo/ROS/ws/build/test', 'catkin_cmake_args': None, 'catkin_skip_building_tests': False, 'cmake_args': None, 'cmake_clean_cache': False, 'cmake_clean_first': False, 'cmake_force_configure': False, 'cmake_target': None, 'cmake_target_skip_unavailable': False, 'install_base': '/home/leo/ROS/ws/install/test', 'merge_install': False, 'path': '/home/leo/ROS/ws/src/test', 'symlink_install': False, 'test_result_base': None}
[1.011s] INFO:colcon.colcon_core.executor:Executing jobs using 'parallel' executor
[1.023s] DEBUG:colcon.colcon_parallel_executor.executor.parallel:run_until_complete
[1.023s] INFO:colcon.colcon_ros.task.ament_cmake.build:Building ROS package in '/home/leo/ROS/ws/src/2023_AMR' with build type 'ament_cmake'
[1.023s] INFO:colcon.colcon_cmake.task.cmake.build:Building CMake package in '/home/leo/ROS/ws/src/2023_AMR'
[1.035s] INFO:colcon.colcon_core.plugin_system:Skipping extension 'colcon_core.shell.bat': Not used on non-Windows systems
[1.036s] INFO:colcon.colcon_core.shell:Skip shell extension 'powershell' for command environment: Not usable outside of PowerShell
[1.036s] DEBUG:colcon.colcon_core.shell:Skip shell extension 'dsv' for command environment
[1.070s] INFO:colcon.colcon_ros.task.ament_cmake.build:Building ROS package in '/home/leo/ROS/ws/src/test' with build type 'ament_cmake'
[1.070s] INFO:colcon.colcon_cmake.task.cmake.build:Building CMake package in '/home/leo/ROS/ws/src/test'
[1.081s] INFO:colcon.colcon_core.shell:Skip shell extension 'powershell' for command environment: Not usable outside of PowerShell
[1.081s] DEBUG:colcon.colcon_core.shell:Skip shell extension 'dsv' for command environment
[1.121s] DEBUG:colcon.colcon_core.event_handler.log_command:Invoking command in '/home/leo/ROS/ws/build/2023_AMR': CMAKE_PREFIX_PATH=${CMAKE_PREFIX_PATH}:/opt/ros/humble /usr/bin/cmake --build /home/leo/ROS/ws/build/2023_AMR -- -j16 -l16
[1.124s] DEBUG:colcon.colcon_core.event_handler.log_command:Invoking command in '/home/leo/ROS/ws/build/test': CMAKE_PREFIX_PATH=${CMAKE_PREFIX_PATH}:/opt/ros/humble /usr/bin/cmake --build /home/leo/ROS/ws/build/test -- -j16 -l16
[1.169s] DEBUG:colcon.colcon_core.event_handler.log_command:Invoked command in '/home/leo/ROS/ws/build/test' returned '0': CMAKE_PREFIX_PATH=${CMAKE_PREFIX_PATH}:/opt/ros/humble /usr/bin/cmake --build /home/leo/ROS/ws/build/test -- -j16 -l16
[1.205s] DEBUG:colcon.colcon_core.event_handler.log_command:Invoking command in '/home/leo/ROS/ws/build/test': CMAKE_PREFIX_PATH=${CMAKE_PREFIX_PATH}:/opt/ros/humble /usr/bin/cmake --install /home/leo/ROS/ws/build/test
[1.215s] Level 1:colcon.colcon_core.environment:create_environment_scripts_only(test)
[1.215s] DEBUG:colcon.colcon_core.event_handler.log_command:Invoked command in '/home/leo/ROS/ws/build/test' returned '0': CMAKE_PREFIX_PATH=${CMAKE_PREFIX_PATH}:/opt/ros/humble /usr/bin/cmake --install /home/leo/ROS/ws/build/test
[1.228s] Level 1:colcon.colcon_core.environment:checking '/home/leo/ROS/ws/install/test' for CMake module files
[1.228s] Level 1:colcon.colcon_core.environment:checking '/home/leo/ROS/ws/install/test' for CMake config files
[1.228s] Level 1:colcon.colcon_core.shell:create_environment_hook('test', 'cmake_prefix_path')
[1.239s] INFO:colcon.colcon_core.shell:Creating environment hook '/home/leo/ROS/ws/install/test/share/test/hook/cmake_prefix_path.ps1'
[1.239s] INFO:colcon.colcon_core.shell:Creating environment descriptor '/home/leo/ROS/ws/install/test/share/test/hook/cmake_prefix_path.dsv'
[1.240s] INFO:colcon.colcon_core.shell:Creating environment hook '/home/leo/ROS/ws/install/test/share/test/hook/cmake_prefix_path.sh'
[1.241s] Level 1:colcon.colcon_core.environment:checking '/home/leo/ROS/ws/install/test/bin'
[1.241s] Level 1:colcon.colcon_core.environment:checking '/home/leo/ROS/ws/install/test/lib/pkgconfig/test.pc'
[1.241s] Level 1:colcon.colcon_core.environment:checking '/home/leo/ROS/ws/install/test/lib/python3.10/site-packages'
[1.241s] Level 1:colcon.colcon_core.environment:checking '/home/leo/ROS/ws/install/test/bin'
[1.253s] INFO:colcon.colcon_core.shell:Creating package script '/home/leo/ROS/ws/install/test/share/test/package.ps1'
[1.254s] INFO:colcon.colcon_core.shell:Creating package descriptor '/home/leo/ROS/ws/install/test/share/test/package.dsv'
[1.255s] INFO:colcon.colcon_core.shell:Creating package script '/home/leo/ROS/ws/install/test/share/test/package.sh'
[1.255s] INFO:colcon.colcon_core.shell:Creating package script '/home/leo/ROS/ws/install/test/share/test/package.bash'
[1.256s] INFO:colcon.colcon_core.shell:Creating package script '/home/leo/ROS/ws/install/test/share/test/package.zsh'
[1.257s] Level 1:colcon.colcon_core.environment:create_file_with_runtime_dependencies(/home/leo/ROS/ws/install/test/share/colcon-core/packages/test)
[1.296s] Level 1:colcon.colcon_core.environment:create_environment_scripts_only(test)
[1.307s] Level 1:colcon.colcon_core.environment:checking '/home/leo/ROS/ws/install/test' for CMake module files
[1.307s] Level 1:colcon.colcon_core.environment:checking '/home/leo/ROS/ws/install/test' for CMake config files
[1.307s] Level 1:colcon.colcon_core.shell:create_environment_hook('test', 'cmake_prefix_path')
[1.318s] INFO:colcon.colcon_core.shell:Creating environment hook '/home/leo/ROS/ws/install/test/share/test/hook/cmake_prefix_path.ps1'
[1.319s] INFO:colcon.colcon_core.shell:Creating environment descriptor '/home/leo/ROS/ws/install/test/share/test/hook/cmake_prefix_path.dsv'
[1.319s] INFO:colcon.colcon_core.shell:Creating environment hook '/home/leo/ROS/ws/install/test/share/test/hook/cmake_prefix_path.sh'
[1.320s] Level 1:colcon.colcon_core.environment:checking '/home/leo/ROS/ws/install/test/bin'
[1.320s] Level 1:colcon.colcon_core.environment:checking '/home/leo/ROS/ws/install/test/lib/pkgconfig/test.pc'
[1.320s] Level 1:colcon.colcon_core.environment:checking '/home/leo/ROS/ws/install/test/lib/python3.10/site-packages'
[1.320s] Level 1:colcon.colcon_core.environment:checking '/home/leo/ROS/ws/install/test/bin'
[1.331s] INFO:colcon.colcon_core.shell:Creating package script '/home/leo/ROS/ws/install/test/share/test/package.ps1'
[1.331s] INFO:colcon.colcon_core.shell:Creating package descriptor '/home/leo/ROS/ws/install/test/share/test/package.dsv'
[1.332s] INFO:colcon.colcon_core.shell:Creating package script '/home/leo/ROS/ws/install/test/share/test/package.sh'
[1.332s] INFO:colcon.colcon_core.shell:Creating package script '/home/leo/ROS/ws/install/test/share/test/package.bash'
[1.332s] INFO:colcon.colcon_core.shell:Creating package script '/home/leo/ROS/ws/install/test/share/test/package.zsh'
[1.333s] Level 1:colcon.colcon_core.environment:create_file_with_runtime_dependencies(/home/leo/ROS/ws/install/test/share/colcon-core/packages/test)
[1.390s] DEBUG:colcon.colcon_core.event_handler.log_command:Invoked command in '/home/leo/ROS/ws/build/2023_AMR' returned '0': CMAKE_PREFIX_PATH=${CMAKE_PREFIX_PATH}:/opt/ros/humble /usr/bin/cmake --build /home/leo/ROS/ws/build/2023_AMR -- -j16 -l16
[1.417s] DEBUG:colcon.colcon_core.event_handler.log_command:Invoking command in '/home/leo/ROS/ws/build/2023_AMR': CMAKE_PREFIX_PATH=${CMAKE_PREFIX_PATH}:/opt/ros/humble /usr/bin/cmake --install /home/leo/ROS/ws/build/2023_AMR
[1.427s] Level 1:colcon.colcon_core.environment:create_environment_scripts_only(2023_AMR)
[1.428s] DEBUG:colcon.colcon_core.event_handler.log_command:Invoked command in '/home/leo/ROS/ws/build/2023_AMR' returned '0': CMAKE_PREFIX_PATH=${CMAKE_PREFIX_PATH}:/opt/ros/humble /usr/bin/cmake --install /home/leo/ROS/ws/build/2023_AMR
[1.438s] Level 1:colcon.colcon_core.environment:checking '/home/leo/ROS/ws/install/2023_AMR' for CMake module files
[1.439s] Level 1:colcon.colcon_core.environment:checking '/home/leo/ROS/ws/install/2023_AMR' for CMake config files
[1.439s] Level 1:colcon.colcon_core.shell:create_environment_hook('2023_AMR', 'cmake_prefix_path')
[1.449s] INFO:colcon.colcon_core.shell:Creating environment hook '/home/leo/ROS/ws/install/2023_AMR/share/2023_AMR/hook/cmake_prefix_path.ps1'
[1.449s] INFO:colcon.colcon_core.shell:Creating environment descriptor '/home/leo/ROS/ws/install/2023_AMR/share/2023_AMR/hook/cmake_prefix_path.dsv'
[1.449s] INFO:colcon.colcon_core.shell:Creating environment hook '/home/leo/ROS/ws/install/2023_AMR/share/2023_AMR/hook/cmake_prefix_path.sh'
[1.450s] Level 1:colcon.colcon_core.environment:checking '/home/leo/ROS/ws/install/2023_AMR/bin'
[1.450s] Level 1:colcon.colcon_core.environment:checking '/home/leo/ROS/ws/install/2023_AMR/lib/pkgconfig/2023_AMR.pc'
[1.450s] Level 1:colcon.colcon_core.environment:checking '/home/leo/ROS/ws/install/2023_AMR/lib/python3.10/site-packages'
[1.450s] Level 1:colcon.colcon_core.environment:checking '/home/leo/ROS/ws/install/2023_AMR/bin'
[1.460s] INFO:colcon.colcon_core.shell:Creating package script '/home/leo/ROS/ws/install/2023_AMR/share/2023_AMR/package.ps1'
[1.461s] INFO:colcon.colcon_core.shell:Creating package descriptor '/home/leo/ROS/ws/install/2023_AMR/share/2023_AMR/package.dsv'
[1.461s] INFO:colcon.colcon_core.shell:Creating package script '/home/leo/ROS/ws/install/2023_AMR/share/2023_AMR/package.sh'
[1.462s] INFO:colcon.colcon_core.shell:Creating package script '/home/leo/ROS/ws/install/2023_AMR/share/2023_AMR/package.bash'
[1.462s] INFO:colcon.colcon_core.shell:Creating package script '/home/leo/ROS/ws/install/2023_AMR/share/2023_AMR/package.zsh'
[1.462s] Level 1:colcon.colcon_core.environment:create_file_with_runtime_dependencies(/home/leo/ROS/ws/install/2023_AMR/share/colcon-core/packages/2023_AMR)
[1.495s] Level 1:colcon.colcon_core.environment:create_environment_scripts_only(2023_AMR)
[1.505s] Level 1:colcon.colcon_core.environment:checking '/home/leo/ROS/ws/install/2023_AMR' for CMake module files
[1.505s] Level 1:colcon.colcon_core.environment:checking '/home/leo/ROS/ws/install/2023_AMR' for CMake config files
[1.505s] Level 1:colcon.colcon_core.shell:create_environment_hook('2023_AMR', 'cmake_prefix_path')
[1.515s] INFO:colcon.colcon_core.shell:Creating environment hook '/home/leo/ROS/ws/install/2023_AMR/share/2023_AMR/hook/cmake_prefix_path.ps1'
[1.516s] INFO:colcon.colcon_core.shell:Creating environment descriptor '/home/leo/ROS/ws/install/2023_AMR/share/2023_AMR/hook/cmake_prefix_path.dsv'
[1.516s] INFO:colcon.colcon_core.shell:Creating environment hook '/home/leo/ROS/ws/install/2023_AMR/share/2023_AMR/hook/cmake_prefix_path.sh'
[1.516s] Level 1:colcon.colcon_core.environment:checking '/home/leo/ROS/ws/install/2023_AMR/bin'
[1.517s] Level 1:colcon.colcon_core.environment:checking '/home/leo/ROS/ws/install/2023_AMR/lib/pkgconfig/2023_AMR.pc'
[1.517s] Level 1:colcon.colcon_core.environment:checking '/home/leo/ROS/ws/install/2023_AMR/lib/python3.10/site-packages'
[1.517s] Level 1:colcon.colcon_core.environment:checking '/home/leo/ROS/ws/install/2023_AMR/bin'
[1.527s] INFO:colcon.colcon_core.shell:Creating package script '/home/leo/ROS/ws/install/2023_AMR/share/2023_AMR/package.ps1'
[1.528s] INFO:colcon.colcon_core.shell:Creating package descriptor '/home/leo/ROS/ws/install/2023_AMR/share/2023_AMR/package.dsv'
[1.528s] INFO:colcon.colcon_core.shell:Creating package script '/home/leo/ROS/ws/install/2023_AMR/share/2023_AMR/package.sh'
[1.528s] INFO:colcon.colcon_core.shell:Creating package script '/home/leo/ROS/ws/install/2023_AMR/share/2023_AMR/package.bash'
[1.529s] INFO:colcon.colcon_core.shell:Creating package script '/home/leo/ROS/ws/install/2023_AMR/share/2023_AMR/package.zsh'
[1.529s] Level 1:colcon.colcon_core.environment:create_file_with_runtime_dependencies(/home/leo/ROS/ws/install/2023_AMR/share/colcon-core/packages/2023_AMR)
[1.529s] DEBUG:colcon.colcon_parallel_executor.executor.parallel:closing loop
[1.529s] DEBUG:colcon.colcon_parallel_executor.executor.parallel:loop closed
[1.530s] DEBUG:colcon.colcon_parallel_executor.executor.parallel:run_until_complete finished with '0'
[1.530s] DEBUG:colcon.colcon_core.event_reactor:joining thread
[1.578s] INFO:colcon.colcon_core.plugin_system:Skipping extension 'colcon_notification.desktop_notification.terminal_notifier': Not used on non-Darwin systems
[1.578s] INFO:colcon.colcon_core.plugin_system:Skipping extension 'colcon_notification.desktop_notification.win32': Not used on non-Windows systems
[1.578s] INFO:colcon.colcon_notification.desktop_notification:Sending desktop notification using 'notify2'
[1.595s] DEBUG:colcon.colcon_core.event_reactor:joined thread
[1.606s] INFO:colcon.colcon_core.shell:Creating prefix script '/home/leo/ROS/ws/install/local_setup.ps1'
[1.607s] INFO:colcon.colcon_core.shell:Creating prefix util module '/home/leo/ROS/ws/install/_local_setup_util_ps1.py'
[1.608s] INFO:colcon.colcon_core.shell:Creating prefix chain script '/home/leo/ROS/ws/install/setup.ps1'
[1.620s] INFO:colcon.colcon_core.shell:Creating prefix script '/home/leo/ROS/ws/install/local_setup.sh'
[1.620s] INFO:colcon.colcon_core.shell:Creating prefix util module '/home/leo/ROS/ws/install/_local_setup_util_sh.py'
[1.621s] INFO:colcon.colcon_core.shell:Creating prefix chain script '/home/leo/ROS/ws/install/setup.sh'
[1.632s] INFO:colcon.colcon_core.shell:Creating prefix script '/home/leo/ROS/ws/install/local_setup.bash'
[1.632s] INFO:colcon.colcon_core.shell:Creating prefix chain script '/home/leo/ROS/ws/install/setup.bash'
[1.643s] INFO:colcon.colcon_core.shell:Creating prefix script '/home/leo/ROS/ws/install/local_setup.zsh'
[1.644s] INFO:colcon.colcon_core.shell:Creating prefix chain script '/home/leo/ROS/ws/install/setup.zsh'
