[0.096s] Invoking command in '/home/leo/ROS/ws/build/2023_AMR_URDF_2': /usr/bin/cmake /home/leo/ROS/ws/src/2023_urdf -DCATKIN_INSTALL_INTO_PREFIX_ROOT=0 -DCMAKE_INSTALL_PREFIX=/home/leo/ROS/ws/install/2023_AMR_URDF_2
[0.119s] [0mCMake Deprecation Warning at CMakeLists.txt:1 (cmake_minimum_required):
[0.119s]   Compatibility with CMake < 2.8.12 will be removed from a future version of
[0.119s]   CMake.
[0.119s] 
[0.119s]   Update the VERSION argument <min> value or use a ...<max> suffix to tell
[0.119s]   CMake that the project does not need compatibility with older versions.
[0.119s] 
[0.120s] [0m
[0.221s] -- The C compiler identification is GNU 11.4.0
[0.312s] -- The CXX compiler identification is GNU 11.4.0
[0.323s] -- Detecting C compiler ABI info
[0.398s] -- Detecting C compiler ABI info - done
[0.405s] -- Check for working C compiler: /usr/bin/cc - skipped
[0.405s] -- Detecting C compile features
[0.405s] -- Detecting C compile features - done
[0.409s] -- Detecting CXX compiler ABI info
[0.495s] -- Detecting CXX compiler ABI info - done
[0.502s] -- Check for working CXX compiler: /usr/bin/c++ - skipped
[0.502s] -- Detecting CXX compile features
[0.503s] -- Detecting CXX compile features - done
[0.516s] [31mCMake Error at CMakeLists.txt:5 (find_package):
[0.516s]   By not providing "Findcatkin.cmake" in CMAKE_MODULE_PATH this project has
[0.516s]   asked CMake to find a package configuration file provided by "catkin", but
[0.517s]   CMake did not find one.
[0.517s] 
[0.517s]   Could not find a package configuration file provided by "catkin" with any
[0.517s]   of the following names:
[0.517s] 
[0.517s]     catkinConfig.cmake
[0.517s]     catkin-config.cmake
[0.517s] 
[0.517s]   Add the installation prefix of "catkin" to CMAKE_PREFIX_PATH or set
[0.517s]   "catkin_DIR" to a directory containing one of the above files.  If "catkin"
[0.517s]   provides a separate development package or SDK, be sure it has been
[0.517s]   installed.
[0.517s] 
[0.517s] [0m
[0.517s] -- Configuring incomplete, errors occurred!
[0.517s] See also "/home/leo/ROS/ws/build/2023_AMR_URDF_2/CMakeFiles/CMakeOutput.log".
[0.520s] Invoked command in '/home/leo/ROS/ws/build/2023_AMR_URDF_2' returned '1': /usr/bin/cmake /home/leo/ROS/ws/src/2023_urdf -DCATKIN_INSTALL_INTO_PREFIX_ROOT=0 -DCMAKE_INSTALL_PREFIX=/home/leo/ROS/ws/install/2023_AMR_URDF_2
