[0.119s] Invoking command in '/home/leo/ROS/build/2023_AMR': CMAKE_PREFIX_PATH=${CMAKE_PREFIX_PATH}:/home/leo/ROS/ws/install/test_py:/opt/ros/humble /usr/bin/cmake /home/leo/ROS/2023_AMR -DCMAKE_INSTALL_PREFIX=/home/leo/ROS/install/2023_AMR
[0.178s] -- The C compiler identification is GNU 11.4.0
[0.237s] -- The CXX compiler identification is GNU 11.4.0
[0.244s] -- Detecting C compiler ABI info
[0.318s] -- Detecting C compiler ABI info - done
[0.326s] -- Check for working C compiler: /usr/bin/cc - skipped
[0.326s] -- Detecting C compile features
[0.327s] -- Detecting C compile features - done
[0.330s] -- Detecting CXX compiler ABI info
[0.418s] -- Detecting CXX compiler ABI info - done
[0.424s] -- Check for working CXX compiler: /usr/bin/c++ - skipped
[0.425s] -- Detecting CXX compile features
[0.425s] -- Detecting CXX compile features - done
[0.427s] -- Found ament_cmake: 1.3.5 (/opt/ros/humble/share/ament_cmake/cmake)
[0.583s] -- Found Python3: /usr/bin/python3.10 (found version "3.10.12") found components: Interpreter 
[0.685s] -- Found ament_lint_auto: 0.12.8 (/opt/ros/humble/share/ament_lint_auto/cmake)
[0.727s] WARNING: Package name "2023_AMR" does not follow the naming conventions. It should start with a lower case letter and only contain lower case letters, digits, underscores, and dashes.
[0.754s] -- Added test 'cppcheck' to perform static code analysis on C / C++ code
[0.754s] -- Configured cppcheck include dirs: 
[0.754s] -- Configured cppcheck exclude dirs and/or files: 
[0.755s] -- Added test 'flake8' to check Python code syntax and style conventions
[0.757s] -- Added test 'lint_cmake' to check CMake code style
[0.758s] -- Added test 'pep257' to check Python code against some of the docstring style conventions in PEP 257
[0.764s] -- Added test 'uncrustify' to check C / C++ code style
[0.764s] -- Configured uncrustify additional arguments: 
[0.765s] -- Added test 'xmllint' to check XML markup files
[0.766s] -- Configuring done
[0.769s] -- Generating done
[0.770s] -- Build files have been written to: /home/leo/ROS/build/2023_AMR
[0.774s] Invoked command in '/home/leo/ROS/build/2023_AMR' returned '0': CMAKE_PREFIX_PATH=${CMAKE_PREFIX_PATH}:/home/leo/ROS/ws/install/test_py:/opt/ros/humble /usr/bin/cmake /home/leo/ROS/2023_AMR -DCMAKE_INSTALL_PREFIX=/home/leo/ROS/install/2023_AMR
[0.777s] Invoking command in '/home/leo/ROS/build/2023_AMR': CMAKE_PREFIX_PATH=${CMAKE_PREFIX_PATH}:/home/leo/ROS/ws/install/test_py:/opt/ros/humble /usr/bin/cmake --build /home/leo/ROS/build/2023_AMR -- -j16 -l16
[0.819s] Invoked command in '/home/leo/ROS/build/2023_AMR' returned '0': CMAKE_PREFIX_PATH=${CMAKE_PREFIX_PATH}:/home/leo/ROS/ws/install/test_py:/opt/ros/humble /usr/bin/cmake --build /home/leo/ROS/build/2023_AMR -- -j16 -l16
[0.853s] Invoking command in '/home/leo/ROS/build/2023_AMR': CMAKE_PREFIX_PATH=${CMAKE_PREFIX_PATH}:/home/leo/ROS/ws/install/test_py:/opt/ros/humble /usr/bin/cmake --install /home/leo/ROS/build/2023_AMR
[0.860s] -- Install configuration: ""
[0.860s] -- Installing: /home/leo/ROS/install/2023_AMR/share/ament_index/resource_index/package_run_dependencies/2023_AMR
[0.860s] -- Installing: /home/leo/ROS/install/2023_AMR/share/ament_index/resource_index/parent_prefix_path/2023_AMR
[0.860s] -- Installing: /home/leo/ROS/install/2023_AMR/share/2023_AMR/environment/ament_prefix_path.sh
[0.860s] -- Installing: /home/leo/ROS/install/2023_AMR/share/2023_AMR/environment/ament_prefix_path.dsv
[0.861s] -- Installing: /home/leo/ROS/install/2023_AMR/share/2023_AMR/environment/path.sh
[0.861s] -- Installing: /home/leo/ROS/install/2023_AMR/share/2023_AMR/environment/path.dsv
[0.861s] -- Installing: /home/leo/ROS/install/2023_AMR/share/2023_AMR/local_setup.bash
[0.861s] -- Installing: /home/leo/ROS/install/2023_AMR/share/2023_AMR/local_setup.sh
[0.861s] -- Installing: /home/leo/ROS/install/2023_AMR/share/2023_AMR/local_setup.zsh
[0.861s] -- Installing: /home/leo/ROS/install/2023_AMR/share/2023_AMR/local_setup.dsv
[0.861s] -- Installing: /home/leo/ROS/install/2023_AMR/share/2023_AMR/package.dsv
[0.862s] -- Installing: /home/leo/ROS/install/2023_AMR/share/ament_index/resource_index/packages/2023_AMR
[0.862s] -- Installing: /home/leo/ROS/install/2023_AMR/share/2023_AMR/cmake/2023_AMRConfig.cmake
[0.862s] -- Installing: /home/leo/ROS/install/2023_AMR/share/2023_AMR/cmake/2023_AMRConfig-version.cmake
[0.862s] -- Installing: /home/leo/ROS/install/2023_AMR/share/2023_AMR/package.xml
[0.865s] Invoked command in '/home/leo/ROS/build/2023_AMR' returned '0': CMAKE_PREFIX_PATH=${CMAKE_PREFIX_PATH}:/home/leo/ROS/ws/install/test_py:/opt/ros/humble /usr/bin/cmake --install /home/leo/ROS/build/2023_AMR
