[0.807s] DEBUG:colcon:Command line arguments: ['/usr/bin/colcon', 'build', '--symlink-install']
[0.807s] DEBUG:colcon:Parsed command line arguments: Namespace(log_base=None, log_level=None, verb_name='build', build_base='build', install_base='install', merge_install=False, symlink_install=True, test_result_base=None, continue_on_error=False, executor='parallel', parallel_workers=16, event_handlers=None, ignore_user_meta=False, metas=['./colcon.meta'], base_paths=['.'], packages_ignore=None, packages_ignore_regex=None, paths=None, packages_up_to=None, packages_up_to_regex=None, packages_above=None, packages_above_and_dependencies=None, packages_above_depth=None, packages_select_by_dep=None, packages_skip_by_dep=None, packages_skip_up_to=None, packages_select_build_failed=False, packages_skip_build_finished=False, packages_select_test_failures=False, packages_skip_test_passed=False, packages_select=None, packages_skip=None, packages_select_regex=None, packages_skip_regex=None, packages_start=None, packages_end=None, allow_overriding=[], cmake_args=None, cmake_target=None, cmake_target_skip_unavailable=False, cmake_clean_cache=False, cmake_clean_first=False, cmake_force_configure=False, ament_cmake_args=None, catkin_cmake_args=None, catkin_skip_building_tests=False, verb_parser=<colcon_defaults.argument_parser.defaults.DefaultArgumentsDecorator object at 0x7f6f15e76320>, verb_extension=<colcon_core.verb.build.BuildVerb object at 0x7f6f160b27d0>, main=<bound method BuildVerb.main of <colcon_core.verb.build.BuildVerb object at 0x7f6f160b27d0>>)
[0.846s] Level 1:colcon.colcon_core.package_discovery:discover_packages(colcon_meta) check parameters
[0.846s] Level 1:colcon.colcon_core.package_discovery:discover_packages(recursive) check parameters
[0.846s] Level 1:colcon.colcon_core.package_discovery:discover_packages(ignore) check parameters
[0.846s] Level 1:colcon.colcon_core.package_discovery:discover_packages(path) check parameters
[0.846s] Level 1:colcon.colcon_core.package_discovery:discover_packages(colcon_meta) discover
[0.846s] Level 1:colcon.colcon_core.package_discovery:discover_packages(recursive) discover
[0.846s] INFO:colcon.colcon_core.package_discovery:Crawling recursively for packages in '/home/leo/ROS'
[0.846s] Level 1:colcon.colcon_core.package_identification:_identify(.) by extensions ['ignore', 'ignore_ament_install']
[0.847s] Level 1:colcon.colcon_core.package_identification:_identify(.) by extension 'ignore'
[0.847s] Level 1:colcon.colcon_core.package_identification:_identify(.) by extension 'ignore_ament_install'
[0.847s] Level 1:colcon.colcon_core.package_identification:_identify(.) by extensions ['colcon_pkg']
[0.847s] Level 1:colcon.colcon_core.package_identification:_identify(.) by extension 'colcon_pkg'
[0.847s] Level 1:colcon.colcon_core.package_identification:_identify(.) by extensions ['colcon_meta']
[0.847s] Level 1:colcon.colcon_core.package_identification:_identify(.) by extension 'colcon_meta'
[0.847s] Level 1:colcon.colcon_core.package_identification:_identify(.) by extensions ['ros']
[0.847s] Level 1:colcon.colcon_core.package_identification:_identify(.) by extension 'ros'
[0.859s] Level 1:colcon.colcon_core.package_identification:_identify(.) by extensions ['cmake', 'python']
[0.859s] Level 1:colcon.colcon_core.package_identification:_identify(.) by extension 'cmake'
[0.859s] Level 1:colcon.colcon_core.package_identification:_identify(.) by extension 'python'
[0.859s] Level 1:colcon.colcon_core.package_identification:_identify(.) by extensions ['python_setup_py']
[0.859s] Level 1:colcon.colcon_core.package_identification:_identify(.) by extension 'python_setup_py'
[0.859s] Level 1:colcon.colcon_core.package_identification:_identify(build) by extensions ['ignore', 'ignore_ament_install']
[0.859s] Level 1:colcon.colcon_core.package_identification:_identify(build) by extension 'ignore'
[0.859s] Level 1:colcon.colcon_core.package_identification:_identify(build) ignored
[0.859s] Level 1:colcon.colcon_core.package_identification:_identify(install) by extensions ['ignore', 'ignore_ament_install']
[0.859s] Level 1:colcon.colcon_core.package_identification:_identify(install) by extension 'ignore'
[0.859s] Level 1:colcon.colcon_core.package_identification:_identify(install) ignored
[0.859s] Level 1:colcon.colcon_core.package_identification:_identify(log) by extensions ['ignore', 'ignore_ament_install']
[0.859s] Level 1:colcon.colcon_core.package_identification:_identify(log) by extension 'ignore'
[0.859s] Level 1:colcon.colcon_core.package_identification:_identify(log) ignored
[0.859s] Level 1:colcon.colcon_core.package_identification:_identify(ws) by extensions ['ignore', 'ignore_ament_install']
[0.859s] Level 1:colcon.colcon_core.package_identification:_identify(ws) by extension 'ignore'
[0.859s] Level 1:colcon.colcon_core.package_identification:_identify(ws) by extension 'ignore_ament_install'
[0.860s] Level 1:colcon.colcon_core.package_identification:_identify(ws) by extensions ['colcon_pkg']
[0.860s] Level 1:colcon.colcon_core.package_identification:_identify(ws) by extension 'colcon_pkg'
[0.860s] Level 1:colcon.colcon_core.package_identification:_identify(ws) by extensions ['colcon_meta']
[0.860s] Level 1:colcon.colcon_core.package_identification:_identify(ws) by extension 'colcon_meta'
[0.860s] Level 1:colcon.colcon_core.package_identification:_identify(ws) by extensions ['ros']
[0.860s] Level 1:colcon.colcon_core.package_identification:_identify(ws) by extension 'ros'
[0.860s] Level 1:colcon.colcon_core.package_identification:_identify(ws) by extensions ['cmake', 'python']
[0.860s] Level 1:colcon.colcon_core.package_identification:_identify(ws) by extension 'cmake'
[0.860s] Level 1:colcon.colcon_core.package_identification:_identify(ws) by extension 'python'
[0.860s] Level 1:colcon.colcon_core.package_identification:_identify(ws) by extensions ['python_setup_py']
[0.860s] Level 1:colcon.colcon_core.package_identification:_identify(ws) by extension 'python_setup_py'
[0.860s] Level 1:colcon.colcon_core.package_identification:_identify(ws/build) by extensions ['ignore', 'ignore_ament_install']
[0.860s] Level 1:colcon.colcon_core.package_identification:_identify(ws/build) by extension 'ignore'
[0.860s] Level 1:colcon.colcon_core.package_identification:_identify(ws/build) ignored
[0.860s] Level 1:colcon.colcon_core.package_identification:_identify(ws/install) by extensions ['ignore', 'ignore_ament_install']
[0.860s] Level 1:colcon.colcon_core.package_identification:_identify(ws/install) by extension 'ignore'
[0.860s] Level 1:colcon.colcon_core.package_identification:_identify(ws/install) ignored
[0.860s] Level 1:colcon.colcon_core.package_identification:_identify(ws/log) by extensions ['ignore', 'ignore_ament_install']
[0.860s] Level 1:colcon.colcon_core.package_identification:_identify(ws/log) by extension 'ignore'
[0.860s] Level 1:colcon.colcon_core.package_identification:_identify(ws/log) ignored
[0.860s] Level 1:colcon.colcon_core.package_identification:_identify(ws/src) by extensions ['ignore', 'ignore_ament_install']
[0.860s] Level 1:colcon.colcon_core.package_identification:_identify(ws/src) by extension 'ignore'
[0.861s] Level 1:colcon.colcon_core.package_identification:_identify(ws/src) by extension 'ignore_ament_install'
[0.861s] Level 1:colcon.colcon_core.package_identification:_identify(ws/src) by extensions ['colcon_pkg']
[0.861s] Level 1:colcon.colcon_core.package_identification:_identify(ws/src) by extension 'colcon_pkg'
[0.861s] Level 1:colcon.colcon_core.package_identification:_identify(ws/src) by extensions ['colcon_meta']
[0.861s] Level 1:colcon.colcon_core.package_identification:_identify(ws/src) by extension 'colcon_meta'
[0.861s] Level 1:colcon.colcon_core.package_identification:_identify(ws/src) by extensions ['ros']
[0.861s] Level 1:colcon.colcon_core.package_identification:_identify(ws/src) by extension 'ros'
[0.861s] Level 1:colcon.colcon_core.package_identification:_identify(ws/src) by extensions ['cmake', 'python']
[0.861s] Level 1:colcon.colcon_core.package_identification:_identify(ws/src) by extension 'cmake'
[0.861s] Level 1:colcon.colcon_core.package_identification:_identify(ws/src) by extension 'python'
[0.861s] Level 1:colcon.colcon_core.package_identification:_identify(ws/src) by extensions ['python_setup_py']
[0.861s] Level 1:colcon.colcon_core.package_identification:_identify(ws/src) by extension 'python_setup_py'
[0.861s] Level 1:colcon.colcon_core.package_identification:_identify(ws/src/2023_AMR) by extensions ['ignore', 'ignore_ament_install']
[0.861s] Level 1:colcon.colcon_core.package_identification:_identify(ws/src/2023_AMR) by extension 'ignore'
[0.861s] Level 1:colcon.colcon_core.package_identification:_identify(ws/src/2023_AMR) by extension 'ignore_ament_install'
[0.861s] Level 1:colcon.colcon_core.package_identification:_identify(ws/src/2023_AMR) by extensions ['colcon_pkg']
[0.861s] Level 1:colcon.colcon_core.package_identification:_identify(ws/src/2023_AMR) by extension 'colcon_pkg'
[0.861s] Level 1:colcon.colcon_core.package_identification:_identify(ws/src/2023_AMR) by extensions ['colcon_meta']
[0.861s] Level 1:colcon.colcon_core.package_identification:_identify(ws/src/2023_AMR) by extension 'colcon_meta'
[0.861s] Level 1:colcon.colcon_core.package_identification:_identify(ws/src/2023_AMR) by extensions ['ros']
[0.861s] Level 1:colcon.colcon_core.package_identification:_identify(ws/src/2023_AMR) by extension 'ros'
[0.864s] DEBUG:colcon.colcon_core.package_identification:Package 'ws/src/2023_AMR' with type 'ros.ament_cmake' and name '2023_AMR'
[0.864s] Level 1:colcon.colcon_core.package_identification:_identify(ws/src/build) by extensions ['ignore', 'ignore_ament_install']
[0.864s] Level 1:colcon.colcon_core.package_identification:_identify(ws/src/build) by extension 'ignore'
[0.864s] Level 1:colcon.colcon_core.package_identification:_identify(ws/src/build) ignored
[0.864s] Level 1:colcon.colcon_core.package_identification:_identify(ws/src/install) by extensions ['ignore', 'ignore_ament_install']
[0.864s] Level 1:colcon.colcon_core.package_identification:_identify(ws/src/install) by extension 'ignore'
[0.864s] Level 1:colcon.colcon_core.package_identification:_identify(ws/src/install) ignored
[0.864s] Level 1:colcon.colcon_core.package_identification:_identify(ws/src/log) by extensions ['ignore', 'ignore_ament_install']
[0.865s] Level 1:colcon.colcon_core.package_identification:_identify(ws/src/log) by extension 'ignore'
[0.865s] Level 1:colcon.colcon_core.package_identification:_identify(ws/src/log) ignored
[0.865s] Level 1:colcon.colcon_core.package_identification:_identify(ws/src/test) by extensions ['ignore', 'ignore_ament_install']
[0.865s] Level 1:colcon.colcon_core.package_identification:_identify(ws/src/test) by extension 'ignore'
[0.865s] Level 1:colcon.colcon_core.package_identification:_identify(ws/src/test) by extension 'ignore_ament_install'
[0.865s] Level 1:colcon.colcon_core.package_identification:_identify(ws/src/test) by extensions ['colcon_pkg']
[0.865s] Level 1:colcon.colcon_core.package_identification:_identify(ws/src/test) by extension 'colcon_pkg'
[0.865s] Level 1:colcon.colcon_core.package_identification:_identify(ws/src/test) by extensions ['colcon_meta']
[0.865s] Level 1:colcon.colcon_core.package_identification:_identify(ws/src/test) by extension 'colcon_meta'
[0.865s] Level 1:colcon.colcon_core.package_identification:_identify(ws/src/test) by extensions ['ros']
[0.865s] Level 1:colcon.colcon_core.package_identification:_identify(ws/src/test) by extension 'ros'
[0.865s] WARNING:colcon.colcon_core.package_identification:ROS package 'test' in 'ws/src/test' has more than one build type
[0.865s] Level 1:colcon.colcon_core.package_identification:_identify(ws/src/test) by extensions ['cmake', 'python']
[0.866s] Level 1:colcon.colcon_core.package_identification:_identify(ws/src/test) by extension 'cmake'
[0.867s] Level 1:colcon.colcon_core.package_identification:_identify(ws/src/test) by extension 'python'
[0.867s] DEBUG:colcon.colcon_core.package_identification:Package 'ws/src/test' with type 'cmake' and name 'test'
[0.867s] Level 1:colcon.colcon_core.package_identification:_identify(ws/src/test_py) by extensions ['ignore', 'ignore_ament_install']
[0.867s] Level 1:colcon.colcon_core.package_identification:_identify(ws/src/test_py) by extension 'ignore'
[0.867s] Level 1:colcon.colcon_core.package_identification:_identify(ws/src/test_py) by extension 'ignore_ament_install'
[0.867s] Level 1:colcon.colcon_core.package_identification:_identify(ws/src/test_py) by extensions ['colcon_pkg']
[0.867s] Level 1:colcon.colcon_core.package_identification:_identify(ws/src/test_py) by extension 'colcon_pkg'
[0.867s] Level 1:colcon.colcon_core.package_identification:_identify(ws/src/test_py) by extensions ['colcon_meta']
[0.867s] Level 1:colcon.colcon_core.package_identification:_identify(ws/src/test_py) by extension 'colcon_meta'
[0.867s] Level 1:colcon.colcon_core.package_identification:_identify(ws/src/test_py) by extensions ['ros']
[0.867s] Level 1:colcon.colcon_core.package_identification:_identify(ws/src/test_py) by extension 'ros'
[0.868s] DEBUG:colcon.colcon_core.package_identification:Package 'ws/src/test_py' with type 'ros.ament_python' and name 'test_py'
[0.868s] Level 1:colcon.colcon_core.package_discovery:discover_packages(recursive) using defaults
[0.868s] Level 1:colcon.colcon_core.package_discovery:discover_packages(ignore) discover
[0.868s] Level 1:colcon.colcon_core.package_discovery:discover_packages(ignore) using defaults
[0.868s] Level 1:colcon.colcon_core.package_discovery:discover_packages(path) discover
[0.868s] Level 1:colcon.colcon_core.package_discovery:discover_packages(path) using defaults
[0.941s] Level 1:colcon.colcon_core.package_discovery:discover_packages(prefix_path) check parameters
[0.941s] Level 1:colcon.colcon_core.package_discovery:discover_packages(prefix_path) discover
[0.964s] DEBUG:colcon.colcon_installed_package_information.package_discovery:Found 4 installed packages in /home/leo/ROS/ws/install
[0.977s] DEBUG:colcon.colcon_installed_package_information.package_discovery:Found 297 installed packages in /opt/ros/humble
[0.978s] Level 1:colcon.colcon_core.package_discovery:discover_packages(prefix_path) using defaults
[1.053s] Level 5:colcon.colcon_core.verb:set package '2023_AMR' build argument 'cmake_args' from command line to 'None'
[1.053s] Level 5:colcon.colcon_core.verb:set package '2023_AMR' build argument 'cmake_target' from command line to 'None'
[1.053s] Level 5:colcon.colcon_core.verb:set package '2023_AMR' build argument 'cmake_target_skip_unavailable' from command line to 'False'
[1.053s] Level 5:colcon.colcon_core.verb:set package '2023_AMR' build argument 'cmake_clean_cache' from command line to 'False'
[1.053s] Level 5:colcon.colcon_core.verb:set package '2023_AMR' build argument 'cmake_clean_first' from command line to 'False'
[1.053s] Level 5:colcon.colcon_core.verb:set package '2023_AMR' build argument 'cmake_force_configure' from command line to 'False'
[1.053s] Level 5:colcon.colcon_core.verb:set package '2023_AMR' build argument 'ament_cmake_args' from command line to 'None'
[1.053s] Level 5:colcon.colcon_core.verb:set package '2023_AMR' build argument 'catkin_cmake_args' from command line to 'None'
[1.053s] Level 5:colcon.colcon_core.verb:set package '2023_AMR' build argument 'catkin_skip_building_tests' from command line to 'False'
[1.053s] DEBUG:colcon.colcon_core.verb:Building package '2023_AMR' with the following arguments: {'ament_cmake_args': None, 'build_base': '/home/leo/ROS/build/2023_AMR', 'catkin_cmake_args': None, 'catkin_skip_building_tests': False, 'cmake_args': None, 'cmake_clean_cache': False, 'cmake_clean_first': False, 'cmake_force_configure': False, 'cmake_target': None, 'cmake_target_skip_unavailable': False, 'install_base': '/home/leo/ROS/install/2023_AMR', 'merge_install': False, 'path': '/home/leo/ROS/ws/src/2023_AMR', 'symlink_install': True, 'test_result_base': None}
[1.064s] Level 5:colcon.colcon_core.verb:set package 'test' build argument 'cmake_args' from command line to 'None'
[1.065s] Level 5:colcon.colcon_core.verb:set package 'test' build argument 'cmake_target' from command line to 'None'
[1.065s] Level 5:colcon.colcon_core.verb:set package 'test' build argument 'cmake_target_skip_unavailable' from command line to 'False'
[1.065s] Level 5:colcon.colcon_core.verb:set package 'test' build argument 'cmake_clean_cache' from command line to 'False'
[1.065s] Level 5:colcon.colcon_core.verb:set package 'test' build argument 'cmake_clean_first' from command line to 'False'
[1.065s] Level 5:colcon.colcon_core.verb:set package 'test' build argument 'cmake_force_configure' from command line to 'False'
[1.065s] Level 5:colcon.colcon_core.verb:set package 'test' build argument 'ament_cmake_args' from command line to 'None'
[1.065s] Level 5:colcon.colcon_core.verb:set package 'test' build argument 'catkin_cmake_args' from command line to 'None'
[1.065s] Level 5:colcon.colcon_core.verb:set package 'test' build argument 'catkin_skip_building_tests' from command line to 'False'
[1.065s] DEBUG:colcon.colcon_core.verb:Building package 'test' with the following arguments: {'ament_cmake_args': None, 'build_base': '/home/leo/ROS/build/test', 'catkin_cmake_args': None, 'catkin_skip_building_tests': False, 'cmake_args': None, 'cmake_clean_cache': False, 'cmake_clean_first': False, 'cmake_force_configure': False, 'cmake_target': None, 'cmake_target_skip_unavailable': False, 'install_base': '/home/leo/ROS/install/test', 'merge_install': False, 'path': '/home/leo/ROS/ws/src/test', 'symlink_install': True, 'test_result_base': None}
[1.076s] Level 5:colcon.colcon_core.verb:set package 'test_py' build argument 'cmake_args' from command line to 'None'
[1.076s] Level 5:colcon.colcon_core.verb:set package 'test_py' build argument 'cmake_target' from command line to 'None'
[1.076s] Level 5:colcon.colcon_core.verb:set package 'test_py' build argument 'cmake_target_skip_unavailable' from command line to 'False'
[1.076s] Level 5:colcon.colcon_core.verb:set package 'test_py' build argument 'cmake_clean_cache' from command line to 'False'
[1.076s] Level 5:colcon.colcon_core.verb:set package 'test_py' build argument 'cmake_clean_first' from command line to 'False'
[1.076s] Level 5:colcon.colcon_core.verb:set package 'test_py' build argument 'cmake_force_configure' from command line to 'False'
[1.076s] Level 5:colcon.colcon_core.verb:set package 'test_py' build argument 'ament_cmake_args' from command line to 'None'
[1.076s] Level 5:colcon.colcon_core.verb:set package 'test_py' build argument 'catkin_cmake_args' from command line to 'None'
[1.076s] Level 5:colcon.colcon_core.verb:set package 'test_py' build argument 'catkin_skip_building_tests' from command line to 'False'
[1.076s] DEBUG:colcon.colcon_core.verb:Building package 'test_py' with the following arguments: {'ament_cmake_args': None, 'build_base': '/home/leo/ROS/build/test_py', 'catkin_cmake_args': None, 'catkin_skip_building_tests': False, 'cmake_args': None, 'cmake_clean_cache': False, 'cmake_clean_first': False, 'cmake_force_configure': False, 'cmake_target': None, 'cmake_target_skip_unavailable': False, 'install_base': '/home/leo/ROS/install/test_py', 'merge_install': False, 'path': '/home/leo/ROS/ws/src/test_py', 'symlink_install': True, 'test_result_base': None}
[1.087s] INFO:colcon.colcon_core.executor:Executing jobs using 'parallel' executor
[1.098s] DEBUG:colcon.colcon_parallel_executor.executor.parallel:run_until_complete
[1.098s] INFO:colcon.colcon_ros.task.ament_cmake.build:Building ROS package in '/home/leo/ROS/ws/src/2023_AMR' with build type 'ament_cmake'
[1.098s] INFO:colcon.colcon_cmake.task.cmake.build:Building CMake package in '/home/leo/ROS/ws/src/2023_AMR'
[1.112s] INFO:colcon.colcon_core.plugin_system:Skipping extension 'colcon_core.shell.bat': Not used on non-Windows systems
[1.112s] INFO:colcon.colcon_core.shell:Skip shell extension 'powershell' for command environment: Not usable outside of PowerShell
[1.112s] DEBUG:colcon.colcon_core.shell:Skip shell extension 'dsv' for command environment
[1.148s] INFO:colcon.colcon_cmake.task.cmake.build:Building CMake package in '/home/leo/ROS/ws/src/test'
[1.160s] INFO:colcon.colcon_core.shell:Skip shell extension 'powershell' for command environment: Not usable outside of PowerShell
[1.160s] DEBUG:colcon.colcon_core.shell:Skip shell extension 'dsv' for command environment
[1.195s] INFO:colcon.colcon_ros.task.ament_python.build:Building ROS package in '/home/leo/ROS/ws/src/test_py' with build type 'ament_python'
[1.196s] Level 1:colcon.colcon_core.shell:create_environment_hook('test_py', 'ament_prefix_path')
[1.208s] INFO:colcon.colcon_core.shell:Creating environment hook '/home/leo/ROS/install/test_py/share/test_py/hook/ament_prefix_path.ps1'
[1.208s] INFO:colcon.colcon_core.shell:Creating environment descriptor '/home/leo/ROS/install/test_py/share/test_py/hook/ament_prefix_path.dsv'
[1.209s] INFO:colcon.colcon_core.shell:Creating environment hook '/home/leo/ROS/install/test_py/share/test_py/hook/ament_prefix_path.sh'
[1.221s] INFO:colcon.colcon_core.shell:Skip shell extension 'powershell' for command environment: Not usable outside of PowerShell
[1.221s] DEBUG:colcon.colcon_core.shell:Skip shell extension 'dsv' for command environment
[1.261s] DEBUG:colcon.colcon_core.event_handler.log_command:Invoking command in '/home/leo/ROS/build/2023_AMR': CMAKE_PREFIX_PATH=${CMAKE_PREFIX_PATH}:/home/leo/ROS/ws/install/test_py:/opt/ros/humble /usr/bin/cmake /home/leo/ROS/ws/src/2023_AMR -DAMENT_CMAKE_SYMLINK_INSTALL=1 -DCMAKE_INSTALL_PREFIX=/home/leo/ROS/install/2023_AMR
[1.264s] DEBUG:colcon.colcon_core.event_handler.log_command:Invoking command in '/home/leo/ROS/build/test': /usr/bin/cmake /home/leo/ROS/ws/src/test -DCMAKE_INSTALL_PREFIX=/home/leo/ROS/install/test
[1.548s] INFO:colcon.colcon_core.task.python.build:Building Python package in '/home/leo/ROS/ws/src/test_py'
[1.561s] INFO:colcon.colcon_core.shell:Skip shell extension 'powershell' for command environment: Not usable outside of PowerShell
[1.561s] DEBUG:colcon.colcon_core.shell:Skip shell extension 'dsv' for command environment
[2.025s] DEBUG:colcon.colcon_core.event_handler.log_command:Invoking command in '/home/leo/ROS/build/test_py': PYTHONPATH=/home/leo/ROS/build/test_py/prefix_override:/home/leo/ROS/install/test_py/lib/python3.10/site-packages:${PYTHONPATH} /usr/bin/python3 setup.py develop --editable --build-directory /home/leo/ROS/build/test_py/build --no-deps install_data
[2.233s] DEBUG:colcon.colcon_core.event_handler.log_command:Invoked command in '/home/leo/ROS/build/2023_AMR' returned '0': CMAKE_PREFIX_PATH=${CMAKE_PREFIX_PATH}:/home/leo/ROS/ws/install/test_py:/opt/ros/humble /usr/bin/cmake /home/leo/ROS/ws/src/2023_AMR -DAMENT_CMAKE_SYMLINK_INSTALL=1 -DCMAKE_INSTALL_PREFIX=/home/leo/ROS/install/2023_AMR
[2.237s] DEBUG:colcon.colcon_core.event_handler.log_command:Invoking command in '/home/leo/ROS/build/2023_AMR': CMAKE_PREFIX_PATH=${CMAKE_PREFIX_PATH}:/home/leo/ROS/ws/install/test_py:/opt/ros/humble /usr/bin/cmake --build /home/leo/ROS/build/2023_AMR -- -j16 -l16
[2.296s] DEBUG:colcon.colcon_core.event_handler.log_command:Invoked command in '/home/leo/ROS/build/2023_AMR' returned '0': CMAKE_PREFIX_PATH=${CMAKE_PREFIX_PATH}:/home/leo/ROS/ws/install/test_py:/opt/ros/humble /usr/bin/cmake --build /home/leo/ROS/build/2023_AMR -- -j16 -l16
[2.347s] DEBUG:colcon.colcon_core.event_handler.log_command:Invoking command in '/home/leo/ROS/build/2023_AMR': CMAKE_PREFIX_PATH=${CMAKE_PREFIX_PATH}:/home/leo/ROS/ws/install/test_py:/opt/ros/humble /usr/bin/cmake --install /home/leo/ROS/build/2023_AMR
[2.552s] Level 1:colcon.colcon_core.shell:create_environment_hook('test_py', 'pythonpath_develop')
[2.553s] DEBUG:colcon.colcon_core.event_handler.log_command:Invoked command in '/home/leo/ROS/build/test_py' returned '0': PYTHONPATH=/home/leo/ROS/build/test_py/prefix_override:/home/leo/ROS/install/test_py/lib/python3.10/site-packages:${PYTHONPATH} /usr/bin/python3 setup.py develop --editable --build-directory /home/leo/ROS/build/test_py/build --no-deps install_data
[2.566s] INFO:colcon.colcon_core.shell:Creating environment hook '/home/leo/ROS/build/test_py/share/test_py/hook/pythonpath_develop.ps1'
[2.566s] INFO:colcon.colcon_core.shell:Creating environment descriptor '/home/leo/ROS/build/test_py/share/test_py/hook/pythonpath_develop.dsv'
[2.566s] INFO:colcon.colcon_core.shell:Creating environment hook '/home/leo/ROS/build/test_py/share/test_py/hook/pythonpath_develop.sh'
[2.580s] Level 1:colcon.colcon_core.environment:checking '/home/leo/ROS/install/test_py' for CMake module files
[2.581s] Level 1:colcon.colcon_core.environment:checking '/home/leo/ROS/install/test_py' for CMake config files
[2.581s] Level 1:colcon.colcon_core.environment:checking '/home/leo/ROS/install/test_py/lib'
[2.581s] Level 1:colcon.colcon_core.environment:checking '/home/leo/ROS/install/test_py/bin'
[2.581s] Level 1:colcon.colcon_core.environment:checking '/home/leo/ROS/install/test_py/lib/pkgconfig/test_py.pc'
[2.582s] Level 1:colcon.colcon_core.environment:checking '/home/leo/ROS/install/test_py/lib/python3.10/site-packages'
[2.582s] Level 1:colcon.colcon_core.shell:create_environment_hook('test_py', 'pythonpath')
[2.593s] INFO:colcon.colcon_core.shell:Creating environment hook '/home/leo/ROS/install/test_py/share/test_py/hook/pythonpath.ps1'
[2.593s] INFO:colcon.colcon_core.shell:Creating environment descriptor '/home/leo/ROS/install/test_py/share/test_py/hook/pythonpath.dsv'
[2.594s] INFO:colcon.colcon_core.shell:Creating environment hook '/home/leo/ROS/install/test_py/share/test_py/hook/pythonpath.sh'
[2.594s] Level 1:colcon.colcon_core.environment:checking '/home/leo/ROS/install/test_py/bin'
[2.594s] Level 1:colcon.colcon_core.environment:create_environment_scripts_only(test_py)
[2.606s] INFO:colcon.colcon_core.shell:Creating package script '/home/leo/ROS/install/test_py/share/test_py/package.ps1'
[2.607s] INFO:colcon.colcon_core.shell:Creating package descriptor '/home/leo/ROS/install/test_py/share/test_py/package.dsv'
[2.608s] INFO:colcon.colcon_core.shell:Creating package script '/home/leo/ROS/install/test_py/share/test_py/package.sh'
[2.608s] INFO:colcon.colcon_core.shell:Creating package script '/home/leo/ROS/install/test_py/share/test_py/package.bash'
[2.609s] INFO:colcon.colcon_core.shell:Creating package script '/home/leo/ROS/install/test_py/share/test_py/package.zsh'
[2.609s] Level 1:colcon.colcon_core.environment:create_file_with_runtime_dependencies(/home/leo/ROS/install/test_py/share/colcon-core/packages/test_py)
[2.611s] Level 1:colcon.colcon_core.environment:create_environment_scripts_only(2023_AMR)
[2.613s] DEBUG:colcon.colcon_core.event_handler.log_command:Invoked command in '/home/leo/ROS/build/2023_AMR' returned '0': CMAKE_PREFIX_PATH=${CMAKE_PREFIX_PATH}:/home/leo/ROS/ws/install/test_py:/opt/ros/humble /usr/bin/cmake --install /home/leo/ROS/build/2023_AMR
[2.627s] Level 1:colcon.colcon_core.environment:checking '/home/leo/ROS/install/2023_AMR' for CMake module files
[2.628s] Level 1:colcon.colcon_core.environment:checking '/home/leo/ROS/install/2023_AMR' for CMake config files
[2.628s] Level 1:colcon.colcon_core.shell:create_environment_hook('2023_AMR', 'cmake_prefix_path')
[2.645s] INFO:colcon.colcon_core.shell:Creating environment hook '/home/leo/ROS/install/2023_AMR/share/2023_AMR/hook/cmake_prefix_path.ps1'
[2.646s] INFO:colcon.colcon_core.shell:Creating environment descriptor '/home/leo/ROS/install/2023_AMR/share/2023_AMR/hook/cmake_prefix_path.dsv'
[2.647s] INFO:colcon.colcon_core.shell:Creating environment hook '/home/leo/ROS/install/2023_AMR/share/2023_AMR/hook/cmake_prefix_path.sh'
[2.648s] Level 1:colcon.colcon_core.environment:checking '/home/leo/ROS/install/2023_AMR/bin'
[2.648s] Level 1:colcon.colcon_core.environment:checking '/home/leo/ROS/install/2023_AMR/lib/pkgconfig/2023_AMR.pc'
[2.649s] Level 1:colcon.colcon_core.environment:checking '/home/leo/ROS/install/2023_AMR/lib/python3.10/site-packages'
[2.649s] Level 1:colcon.colcon_core.environment:checking '/home/leo/ROS/install/2023_AMR/bin'
[2.700s] INFO:colcon.colcon_core.shell:Creating package script '/home/leo/ROS/install/2023_AMR/share/2023_AMR/package.ps1'
[2.702s] INFO:colcon.colcon_core.shell:Creating package descriptor '/home/leo/ROS/install/2023_AMR/share/2023_AMR/package.dsv'
[2.703s] INFO:colcon.colcon_core.shell:Creating package script '/home/leo/ROS/install/2023_AMR/share/2023_AMR/package.sh'
[2.704s] INFO:colcon.colcon_core.shell:Creating package script '/home/leo/ROS/install/2023_AMR/share/2023_AMR/package.bash'
[2.705s] INFO:colcon.colcon_core.shell:Creating package script '/home/leo/ROS/install/2023_AMR/share/2023_AMR/package.zsh'
[2.705s] Level 1:colcon.colcon_core.environment:create_file_with_runtime_dependencies(/home/leo/ROS/install/2023_AMR/share/colcon-core/packages/2023_AMR)
[2.753s] Level 1:colcon.colcon_core.environment:create_environment_scripts_only(2023_AMR)
[2.766s] Level 1:colcon.colcon_core.environment:checking '/home/leo/ROS/install/2023_AMR' for CMake module files
[2.766s] Level 1:colcon.colcon_core.environment:checking '/home/leo/ROS/install/2023_AMR' for CMake config files
[2.766s] Level 1:colcon.colcon_core.shell:create_environment_hook('2023_AMR', 'cmake_prefix_path')
[2.780s] INFO:colcon.colcon_core.shell:Creating environment hook '/home/leo/ROS/install/2023_AMR/share/2023_AMR/hook/cmake_prefix_path.ps1'
[2.781s] INFO:colcon.colcon_core.shell:Creating environment descriptor '/home/leo/ROS/install/2023_AMR/share/2023_AMR/hook/cmake_prefix_path.dsv'
[2.781s] INFO:colcon.colcon_core.shell:Creating environment hook '/home/leo/ROS/install/2023_AMR/share/2023_AMR/hook/cmake_prefix_path.sh'
[2.782s] Level 1:colcon.colcon_core.environment:checking '/home/leo/ROS/install/2023_AMR/bin'
[2.782s] Level 1:colcon.colcon_core.environment:checking '/home/leo/ROS/install/2023_AMR/lib/pkgconfig/2023_AMR.pc'
[2.782s] Level 1:colcon.colcon_core.environment:checking '/home/leo/ROS/install/2023_AMR/lib/python3.10/site-packages'
[2.782s] Level 1:colcon.colcon_core.environment:checking '/home/leo/ROS/install/2023_AMR/bin'
[2.796s] INFO:colcon.colcon_core.shell:Creating package script '/home/leo/ROS/install/2023_AMR/share/2023_AMR/package.ps1'
[2.797s] INFO:colcon.colcon_core.shell:Creating package descriptor '/home/leo/ROS/install/2023_AMR/share/2023_AMR/package.dsv'
[2.799s] INFO:colcon.colcon_core.shell:Creating package script '/home/leo/ROS/install/2023_AMR/share/2023_AMR/package.sh'
[2.800s] INFO:colcon.colcon_core.shell:Creating package script '/home/leo/ROS/install/2023_AMR/share/2023_AMR/package.bash'
[2.801s] INFO:colcon.colcon_core.shell:Creating package script '/home/leo/ROS/install/2023_AMR/share/2023_AMR/package.zsh'
[2.802s] Level 1:colcon.colcon_core.environment:create_file_with_runtime_dependencies(/home/leo/ROS/install/2023_AMR/share/colcon-core/packages/2023_AMR)
[3.241s] DEBUG:colcon.colcon_core.event_handler.log_command:Invoked command in '/home/leo/ROS/build/test' returned '0': /usr/bin/cmake /home/leo/ROS/ws/src/test -DCMAKE_INSTALL_PREFIX=/home/leo/ROS/install/test
[3.244s] DEBUG:colcon.colcon_core.event_handler.log_command:Invoking command in '/home/leo/ROS/build/test': /usr/bin/cmake --build /home/leo/ROS/build/test -- -j16 -l16
[3.594s] DEBUG:colcon.colcon_core.event_handler.log_command:Invoked command in '/home/leo/ROS/build/test' returned '0': /usr/bin/cmake --build /home/leo/ROS/build/test -- -j16 -l16
[3.627s] DEBUG:colcon.colcon_core.event_handler.log_command:Invoking command in '/home/leo/ROS/build/test': /usr/bin/cmake --install /home/leo/ROS/build/test
[3.677s] Level 1:colcon.colcon_core.environment:create_environment_scripts_only(test)
[3.677s] DEBUG:colcon.colcon_core.event_handler.log_command:Invoked command in '/home/leo/ROS/build/test' returned '0': /usr/bin/cmake --install /home/leo/ROS/build/test
[3.688s] Level 1:colcon.colcon_core.environment:checking '/home/leo/ROS/install/test' for CMake module files
[3.689s] Level 1:colcon.colcon_core.environment:checking '/home/leo/ROS/install/test' for CMake config files
[3.689s] Level 1:colcon.colcon_core.shell:create_environment_hook('test', 'cmake_prefix_path')
[3.701s] INFO:colcon.colcon_core.shell:Creating environment hook '/home/leo/ROS/install/test/share/test/hook/cmake_prefix_path.ps1'
[3.701s] INFO:colcon.colcon_core.shell:Creating environment descriptor '/home/leo/ROS/install/test/share/test/hook/cmake_prefix_path.dsv'
[3.702s] INFO:colcon.colcon_core.shell:Creating environment hook '/home/leo/ROS/install/test/share/test/hook/cmake_prefix_path.sh'
[3.702s] Level 1:colcon.colcon_core.environment:checking '/home/leo/ROS/install/test/lib'
[3.702s] Level 1:colcon.colcon_core.environment:checking '/home/leo/ROS/install/test/bin'
[3.702s] Level 1:colcon.colcon_core.environment:checking '/home/leo/ROS/install/test/lib/pkgconfig/test.pc'
[3.703s] Level 1:colcon.colcon_core.environment:checking '/home/leo/ROS/install/test/lib/python3.10/site-packages'
[3.703s] Level 1:colcon.colcon_core.environment:checking '/home/leo/ROS/install/test/bin'
[3.715s] INFO:colcon.colcon_core.shell:Creating package script '/home/leo/ROS/install/test/share/test/package.ps1'
[3.716s] INFO:colcon.colcon_core.shell:Creating package descriptor '/home/leo/ROS/install/test/share/test/package.dsv'
[3.717s] INFO:colcon.colcon_core.shell:Creating package script '/home/leo/ROS/install/test/share/test/package.sh'
[3.717s] INFO:colcon.colcon_core.shell:Creating package script '/home/leo/ROS/install/test/share/test/package.bash'
[3.717s] INFO:colcon.colcon_core.shell:Creating package script '/home/leo/ROS/install/test/share/test/package.zsh'
[3.718s] Level 1:colcon.colcon_core.environment:create_file_with_runtime_dependencies(/home/leo/ROS/install/test/share/colcon-core/packages/test)
[3.718s] DEBUG:colcon.colcon_parallel_executor.executor.parallel:closing loop
[3.718s] DEBUG:colcon.colcon_parallel_executor.executor.parallel:loop closed
[3.718s] DEBUG:colcon.colcon_parallel_executor.executor.parallel:run_until_complete finished with '0'
[3.719s] DEBUG:colcon.colcon_core.event_reactor:joining thread
[3.736s] INFO:colcon.colcon_core.plugin_system:Skipping extension 'colcon_notification.desktop_notification.terminal_notifier': Not used on non-Darwin systems
[3.736s] INFO:colcon.colcon_core.plugin_system:Skipping extension 'colcon_notification.desktop_notification.win32': Not used on non-Windows systems
[3.737s] INFO:colcon.colcon_notification.desktop_notification:Sending desktop notification using 'notify2'
[3.749s] DEBUG:colcon.colcon_core.event_reactor:joined thread
[3.762s] INFO:colcon.colcon_core.shell:Creating prefix script '/home/leo/ROS/install/local_setup.ps1'
[3.762s] INFO:colcon.colcon_core.shell:Creating prefix util module '/home/leo/ROS/install/_local_setup_util_ps1.py'
[3.764s] INFO:colcon.colcon_core.shell:Creating prefix chain script '/home/leo/ROS/install/setup.ps1'
[3.776s] INFO:colcon.colcon_core.shell:Creating prefix script '/home/leo/ROS/install/local_setup.sh'
[3.777s] INFO:colcon.colcon_core.shell:Creating prefix util module '/home/leo/ROS/install/_local_setup_util_sh.py'
[3.778s] INFO:colcon.colcon_core.shell:Creating prefix chain script '/home/leo/ROS/install/setup.sh'
[3.790s] INFO:colcon.colcon_core.shell:Creating prefix script '/home/leo/ROS/install/local_setup.bash'
[3.790s] INFO:colcon.colcon_core.shell:Creating prefix chain script '/home/leo/ROS/install/setup.bash'
[3.803s] INFO:colcon.colcon_core.shell:Creating prefix script '/home/leo/ROS/install/local_setup.zsh'
[3.804s] INFO:colcon.colcon_core.shell:Creating prefix chain script '/home/leo/ROS/install/setup.zsh'
